Archive member included to satisfy reference by file (symbol)

c:\Users\Isaiah\Documents\Arduino\Sketches\Work_Macros\build/core\core.a(cortex_handlers.c.o)
                              (Reset_Handler)
c:\Users\Isaiah\Documents\Arduino\Sketches\Work_Macros\build/core\core.a(delay.c.o)
                              c:\Users\Isaiah\Documents\Arduino\Sketches\Work_Macros\build\libraries\Adafruit_SSD1306\Adafruit_SSD1306.cpp.o (delay)
c:\Users\Isaiah\Documents\Arduino\Sketches\Work_Macros\build/core\core.a(hooks.c.o)
                              c:\Users\Isaiah\Documents\Arduino\Sketches\Work_Macros\build/core\core.a(delay.c.o) (yield)
c:\Users\Isaiah\Documents\Arduino\Sketches\Work_Macros\build/core\core.a(startup.c.o)
                              c:\Users\Isaiah\Documents\Arduino\Sketches\Work_Macros\build/core\core.a(cortex_handlers.c.o) (SystemInit)
c:\Users\Isaiah\Documents\Arduino\Sketches\Work_Macros\build/core\core.a(wiring.c.o)
                              c:\Users\Isaiah\Documents\Arduino\Sketches\Work_Macros\build/core\core.a(startup.c.o) (SystemCoreClock)
c:\Users\Isaiah\Documents\Arduino\Sketches\Work_Macros\build/core\core.a(wiring_analog.c.o)
                              c:\Users\Isaiah\Documents\Arduino\Sketches\Work_Macros\build/core\core.a(wiring.c.o) (analogReference)
c:\Users\Isaiah\Documents\Arduino\Sketches\Work_Macros\build/core\core.a(wiring_digital.c.o)
                              c:\Users\Isaiah\Documents\Arduino\Sketches\Work_Macros\build\libraries\Adafruit_SSD1306\Adafruit_SSD1306.cpp.o (pinMode)
c:\Users\Isaiah\Documents\Arduino\Sketches\Work_Macros\build/core\core.a(wiring_private.c.o)
                              c:\Users\Isaiah\Documents\Arduino\Sketches\Work_Macros\build/core\core.a(wiring_analog.c.o) (mapResolution)
c:\Users\Isaiah\Documents\Arduino\Sketches\Work_Macros\build/core\core.a(Print.cpp.o)
                              c:\Users\Isaiah\Documents\Arduino\Sketches\Work_Macros\build\libraries\Adafruit_SSD1306\Adafruit_SSD1306.cpp.o (Print::write(unsigned char const*, unsigned int))
c:\Users\Isaiah\Documents\Arduino\Sketches\Work_Macros\build/core\core.a(Reset.cpp.o)
                              c:\Users\Isaiah\Documents\Arduino\Sketches\Work_Macros\build/core\core.a(delay.c.o) (tickReset)
c:\Users\Isaiah\Documents\Arduino\Sketches\Work_Macros\build/core\core.a(Retarget.cpp.o)
                              (__wrap__write)
c:\Users\Isaiah\Documents\Arduino\Sketches\Work_Macros\build/core\core.a(SERCOM.cpp.o)
                              c:\Users\Isaiah\Documents\Arduino\Sketches\Work_Macros\build\core\variant.cpp.o (SERCOM::SERCOM(Sercom*))
c:\Users\Isaiah\Documents\Arduino\Sketches\Work_Macros\build/core\core.a(CDC.cpp.o)
                              c:\Users\Isaiah\Documents\Arduino\Sketches\Work_Macros\build\libraries\Adafruit_ZeroDMA\Adafruit_ZeroDMA.cpp.o (SerialUSB)
c:\Users\Isaiah\Documents\Arduino\Sketches\Work_Macros\build/core\core.a(USBCore.cpp.o)
                              c:\Users\Isaiah\Documents\Arduino\Sketches\Work_Macros\build/core\core.a(CDC.cpp.o) (USBDeviceClass::clear(unsigned long))
c:\Users\Isaiah\Documents\Arduino\Sketches\Work_Macros\build/core\core.a(Uart.cpp.o)
                              c:\Users\Isaiah\Documents\Arduino\Sketches\Work_Macros\build\core\variant.cpp.o (Uart::Uart(SERCOM*, unsigned char, unsigned char, SercomRXPad, SercomUartTXPad))
c:\Users\Isaiah\Documents\Arduino\Sketches\Work_Macros\build/core\core.a(abi.cpp.o)
                              c:\Users\Isaiah\Documents\Arduino\Sketches\Work_Macros\build\libraries\Adafruit_GFX_Library\Adafruit_GFX.cpp.o (__cxa_pure_virtual)
c:\Users\Isaiah\Documents\Arduino\Sketches\Work_Macros\build/core\core.a(main.cpp.o)
                              c:/users/isaiah/appdata/local/arduino15/packages/seeeduino/tools/arm-none-eabi-gcc/7-2017q4/bin/../lib/gcc/arm-none-eabi/7.2.1/../../../../arm-none-eabi/lib/thumb/v6-m/crt0.o (main)
c:\Users\Isaiah\Documents\Arduino\Sketches\Work_Macros\build/core\core.a(new.cpp.o)
                              c:\Users\Isaiah\Documents\Arduino\Sketches\Work_Macros\build/core\core.a(USBCore.cpp.o) (operator new(unsigned int))
c:\Users\Isaiah\Documents\Arduino\Sketches\Work_Macros\build/core\core.a(PluggableUSB.cpp.o)
                              c:\Users\Isaiah\Documents\Arduino\Sketches\Work_Macros\build/core\core.a(USBCore.cpp.o) (PluggableUSB_::getInterface(unsigned char*))
c:\Users\Isaiah\Documents\Arduino\Sketches\Work_Macros\build/core\core.a(SAMD21_USBDevice.cpp.o)
                              c:\Users\Isaiah\Documents\Arduino\Sketches\Work_Macros\build/core\core.a(USBCore.cpp.o) (USBDevice_SAMD21G18x::reset())
c:/users/isaiah/appdata/local/arduino15/packages/seeeduino/tools/arm-none-eabi-gcc/7-2017q4/bin/../lib/gcc/arm-none-eabi/7.2.1/../../../../arm-none-eabi/lib/thumb/v6-m\libstdc++_nano.a(del_ops.o)
[...]
Memory Configuration

Name             Origin             Length             Attributes
FLASH            0x00002000         0x0003e000         xr
RAM              0x20000000         0x00008000         xrw
*default*        0x00000000         0xffffffff

Linker script and memory map

LOAD c:/users/isaiah/appdata/local/arduino15/packages/seeeduino/tools/arm-none-eabi-gcc/7-2017q4/bin/../lib/gcc/arm-none-eabi/7.2.1/thumb/v6-m/crti.o
LOAD c:/users/isaiah/appdata/local/arduino15/packages/seeeduino/tools/arm-none-eabi-gcc/7-2017q4/bin/../lib/gcc/arm-none-eabi/7.2.1/thumb/v6-m/crtbegin.o
LOAD c:/users/isaiah/appdata/local/arduino15/packages/seeeduino/tools/arm-none-eabi-gcc/7-2017q4/bin/../lib/gcc/arm-none-eabi/7.2.1/../../../../arm-none-eabi/lib/thumb/v6-m/crt0.o
LOAD c:\Users\Isaiah\Documents\Arduino\Sketches\Work_Macros\build\sketch\Work_Macros.ino.cpp.o
LOAD c:\Users\Isaiah\Documents\Arduino\Sketches\Work_Macros\build\libraries\Adafruit_SSD1306\Adafruit_SSD1306.cpp.o
LOAD c:\Users\Isaiah\Documents\Arduino\Sketches\Work_Macros\build\libraries\Wire\Wire.cpp.o
LOAD c:\Users\Isaiah\Documents\Arduino\Sketches\Work_Macros\build\libraries\SPI\SPI.cpp.o
LOAD c:\Users\Isaiah\Documents\Arduino\Sketches\Work_Macros\build\libraries\Adafruit_ZeroDMA\Adafruit_ZeroDMA.cpp.o
LOAD c:\Users\Isaiah\Documents\Arduino\Sketches\Work_Macros\build\libraries\Adafruit_GFX_Library\glcdfont.c.o
LOAD c:\Users\Isaiah\Documents\Arduino\Sketches\Work_Macros\build\libraries\Adafruit_GFX_Library\Adafruit_GFX.cpp.o
LOAD c:\Users\Isaiah\Documents\Arduino\Sketches\Work_Macros\build\libraries\Adafruit_GFX_Library\Adafruit_SPITFT.cpp.o
LOAD c:\Users\Isaiah\Documents\Arduino\Sketches\Work_Macros\build\core\variant.cpp.o
START GROUP
LOAD C:\Users\Isaiah\AppData\Local\Arduino15\packages\Seeeduino\tools\CMSIS\5.7.0/CMSIS/DSP/Lib/GCC/\libarm_cortexM0l_math.a
LOAD c:/users/isaiah/appdata/local/arduino15/packages/seeeduino/tools/arm-none-eabi-gcc/7-2017q4/bin/../lib/gcc/arm-none-eabi/7.2.1/../../../../arm-none-eabi/lib/thumb/v6-m\libm.a
LOAD c:\Users\Isaiah\Documents\Arduino\Sketches\Work_Macros\build/core\core.a
END GROUP
LOAD c:/users/isaiah/appdata/local/arduino15/packages/seeeduino/tools/arm-none-eabi-gcc/7-2017q4/bin/../lib/gcc/arm-none-eabi/7.2.1/../../../../arm-none-eabi/lib/thumb/v6-m\libstdc++_nano.a
LOAD c:/users/isaiah/appdata/local/arduino15/packages/seeeduino/tools/arm-none-eabi-gcc/7-2017q4/bin/../lib/gcc/arm-none-eabi/7.2.1/../../../../arm-none-eabi/lib/thumb/v6-m\libm.a
START GROUP
LOAD c:/users/isaiah/appdata/local/arduino15/packages/seeeduino/tools/arm-none-eabi-gcc/7-2017q4/bin/../lib/gcc/arm-none-eabi/7.2.1/thumb/v6-m\libgcc.a
LOAD c:/users/isaiah/appdata/local/arduino15/packages/seeeduino/tools/arm-none-eabi-gcc/7-2017q4/bin/../lib/gcc/arm-none-eabi/7.2.1/../../../../arm-none-eabi/lib/thumb/v6-m\libc_nano.a
END GROUP
START GROUP
LOAD c:/users/isaiah/appdata/local/arduino15/packages/seeeduino/tools/arm-none-eabi-gcc/7-2017q4/bin/../lib/gcc/arm-none-eabi/7.2.1/thumb/v6-m\libgcc.a
LOAD c:/users/isaiah/appdata/local/arduino15/packages/seeeduino/tools/arm-none-eabi-gcc/7-2017q4/bin/../lib/gcc/arm-none-eabi/7.2.1/../../../../arm-none-eabi/lib/thumb/v6-m\libc_nano.a
LOAD c:/users/isaiah/appdata/local/arduino15/packages/seeeduino/tools/arm-none-eabi-gcc/7-2017q4/bin/../lib/gcc/arm-none-eabi/7.2.1/../../../../arm-none-eabi/lib/thumb/v6-m\libnosys.a
END GROUP
START GROUP
LOAD c:/users/isaiah/appdata/local/arduino15/packages/seeeduino/tools/arm-none-eabi-gcc/7-2017q4/bin/../lib/gcc/arm-none-eabi/7.2.1/thumb/v6-m\libgcc.a
LOAD c:/users/isaiah/appdata/local/arduino15/packages/seeeduino/tools/arm-none-eabi-gcc/7-2017q4/bin/../lib/gcc/arm-none-eabi/7.2.1/../../../../arm-none-eabi/lib/thumb/v6-m\libc_nano.a
LOAD c:/users/isaiah/appdata/local/arduino15/packages/seeeduino/tools/arm-none-eabi-gcc/7-2017q4/bin/../lib/gcc/arm-none-eabi/7.2.1/../../../../arm-none-eabi/lib/thumb/v6-m\libnosys.a
END GROUP
LOAD c:/users/isaiah/appdata/local/arduino15/packages/seeeduino/tools/arm-none-eabi-gcc/7-2017q4/bin/../lib/gcc/arm-none-eabi/7.2.1/thumb/v6-m/crtend.o
LOAD c:/users/isaiah/appdata/local/arduino15/packages/seeeduino/tools/arm-none-eabi-gcc/7-2017q4/bin/../lib/gcc/arm-none-eabi/7.2.1/thumb/v6-m/crtn.o

.text           0x00002000     0x961c
                0x00002000                __text_start__ = .
 *(.isr_vector)
 .isr_vector    0x00002000       0xb4 c:\Users\Isaiah\Documents\Arduino\Sketches\Work_Macros\build/core\core.a(cortex_handlers.c.o)
                0x00002000                exception_table
 *(.text*)
 .text          0x000020b4       0x48 c:/users/isaiah/appdata/local/arduino15/packages/seeeduino/tools/arm-none-eabi-gcc/7-2017q4/bin/../lib/gcc/arm-none-eabi/7.2.1/thumb/v6-m/crtbegin.o
 .text.setup    0x000020fc        0x2 c:\Users\Isaiah\Documents\Arduino\Sketches\Work_Macros\build\sketch\Work_Macros.ino.cpp.o
                0x000020fc                setup
 .text.loop     0x000020fe        0x2 c:\Users\Isaiah\Documents\Arduino\Sketches\Work_Macros\build\sketch\Work_Macros.ino.cpp.o
                0x000020fe                loop
 .text._ZN5Print17availableForWriteEv
                0x00002100        0x4 c:\Users\Isaiah\Documents\Arduino\Sketches\Work_Macros\build\libraries\Adafruit_SSD1306\Adafruit_SSD1306.cpp.o
                0x00002100                Print::availableForWrite()
 .text._ZN7TwoWire5writeEPKhj
                0x00002104       0x24 c:\Users\Isaiah\Documents\Arduino\Sketches\Work_Macros\build\libraries\Wire\Wire.cpp.o
                0x00002104                TwoWire::write(unsigned char const*, unsigned int)
 .text._ZN7TwoWire5flushEv
                0x00002128        0x2 c:\Users\Isaiah\Documents\Arduino\Sketches\Work_Macros\build\libraries\Wire\Wire.cpp.o
                0x00002128                TwoWire::flush()
 .text._ZN7TwoWire4peekEv
                0x0000212a       0x1a c:\Users\Isaiah\Documents\Arduino\Sketches\Work_Macros\build\libraries\Wire\Wire.cpp.o
                0x0000212a                TwoWire::peek()
 .text._ZN7TwoWire9availableEv
                0x00002144       0x12 c:\Users\Isaiah\Documents\Arduino\Sketches\Work_Macros\build\libraries\Wire\Wire.cpp.o
                0x00002144                TwoWire::available()
 *fill*         0x00002156        0x2 
 .text._ZN7TwoWireC2EP6SERCOMhh
                0x00002158       0x60 c:\Users\Isaiah\Documents\Arduino\Sketches\Work_Macros\build\libraries\Wire\Wire.cpp.o
                0x00002158                TwoWire::TwoWire(SERCOM*, unsigned char, unsigned char)
                0x00002158                TwoWire::TwoWire(SERCOM*, unsigned char, unsigned char)
 .text._ZN11RingBufferNILi256EE10store_charEh
                0x000021b8       0x1a c:\Users\Isaiah\Documents\Arduino\Sketches\Work_Macros\build\libraries\Wire\Wire.cpp.o
                0x000021b8                RingBufferN<256>::store_char(unsigned char)
 .text._ZN7TwoWire5writeEh
                0x000021d2       0x2a c:\Users\Isaiah\Documents\Arduino\Sketches\Work_Macros\build\libraries\Wire\Wire.cpp.o
                0x000021d2                TwoWire::write(unsigned char)
 .text._ZN11RingBufferNILi256EE9read_charEv
                0x000021fc       0x20 c:\Users\Isaiah\Documents\Arduino\Sketches\Work_Macros\build\libraries\Wire\Wire.cpp.o
                0x000021fc                RingBufferN<256>::read_char()
 .text._ZN7TwoWire4readEv
                0x0000221c        0xa c:\Users\Isaiah\Documents\Arduino\Sketches\Work_Macros\build\libraries\Wire\Wire.cpp.o
                0x0000221c                TwoWire::read()
 .text._ZN7TwoWire9onServiceEv
                0x00002226      0x11c c:\Users\Isaiah\Documents\Arduino\Sketches\Work_Macros\build\libraries\Wire\Wire.cpp.o
                0x00002226                TwoWire::onService()
 *fill*         0x00002342        0x2 
 .text.SERCOM2_Handler
                0x00002344       0x10 c:\Users\Isaiah\Documents\Arduino\Sketches\Work_Macros\build\libraries\Wire\Wire.cpp.o
                0x00002344                SERCOM2_Handler
 .text.startup._GLOBAL__sub_I__ZN7TwoWireC2EP6SERCOMhh
                0x00002354       0x18 c:\Users\Isaiah\Documents\Arduino\Sketches\Work_Macros\build\libraries\Wire\Wire.cpp.o
 .text._ZN8SPIClassC2EP6SERCOMhhh14SercomSpiTXPad11SercomRXPad
                0x0000236c       0x74 c:\Users\Isaiah\Documents\Arduino\Sketches\Work_Macros\build\libraries\SPI\SPI.cpp.o
                0x0000236c                SPIClass::SPIClass(SERCOM*, unsigned char, unsigned char, unsigned char, SercomSpiTXPad, SercomRXPad)
                0x0000236c                SPIClass::SPIClass(SERCOM*, unsigned char, unsigned char, unsigned char, SercomSpiTXPad, SercomRXPad)
 .text.startup._GLOBAL__sub_I__ZN8SPIClassC2EP6SERCOMhhh14SercomSpiTXPad11SercomRXPad
                0x000023e0       0x38 c:\Users\Isaiah\Documents\Arduino\Sketches\Work_Macros\build\libraries\SPI\SPI.cpp.o
 .text._ZL22cpu_irq_enter_criticalv
                0x00002418       0x30 c:\Users\Isaiah\Documents\Arduino\Sketches\Work_Macros\build\libraries\Adafruit_ZeroDMA\Adafruit_ZeroDMA.cpp.o
 .text._ZL22cpu_irq_leave_criticalv
                0x00002448       0x2c c:\Users\Isaiah\Documents\Arduino\Sketches\Work_Macros\build\libraries\Adafruit_ZeroDMA\Adafruit_ZeroDMA.cpp.o
 .text._ZN16Adafruit_ZeroDMAC2Ev
                0x00002474       0x22 c:\Users\Isaiah\Documents\Arduino\Sketches\Work_Macros\build\libraries\Adafruit_ZeroDMA\Adafruit_ZeroDMA.cpp.o
                0x00002474                Adafruit_ZeroDMA::Adafruit_ZeroDMA()
                0x00002474                Adafruit_ZeroDMA::Adafruit_ZeroDMA()
 *fill*         0x00002496        0x2 
 .text._ZN16Adafruit_ZeroDMA11_IRQhandlerEh
                0x00002498       0x44 c:\Users\Isaiah\Documents\Arduino\Sketches\Work_Macros\build\libraries\Adafruit_ZeroDMA\Adafruit_ZeroDMA.cpp.o
                0x00002498                Adafruit_ZeroDMA::_IRQhandler(unsigned char)
 .text.DMAC_Handler
                0x000024dc       0x48 c:\Users\Isaiah\Documents\Arduino\Sketches\Work_Macros\build\libraries\Adafruit_ZeroDMA\Adafruit_ZeroDMA.cpp.o
                0x000024dc                DMAC_Handler
 .text.SERCOM4_Handler
                0x00002524       0x10 c:\Users\Isaiah\Documents\Arduino\Sketches\Work_Macros\build\core\variant.cpp.o
                0x00002524                SERCOM4_Handler
 .text.startup._GLOBAL__sub_I_g_APinDescription
                0x00002534       0x80 c:\Users\Isaiah\Documents\Arduino\Sketches\Work_Macros\build\core\variant.cpp.o
 .text.Dummy_Handler
                0x000025b4        0x2 c:\Users\Isaiah\Documents\Arduino\Sketches\Work_Macros\build/core\core.a(cortex_handlers.c.o)
                0x000025b4                HardFault_Handler
                0x000025b4                AC_Handler
                0x000025b4                PendSV_Handler
                0x000025b4                NMI_Handler
                0x000025b4                TC7_Handler
                0x000025b4                SERCOM1_Handler
                0x000025b4                ADC_Handler
                0x000025b4                TCC1_Handler
                0x000025b4                TCC0_Handler
                0x000025b4                RTC_Handler
                0x000025b4                EIC_Handler
                0x000025b4                TC6_Handler
                0x000025b4                WDT_Handler
                0x000025b4                TC4_Handler
                0x000025b4                TC3_Handler
                0x000025b4                Dummy_Handler
                0x000025b4                PM_Handler
                0x000025b4                SERCOM5_Handler
                0x000025b4                SVC_Handler
                0x000025b4                TCC2_Handler
                0x000025b4                EVSYS_Handler
                0x000025b4                SERCOM3_Handler
                0x000025b4                I2S_Handler
                0x000025b4                NVMCTRL_Handler
                0x000025b4                SERCOM0_Handler
                0x000025b4                DAC_Handler
                0x000025b4                PTC_Handler
                0x000025b4                SYSCTRL_Handler
 *fill*         0x000025b6        0x2 
 .text.USB_Handler
                0x000025b8       0x14 c:\Users\Isaiah\Documents\Arduino\Sketches\Work_Macros\build/core\core.a(cortex_handlers.c.o)
                0x000025b8                USB_Handler
 .text.Reset_Handler
                0x000025cc       0x54 c:\Users\Isaiah\Documents\Arduino\Sketches\Work_Macros\build/core\core.a(cortex_handlers.c.o)
                0x000025cc                Reset_Handler
 .text.SysTick_Handler
                0x00002620       0x10 c:\Users\Isaiah\Documents\Arduino\Sketches\Work_Macros\build/core\core.a(cortex_handlers.c.o)
                0x00002620                SysTick_Handler
 .text.USB_SetHandler
                0x00002630        0xc c:\Users\Isaiah\Documents\Arduino\Sketches\Work_Macros\build/core\core.a(cortex_handlers.c.o)
                0x00002630                USB_SetHandler
 .text.micros   0x0000263c       0x60 c:\Users\Isaiah\Documents\Arduino\Sketches\Work_Macros\build/core\core.a(delay.c.o)
                0x0000263c                micros
 .text._real_delay
                0x0000269c       0x30 c:\Users\Isaiah\Documents\Arduino\Sketches\Work_Macros\build/core\core.a(delay.c.o)
                0x0000269c                _real_delay
                0x0000269c                delay
 .text.SysTick_DefaultHandler
                0x000026cc       0x14 c:\Users\Isaiah\Documents\Arduino\Sketches\Work_Macros\build/core\core.a(delay.c.o)
                0x000026cc                SysTick_DefaultHandler
 .text.__empty  0x000026e0        0x2 c:\Users\Isaiah\Documents\Arduino\Sketches\Work_Macros\build/core\core.a(hooks.c.o)
                0x000026e0                yield
 .text.__false  0x000026e2        0x4 c:\Users\Isaiah\Documents\Arduino\Sketches\Work_Macros\build/core\core.a(hooks.c.o)
                0x000026e2                sysTickHook
 *fill*         0x000026e6        0x2 
 .text.SystemInit
                0x000026e8      0x160 c:\Users\Isaiah\Documents\Arduino\Sketches\Work_Macros\build/core\core.a(startup.c.o)
                0x000026e8                SystemInit
 .text.init     0x00002848       0xe0 c:\Users\Isaiah\Documents\Arduino\Sketches\Work_Macros\build/core\core.a(wiring.c.o)
                0x00002848                init
 .text.analogReference
                0x00002928       0x88 c:\Users\Isaiah\Documents\Arduino\Sketches\Work_Macros\build/core\core.a(wiring_analog.c.o)
                0x00002928                analogReference
 .text.pinMode  0x000029b0       0x60 c:\Users\Isaiah\Documents\Arduino\Sketches\Work_Macros\build/core\core.a(wiring_digital.c.o)
                0x000029b0                pinMode
 .text.digitalWrite
                0x00002a10       0x58 c:\Users\Isaiah\Documents\Arduino\Sketches\Work_Macros\build/core\core.a(wiring_digital.c.o)
                0x00002a10                digitalWrite
 .text.pinPeripheral
                0x00002a68       0xc4 c:\Users\Isaiah\Documents\Arduino\Sketches\Work_Macros\build/core\core.a(wiring_private.c.o)
                0x00002a68                pinPeripheral
 .text._ZN5Print5writeEPKhj
                0x00002b2c       0x28 c:\Users\Isaiah\Documents\Arduino\Sketches\Work_Macros\build/core\core.a(Print.cpp.o)
                0x00002b2c                Print::write(unsigned char const*, unsigned int)
 .text.initiateReset
                0x00002b54        0xc c:\Users\Isaiah\Documents\Arduino\Sketches\Work_Macros\build/core\core.a(Reset.cpp.o)
                0x00002b54                initiateReset
 .text.cancelReset
                0x00002b60       0x10 c:\Users\Isaiah\Documents\Arduino\Sketches\Work_Macros\build/core\core.a(Reset.cpp.o)
                0x00002b60                cancelReset
 .text.tickReset
                0x00002b70       0x78 c:\Users\Isaiah\Documents\Arduino\Sketches\Work_Macros\build/core\core.a(Reset.cpp.o)
                0x00002b70                tickReset
 .text.__wrap__write
                0x00002be8        0x4 c:\Users\Isaiah\Documents\Arduino\Sketches\Work_Macros\build/core\core.a(Retarget.cpp.o)
                0x00002be8                __wrap__write
 .text._ZN6SERCOMC2EP6Sercom
                0x00002bec        0x4 c:\Users\Isaiah\Documents\Arduino\Sketches\Work_Macros\build/core\core.a(SERCOM.cpp.o)
                0x00002bec                SERCOM::SERCOM(Sercom*)
                0x00002bec                SERCOM::SERCOM(Sercom*)
 .text._ZN6SERCOM9initFrameE18SercomUartCharSize15SercomDataOrder16SercomParityMode19SercomNumberStopBit
                0x00002bf0       0x3a c:\Users\Isaiah\Documents\Arduino\Sketches\Work_Macros\build/core\core.a(SERCOM.cpp.o)
                0x00002bf0                SERCOM::initFrame(SercomUartCharSize, SercomDataOrder, SercomParityMode, SercomNumberStopBit)
 .text._ZN6SERCOM8initPadsE15SercomUartTXPad11SercomRXPad
                0x00002c2a       0x26 c:\Users\Isaiah\Documents\Arduino\Sketches\Work_Macros\build/core\core.a(SERCOM.cpp.o)
                0x00002c2a                SERCOM::initPads(SercomUartTXPad, SercomRXPad)
 .text._ZN6SERCOM9resetUARTEv
                0x00002c50       0x1a c:\Users\Isaiah\Documents\Arduino\Sketches\Work_Macros\build/core\core.a(SERCOM.cpp.o)
                0x00002c50                SERCOM::resetUART()
 .text._ZN6SERCOM10enableUARTEv
                0x00002c6a       0x14 c:\Users\Isaiah\Documents\Arduino\Sketches\Work_Macros\build/core\core.a(SERCOM.cpp.o)
                0x00002c6a                SERCOM::enableUART()
 .text._ZN6SERCOM9flushUARTEv
                0x00002c7e       0x10 c:\Users\Isaiah\Documents\Arduino\Sketches\Work_Macros\build/core\core.a(SERCOM.cpp.o)
                0x00002c7e                SERCOM::flushUART()
 .text._ZN6SERCOM15clearStatusUARTEv
                0x00002c8e        0x8 c:\Users\Isaiah\Documents\Arduino\Sketches\Work_Macros\build/core\core.a(SERCOM.cpp.o)
                0x00002c8e                SERCOM::clearStatusUART()
 .text._ZN6SERCOM17availableDataUARTEv
                0x00002c96        0xa c:\Users\Isaiah\Documents\Arduino\Sketches\Work_Macros\build/core\core.a(SERCOM.cpp.o)
                0x00002c96                SERCOM::availableDataUART()
 .text._ZN6SERCOM11isUARTErrorEv
                0x00002ca0        0x8 c:\Users\Isaiah\Documents\Arduino\Sketches\Work_Macros\build/core\core.a(SERCOM.cpp.o)
                0x00002ca0                SERCOM::isUARTError()
 .text._ZN6SERCOM20acknowledgeUARTErrorEv
                0x00002ca8        0xe c:\Users\Isaiah\Documents\Arduino\Sketches\Work_Macros\build/core\core.a(SERCOM.cpp.o)
                0x00002ca8                SERCOM::acknowledgeUARTError()
 .text._ZN6SERCOM16isFrameErrorUARTEv
                0x00002cb6        0xa c:\Users\Isaiah\Documents\Arduino\Sketches\Work_Macros\build/core\core.a(SERCOM.cpp.o)
                0x00002cb6                SERCOM::isFrameErrorUART()
 .text._ZN6SERCOM19clearFrameErrorUARTEv
                0x00002cc0        0xc c:\Users\Isaiah\Documents\Arduino\Sketches\Work_Macros\build/core\core.a(SERCOM.cpp.o)
                0x00002cc0                SERCOM::clearFrameErrorUART()
 .text._ZN6SERCOM23isDataRegisterEmptyUARTEv
                0x00002ccc        0xa c:\Users\Isaiah\Documents\Arduino\Sketches\Work_Macros\build/core\core.a(SERCOM.cpp.o)
                0x00002ccc                SERCOM::isDataRegisterEmptyUART()
 .text._ZN6SERCOM12readDataUARTEv
                0x00002cd6        0x8 c:\Users\Isaiah\Documents\Arduino\Sketches\Work_Macros\build/core\core.a(SERCOM.cpp.o)
                0x00002cd6                SERCOM::readDataUART()
 .text._ZN6SERCOM13writeDataUARTEh
                0x00002cde       0x10 c:\Users\Isaiah\Documents\Arduino\Sketches\Work_Macros\build/core\core.a(SERCOM.cpp.o)
                0x00002cde                SERCOM::writeDataUART(unsigned char)
 .text._ZN6SERCOM36enableDataRegisterEmptyInterruptUARTEv
                0x00002cee        0x8 c:\Users\Isaiah\Documents\Arduino\Sketches\Work_Macros\build/core\core.a(SERCOM.cpp.o)
                0x00002cee                SERCOM::enableDataRegisterEmptyInterruptUART()
 .text._ZN6SERCOM37disableDataRegisterEmptyInterruptUARTEv
                0x00002cf6        0x8 c:\Users\Isaiah\Documents\Arduino\Sketches\Work_Macros\build/core\core.a(SERCOM.cpp.o)
                0x00002cf6                SERCOM::disableDataRegisterEmptyInterruptUART()
 .text._ZN6SERCOM18prepareNackBitWIREEv
                0x00002cfe       0x10 c:\Users\Isaiah\Documents\Arduino\Sketches\Work_Macros\build/core\core.a(SERCOM.cpp.o)
                0x00002cfe                SERCOM::prepareNackBitWIRE()
 *fill*         0x00002d0e        0x2 
 .text._ZN6SERCOM17prepareAckBitWIREEv
                0x00002d10       0x14 c:\Users\Isaiah\Documents\Arduino\Sketches\Work_Macros\build/core\core.a(SERCOM.cpp.o)
                0x00002d10                SERCOM::prepareAckBitWIRE()
 .text._ZN6SERCOM22prepareCommandBitsWireEh
                0x00002d24       0x2c c:\Users\Isaiah\Documents\Arduino\Sketches\Work_Macros\build/core\core.a(SERCOM.cpp.o)
                0x00002d24                SERCOM::prepareCommandBitsWire(unsigned char)
 .text._ZN6SERCOM17sendDataSlaveWIREEh
                0x00002d50       0x1c c:\Users\Isaiah\Documents\Arduino\Sketches\Work_Macros\build/core\core.a(SERCOM.cpp.o)
                0x00002d50                SERCOM::sendDataSlaveWIRE(unsigned char)
 .text._ZN6SERCOM11isSlaveWIREEv
                0x00002d6c       0x12 c:\Users\Isaiah\Documents\Arduino\Sketches\Work_Macros\build/core\core.a(SERCOM.cpp.o)
                0x00002d6c                SERCOM::isSlaveWIRE()
 .text._ZN6SERCOM15isDataReadyWIREEv
                0x00002d7e        0xa c:\Users\Isaiah\Documents\Arduino\Sketches\Work_Macros\build/core\core.a(SERCOM.cpp.o)
                0x00002d7e                SERCOM::isDataReadyWIRE()
 .text._ZN6SERCOM18isStopDetectedWIREEv
                0x00002d88        0xa c:\Users\Isaiah\Documents\Arduino\Sketches\Work_Macros\build/core\core.a(SERCOM.cpp.o)
                0x00002d88                SERCOM::isStopDetectedWIRE()
 .text._ZN6SERCOM21isRestartDetectedWIREEv
                0x00002d92        0xa c:\Users\Isaiah\Documents\Arduino\Sketches\Work_Macros\build/core\core.a(SERCOM.cpp.o)
                0x00002d92                SERCOM::isRestartDetectedWIRE()
 .text._ZN6SERCOM14isAddressMatchEv
                0x00002d9c        0xa c:\Users\Isaiah\Documents\Arduino\Sketches\Work_Macros\build/core\core.a(SERCOM.cpp.o)
                0x00002d9c                SERCOM::isAddressMatch()
 .text._ZN6SERCOM25isMasterReadOperationWIREEv
                0x00002da6        0xa c:\Users\Isaiah\Documents\Arduino\Sketches\Work_Macros\build/core\core.a(SERCOM.cpp.o)
                0x00002da6                SERCOM::isMasterReadOperationWIRE()
 .text._ZN6SERCOM12readDataWIREEv
                0x00002db0       0x1a c:\Users\Isaiah\Documents\Arduino\Sketches\Work_Macros\build/core\core.a(SERCOM.cpp.o)
                0x00002db0                SERCOM::readDataWIRE()
 *fill*         0x00002dca        0x2 
 .text._ZN6SERCOM14getSercomIndexEv
                0x00002dcc       0x5c c:\Users\Isaiah\Documents\Arduino\Sketches\Work_Macros\build/core\core.a(SERCOM.cpp.o)
                0x00002dcc                SERCOM::getSercomIndex()
 .text._ZN6SERCOM13initClockNVICEv
                0x00002e28       0x90 c:\Users\Isaiah\Documents\Arduino\Sketches\Work_Macros\build/core\core.a(SERCOM.cpp.o)
                0x00002e28                SERCOM::initClockNVIC()
 .text._ZN6SERCOM8initUARTE14SercomUartMode20SercomUartSampleRatem
                0x00002eb8       0x6c c:\Users\Isaiah\Documents\Arduino\Sketches\Work_Macros\build/core\core.a(SERCOM.cpp.o)
                0x00002eb8                SERCOM::initUART(SercomUartMode, SercomUartSampleRate, unsigned long)
 .text._ZN7Serial_17availableForWriteEv
                0x00002f24        0x4 c:\Users\Isaiah\Documents\Arduino\Sketches\Work_Macros\build/core\core.a(CDC.cpp.o)
                0x00002f24                Serial_::availableForWrite()
 .text._ZN7Serial_5writeEh
                0x00002f28       0x14 c:\Users\Isaiah\Documents\Arduino\Sketches\Work_Macros\build/core\core.a(CDC.cpp.o)
                0x00002f28                Serial_::write(unsigned char)
 .text._ZN7Serial_9availableEv
                0x00002f3c       0x1c c:\Users\Isaiah\Documents\Arduino\Sketches\Work_Macros\build/core\core.a(CDC.cpp.o)
                0x00002f3c                Serial_::available()
 .text._ZN7Serial_5flushEv
                0x00002f58        0xc c:\Users\Isaiah\Documents\Arduino\Sketches\Work_Macros\build/core\core.a(CDC.cpp.o)
                0x00002f58                Serial_::flush()
 .text._ZN7Serial_5clearEv
                0x00002f64        0xc c:\Users\Isaiah\Documents\Arduino\Sketches\Work_Macros\build/core\core.a(CDC.cpp.o)
                0x00002f64                Serial_::clear()
 .text._ZN7Serial_4peekEv
                0x00002f70       0x1c c:\Users\Isaiah\Documents\Arduino\Sketches\Work_Macros\build/core\core.a(CDC.cpp.o)
                0x00002f70                Serial_::peek()
 .text._ZN7Serial_4readEv
                0x00002f8c       0x24 c:\Users\Isaiah\Documents\Arduino\Sketches\Work_Macros\build/core\core.a(CDC.cpp.o)
                0x00002f8c                Serial_::read()
 .text._ZN7Serial_5writeEPKhj
                0x00002fb0       0x30 c:\Users\Isaiah\Documents\Arduino\Sketches\Work_Macros\build/core\core.a(CDC.cpp.o)
                0x00002fb0                Serial_::write(unsigned char const*, unsigned int)
 .text._Z16CDC_GetInterfacePh
                0x00002fe0       0x1c c:\Users\Isaiah\Documents\Arduino\Sketches\Work_Macros\build/core\core.a(CDC.cpp.o)
                0x00002fe0                CDC_GetInterface(unsigned char*)
 .text._Z9CDC_SetupR8USBSetup
                0x00002ffc       0x7c c:\Users\Isaiah\Documents\Arduino\Sketches\Work_Macros\build/core\core.a(CDC.cpp.o)
                0x00002ffc                CDC_Setup(USBSetup&)
 .text.startup._GLOBAL__sub_I__Z17_CDC_GetInterfacev
                0x00003078       0x28 c:\Users\Isaiah\Documents\Arduino\Sketches\Work_Macros\build/core\core.a(CDC.cpp.o)
 .text._ZN26DoubleBufferedEPOutHandlerD2Ev
                0x000030a0        0x2 c:\Users\Isaiah\Documents\Arduino\Sketches\Work_Macros\build/core\core.a(USBCore.cpp.o)
                0x000030a0                DoubleBufferedEPOutHandler::~DoubleBufferedEPOutHandler()
                0x000030a0                DoubleBufferedEPOutHandler::~DoubleBufferedEPOutHandler()
 .text._ZN26DoubleBufferedEPOutHandler4initEv
                0x000030a2        0x2 c:\Users\Isaiah\Documents\Arduino\Sketches\Work_Macros\build/core\core.a(USBCore.cpp.o)
                0x000030a2                DoubleBufferedEPOutHandler::init()
 .text._ZL5utox8mPc
                0x000030a4       0x24 c:\Users\Isaiah\Documents\Arduino\Sketches\Work_Macros\build/core\core.a(USBCore.cpp.o)
 .text._ZN26DoubleBufferedEPOutHandlerD0Ev
                0x000030c8       0x10 c:\Users\Isaiah\Documents\Arduino\Sketches\Work_Macros\build/core\core.a(USBCore.cpp.o)
                0x000030c8                DoubleBufferedEPOutHandler::~DoubleBufferedEPOutHandler()
 .text._ZN14USBDeviceClass6initEPEmm.part.8
                0x000030d8       0xe0 c:\Users\Isaiah\Documents\Arduino\Sketches\Work_Macros\build/core\core.a(USBCore.cpp.o)
 .text._ZN7__GuardC2Ev
                0x000031b8        0xe c:\Users\Isaiah\Documents\Arduino\Sketches\Work_Macros\build/core\core.a(USBCore.cpp.o)
                0x000031b8                __Guard::__Guard()
                0x000031b8                __Guard::__Guard()
 .text._ZN7__GuardD2Ev
                0x000031c6        0xe c:\Users\Isaiah\Documents\Arduino\Sketches\Work_Macros\build/core\core.a(USBCore.cpp.o)
                0x000031c6                __Guard::~__Guard()
                0x000031c6                __Guard::~__Guard()
 .text._ZNK26DoubleBufferedEPOutHandler10_availableEv
                0x000031d4       0x6a c:\Users\Isaiah\Documents\Arduino\Sketches\Work_Macros\build/core\core.a(USBCore.cpp.o)
                0x000031d4                DoubleBufferedEPOutHandler::_available() const
 *fill*         0x0000323e        0x2 
 .text._ZN26DoubleBufferedEPOutHandler7releaseEv
                0x00003240       0x3c c:\Users\Isaiah\Documents\Arduino\Sketches\Work_Macros\build/core\core.a(USBCore.cpp.o)
                0x00003240                DoubleBufferedEPOutHandler::release()
 .text._ZN26DoubleBufferedEPOutHandler14handleEndpointEv
                0x0000327c       0xdc c:\Users\Isaiah\Documents\Arduino\Sketches\Work_Macros\build/core\core.a(USBCore.cpp.o)
                0x0000327c                DoubleBufferedEPOutHandler::handleEndpoint()
 .text._ZN26DoubleBufferedEPOutHandler5_recvEv
                0x00003358      0x184 c:\Users\Isaiah\Documents\Arduino\Sketches\Work_Macros\build/core\core.a(USBCore.cpp.o)
                0x00003358                DoubleBufferedEPOutHandler::_recv()
 .text._ZN26DoubleBufferedEPOutHandler4peekEv
                0x000034dc       0x22 c:\Users\Isaiah\Documents\Arduino\Sketches\Work_Macros\build/core\core.a(USBCore.cpp.o)
                0x000034dc                DoubleBufferedEPOutHandler::peek()
 .text._ZN26DoubleBufferedEPOutHandler9availableEv
                0x000034fe       0x18 c:\Users\Isaiah\Documents\Arduino\Sketches\Work_Macros\build/core\core.a(USBCore.cpp.o)
                0x000034fe                DoubleBufferedEPOutHandler::available()
 .text._ZN26DoubleBufferedEPOutHandler4recvEPvm
                0x00003516       0x72 c:\Users\Isaiah\Documents\Arduino\Sketches\Work_Macros\build/core\core.a(USBCore.cpp.o)
                0x00003516                DoubleBufferedEPOutHandler::recv(void*, unsigned long)
 .text._ZN14USBDeviceClass14SendInterfacesEPm
                0x00003588       0x2c c:\Users\Isaiah\Documents\Arduino\Sketches\Work_Macros\build/core\core.a(USBCore.cpp.o)
                0x00003588                USBDeviceClass::SendInterfaces(unsigned long*)
 .text._ZN14USBDeviceClass14handleEndpointEh
                0x000035b4       0x48 c:\Users\Isaiah\Documents\Arduino\Sketches\Work_Macros\build/core\core.a(USBCore.cpp.o)
                0x000035b4                USBDeviceClass::handleEndpoint(unsigned char)
 .text._ZN14USBDeviceClass4initEv
                0x000035fc      0x110 c:\Users\Isaiah\Documents\Arduino\Sketches\Work_Macros\build/core\core.a(USBCore.cpp.o)
                0x000035fc                USBDeviceClass::init()
 .text._ZN14USBDeviceClass6attachEv
                0x0000370c       0x34 c:\Users\Isaiah\Documents\Arduino\Sketches\Work_Macros\build/core\core.a(USBCore.cpp.o)
                0x0000370c                USBDeviceClass::attach()
 .text._ZN14USBDeviceClass10setAddressEm
                0x00003740       0x48 c:\Users\Isaiah\Documents\Arduino\Sketches\Work_Macros\build/core\core.a(USBCore.cpp.o)
                0x00003740                USBDeviceClass::setAddress(unsigned long)
 .text._ZN14USBDeviceClass25handleClassInterfaceSetupER8USBSetup
                0x00003788       0x44 c:\Users\Isaiah\Documents\Arduino\Sketches\Work_Macros\build/core\core.a(USBCore.cpp.o)
                0x00003788                USBDeviceClass::handleClassInterfaceSetup(USBSetup&)
 .text._ZN14USBDeviceClass6initEPEmm
                0x000037cc      0x12c c:\Users\Isaiah\Documents\Arduino\Sketches\Work_Macros\build/core\core.a(USBCore.cpp.o)
                0x000037cc                USBDeviceClass::initEP(unsigned long, unsigned long)
 .text._ZN14USBDeviceClass13initEndpointsEv
                0x000038f8       0x24 c:\Users\Isaiah\Documents\Arduino\Sketches\Work_Macros\build/core\core.a(USBCore.cpp.o)
                0x000038f8                USBDeviceClass::initEndpoints()
 .text._ZN14USBDeviceClass5clearEm
                0x0000391c       0x38 c:\Users\Isaiah\Documents\Arduino\Sketches\Work_Macros\build/core\core.a(USBCore.cpp.o)
                0x0000391c                USBDeviceClass::clear(unsigned long)
 .text._ZN14USBDeviceClass9availableEm
                0x00003954       0x2c c:\Users\Isaiah\Documents\Arduino\Sketches\Work_Macros\build/core\core.a(USBCore.cpp.o)
                0x00003954                USBDeviceClass::available(unsigned long)
 .text._ZN14USBDeviceClass5flushEm
                0x00003980       0x2c c:\Users\Isaiah\Documents\Arduino\Sketches\Work_Macros\build/core\core.a(USBCore.cpp.o)
                0x00003980                USBDeviceClass::flush(unsigned long)
 .text._ZN14USBDeviceClass14armRecvCtrlOUTEm
                0x000039ac       0x5c c:\Users\Isaiah\Documents\Arduino\Sketches\Work_Macros\build/core\core.a(USBCore.cpp.o)
                0x000039ac                USBDeviceClass::armRecvCtrlOUT(unsigned long)
 .text._ZN14USBDeviceClass11recvControlEPvm
                0x00003a08       0x3c c:\Users\Isaiah\Documents\Arduino\Sketches\Work_Macros\build/core\core.a(USBCore.cpp.o)
                0x00003a08                USBDeviceClass::recvControl(void*, unsigned long)
 .text._ZN14USBDeviceClass7armRecvEm
                0x00003a44       0x38 c:\Users\Isaiah\Documents\Arduino\Sketches\Work_Macros\build/core\core.a(USBCore.cpp.o)
                0x00003a44                USBDeviceClass::armRecv(unsigned long)
 .text._ZN14USBDeviceClass4recvEmPvm
                0x00003a7c       0xd8 c:\Users\Isaiah\Documents\Arduino\Sketches\Work_Macros\build/core\core.a(USBCore.cpp.o)
                0x00003a7c                USBDeviceClass::recv(unsigned long, void*, unsigned long)
 .text._ZN14USBDeviceClass4recvEm
                0x00003b54       0x1c c:\Users\Isaiah\Documents\Arduino\Sketches\Work_Macros\build/core\core.a(USBCore.cpp.o)
                0x00003b54                USBDeviceClass::recv(unsigned long)
 .text._ZN14USBDeviceClass4sendEmPKvm
                0x00003b70      0x110 c:\Users\Isaiah\Documents\Arduino\Sketches\Work_Macros\build/core\core.a(USBCore.cpp.o)
                0x00003b70                USBDeviceClass::send(unsigned long, void const*, unsigned long)
 .text._ZN14USBDeviceClass7armSendEmPKvm
                0x00003c80       0x48 c:\Users\Isaiah\Documents\Arduino\Sketches\Work_Macros\build/core\core.a(USBCore.cpp.o)
                0x00003c80                USBDeviceClass::armSend(unsigned long, void const*, unsigned long)
 .text._ZN14USBDeviceClass11sendControlEPKvm
                0x00003cc8       0x54 c:\Users\Isaiah\Documents\Arduino\Sketches\Work_Macros\build/core\core.a(USBCore.cpp.o)
                0x00003cc8                USBDeviceClass::sendControl(void const*, unsigned long)
 .text._ZN14USBDeviceClass20sendStringDescriptorEPKhh
                0x00003d1c       0x68 c:\Users\Isaiah\Documents\Arduino\Sketches\Work_Macros\build/core\core.a(USBCore.cpp.o)
                0x00003d1c                USBDeviceClass::sendStringDescriptor(unsigned char const*, unsigned char)
 .text._ZN14USBDeviceClass17sendConfigurationEm
                0x00003d84       0x80 c:\Users\Isaiah\Documents\Arduino\Sketches\Work_Macros\build/core\core.a(USBCore.cpp.o)
                0x00003d84                USBDeviceClass::sendConfiguration(unsigned long)
 .text._ZN14USBDeviceClass14sendDescriptorER8USBSetup
                0x00003e04       0xf0 c:\Users\Isaiah\Documents\Arduino\Sketches\Work_Macros\build/core\core.a(USBCore.cpp.o)
                0x00003e04                USBDeviceClass::sendDescriptor(USBSetup&)
 .text._ZN14USBDeviceClass19handleStandardSetupER8USBSetup
                0x00003ef4      0x104 c:\Users\Isaiah\Documents\Arduino\Sketches\Work_Macros\build/core\core.a(USBCore.cpp.o)
                0x00003ef4                USBDeviceClass::handleStandardSetup(USBSetup&)
 .text._ZN14USBDeviceClass10ISRHandlerEv
                0x00003ff8      0x140 c:\Users\Isaiah\Documents\Arduino\Sketches\Work_Macros\build/core\core.a(USBCore.cpp.o)
                0x00003ff8                USBDeviceClass::ISRHandler()
 .text.UDD_Handler
                0x00004138       0x10 c:\Users\Isaiah\Documents\Arduino\Sketches\Work_Macros\build/core\core.a(USBCore.cpp.o)
                0x00004138                UDD_Handler
 .text.startup._GLOBAL__sub_I_usbd
                0x00004148       0x10 c:\Users\Isaiah\Documents\Arduino\Sketches\Work_Macros\build/core\core.a(USBCore.cpp.o)
 .text._ZN4UartcvbEv
                0x00004158        0x4 c:\Users\Isaiah\Documents\Arduino\Sketches\Work_Macros\build/core\core.a(Uart.cpp.o)
                0x00004158                Uart::operator bool()
 .text._ZN4Uart5beginEm
                0x0000415c       0x10 c:\Users\Isaiah\Documents\Arduino\Sketches\Work_Macros\build/core\core.a(Uart.cpp.o)
                0x0000415c                Uart::begin(unsigned long)
 .text._ZN4Uart4peekEv
                0x0000416c       0x1a c:\Users\Isaiah\Documents\Arduino\Sketches\Work_Macros\build/core\core.a(Uart.cpp.o)
                0x0000416c                Uart::peek()
 .text._ZN4Uart3endEv
                0x00004186       0x20 c:\Users\Isaiah\Documents\Arduino\Sketches\Work_Macros\build/core\core.a(Uart.cpp.o)
                0x00004186                Uart::end()
 .text._ZN4Uart16extractNbStopBitEt
                0x000041a6        0xc c:\Users\Isaiah\Documents\Arduino\Sketches\Work_Macros\build/core\core.a(Uart.cpp.o)
                0x000041a6                Uart::extractNbStopBit(unsigned short)
 .text._ZN4Uart15extractCharSizeEt
                0x000041b2       0x28 c:\Users\Isaiah\Documents\Arduino\Sketches\Work_Macros\build/core\core.a(Uart.cpp.o)
                0x000041b2                Uart::extractCharSize(unsigned short)
 .text._ZN4Uart13extractParityEt
                0x000041da       0x14 c:\Users\Isaiah\Documents\Arduino\Sketches\Work_Macros\build/core\core.a(Uart.cpp.o)
                0x000041da                Uart::extractParity(unsigned short)
 *fill*         0x000041ee        0x2 
 .text._ZN4Uart5beginEmt
                0x000041f0       0xf8 c:\Users\Isaiah\Documents\Arduino\Sketches\Work_Macros\build/core\core.a(Uart.cpp.o)
                0x000041f0                Uart::begin(unsigned long, unsigned short)
 .text._ZN11RingBufferNILi256EEC2Ev
                0x000042e8       0x1c c:\Users\Isaiah\Documents\Arduino\Sketches\Work_Macros\build/core\core.a(Uart.cpp.o)
                0x000042e8                RingBufferN<256>::RingBufferN()
                0x000042e8                RingBufferN<256>::RingBufferN()
 .text._ZN4UartC2EP6SERCOMhh11SercomRXPad15SercomUartTXPad
                0x00004304       0x74 c:\Users\Isaiah\Documents\Arduino\Sketches\Work_Macros\build/core\core.a(Uart.cpp.o)
                0x00004304                Uart::Uart(SERCOM*, unsigned char, unsigned char, SercomRXPad, SercomUartTXPad)
                0x00004304                Uart::Uart(SERCOM*, unsigned char, unsigned char, SercomRXPad, SercomUartTXPad)
 .text._ZN11RingBufferNILi256EE17availableForStoreEv
                0x00004378       0x20 c:\Users\Isaiah\Documents\Arduino\Sketches\Work_Macros\build/core\core.a(Uart.cpp.o)
                0x00004378                RingBufferN<256>::availableForStore()
 .text._ZN4Uart17availableForWriteEv
                0x00004398        0xc c:\Users\Isaiah\Documents\Arduino\Sketches\Work_Macros\build/core\core.a(Uart.cpp.o)
                0x00004398                Uart::availableForWrite()
 .text._ZN4Uart4readEv
                0x000043a4       0x4c c:\Users\Isaiah\Documents\Arduino\Sketches\Work_Macros\build/core\core.a(Uart.cpp.o)
                0x000043a4                Uart::read()
 .text._ZN11RingBufferNILi256EE9availableEv
                0x000043f0       0x12 c:\Users\Isaiah\Documents\Arduino\Sketches\Work_Macros\build/core\core.a(Uart.cpp.o)
                0x000043f0                RingBufferN<256>::available()
 .text._ZN4Uart5flushEv
                0x00004402       0x1a c:\Users\Isaiah\Documents\Arduino\Sketches\Work_Macros\build/core\core.a(Uart.cpp.o)
                0x00004402                Uart::flush()
 .text._ZN4Uart9availableEv
                0x0000441c        0xa c:\Users\Isaiah\Documents\Arduino\Sketches\Work_Macros\build/core\core.a(Uart.cpp.o)
                0x0000441c                Uart::available()
 .text._ZN4Uart10IrqHandlerEv
                0x00004426       0xcc c:\Users\Isaiah\Documents\Arduino\Sketches\Work_Macros\build/core\core.a(Uart.cpp.o)
                0x00004426                Uart::IrqHandler()
 *fill*         0x000044f2        0x2 
 .text._ZN4Uart5writeEh
                0x000044f4       0xb4 c:\Users\Isaiah\Documents\Arduino\Sketches\Work_Macros\build/core\core.a(Uart.cpp.o)
                0x000044f4                Uart::write(unsigned char)
 .text._Z11initVariantv
                0x000045a8        0x2 c:\Users\Isaiah\Documents\Arduino\Sketches\Work_Macros\build/core\core.a(main.cpp.o)
                0x000045a8                initVariant()
 *fill*         0x000045aa        0x2 
 .text._Z10_real_bodyv
                0x000045ac       0x20 c:\Users\Isaiah\Documents\Arduino\Sketches\Work_Macros\build/core\core.a(main.cpp.o)
                0x000045ac                _real_body()
 .text._Z10_wrap_bodyv
                0x000045cc        0x6 c:\Users\Isaiah\Documents\Arduino\Sketches\Work_Macros\build/core\core.a(main.cpp.o)
                0x000045cc                _wrap_body()
 *fill*         0x000045d2        0x2 
 .text.startup.main
                0x000045d4       0x30 c:\Users\Isaiah\Documents\Arduino\Sketches\Work_Macros\build/core\core.a(main.cpp.o)
                0x000045d4                main
 .text._Znwj    0x00004604        0x8 c:\Users\Isaiah\Documents\Arduino\Sketches\Work_Macros\build/core\core.a(new.cpp.o)
                0x00004604                operator new(unsigned int)
 .text._ZdlPv   0x0000460c        0x8 c:\Users\Isaiah\Documents\Arduino\Sketches\Work_Macros\build/core\core.a(new.cpp.o)
                0x0000460c                operator delete(void*)
 .text._sbrk    0x00004614       0x3c c:\Users\Isaiah\Documents\Arduino\Sketches\Work_Macros\build/core\core.a(new.cpp.o)
                0x00004614                _sbrk
 .text._ZN13PluggableUSB_12getInterfaceEPh
                0x00004650       0x28 c:\Users\Isaiah\Documents\Arduino\Sketches\Work_Macros\build/core\core.a(PluggableUSB.cpp.o)
                0x00004650                PluggableUSB_::getInterface(unsigned char*)
 .text._ZN13PluggableUSB_13getDescriptorER8USBSetup
                0x00004678       0x20 c:\Users\Isaiah\Documents\Arduino\Sketches\Work_Macros\build/core\core.a(PluggableUSB.cpp.o)
                0x00004678                PluggableUSB_::getDescriptor(USBSetup&)
 .text._ZN13PluggableUSB_5setupER8USBSetup
                0x00004698       0x20 c:\Users\Isaiah\Documents\Arduino\Sketches\Work_Macros\build/core\core.a(PluggableUSB.cpp.o)
                0x00004698                PluggableUSB_::setup(USBSetup&)
 .text._ZN13PluggableUSB_14handleEndpointEi
                0x000046b8       0x20 c:\Users\Isaiah\Documents\Arduino\Sketches\Work_Macros\build/core\core.a(PluggableUSB.cpp.o)
                0x000046b8                PluggableUSB_::handleEndpoint(int)
 .text._Z12PluggableUSBv
                0x000046d8       0x24 c:\Users\Isaiah\Documents\Arduino\Sketches\Work_Macros\build/core\core.a(PluggableUSB.cpp.o)
                0x000046d8                PluggableUSB()
 .text._ZN20USBDevice_SAMD21G18x5resetEv
                0x000046fc       0x2e c:\Users\Isaiah\Documents\Arduino\Sketches\Work_Macros\build/core\core.a(SAMD21_USBDevice.cpp.o)
                0x000046fc                USBDevice_SAMD21G18x::reset()
 *fill*         0x0000472a        0x2 
 .text._ZN20USBDevice_SAMD21G18x9calibrateEv
                0x0000472c       0x60 c:\Users\Isaiah\Documents\Arduino\Sketches\Work_Macros\build/core\core.a(SAMD21_USBDevice.cpp.o)
                0x0000472c                USBDevice_SAMD21G18x::calibrate()
 .text._ZdlPvj  0x0000478c        0x8 c:/users/isaiah/appdata/local/arduino15/packages/seeeduino/tools/arm-none-eabi-gcc/7-2017q4/bin/../lib/gcc/arm-none-eabi/7.2.1/../../../../arm-none-eabi/lib/thumb/v6-m\libstdc++_nano.a(del_ops.o)
                0x0000478c                operator delete(void*, unsigned int)
 .text          0x00004794       0x14 c:/users/isaiah/appdata/local/arduino15/packages/seeeduino/tools/arm-none-eabi-gcc/7-2017q4/bin/../lib/gcc/arm-none-eabi/7.2.1/thumb/v6-m\libgcc.a(_thumb1_case_uqi.o)
                0x00004794                __gnu_thumb1_case_uqi
 .text          0x000047a8      0x114 c:/users/isaiah/appdata/local/arduino15/packages/seeeduino/tools/arm-none-eabi-gcc/7-2017q4/bin/../lib/gcc/arm-none-eabi/7.2.1/thumb/v6-m\libgcc.a(_udivsi3.o)
                0x000047a8                __aeabi_uidiv
                0x000047a8                __udivsi3
                0x000048b4                __aeabi_uidivmod
 .text          0x000048bc      0x1d4 c:/users/isaiah/appdata/local/arduino15/packages/seeeduino/tools/arm-none-eabi-gcc/7-2017q4/bin/../lib/gcc/arm-none-eabi/7.2.1/thumb/v6-m\libgcc.a(_divsi3.o)
                0x000048bc                __divsi3
                0x000048bc                __aeabi_idiv
                0x00004a88                __aeabi_idivmod
 .text          0x00004a90        0x4 c:/users/isaiah/appdata/local/arduino15/packages/seeeduino/tools/arm-none-eabi-gcc/7-2017q4/bin/../lib/gcc/arm-none-eabi/7.2.1/thumb/v6-m\libgcc.a(_dvmd_tls.o)
                0x00004a90                __aeabi_idiv0
                0x00004a90                __aeabi_ldiv0
 .text          0x00004a94       0x7c c:/users/isaiah/appdata/local/arduino15/packages/seeeduino/tools/arm-none-eabi-gcc/7-2017q4/bin/../lib/gcc/arm-none-eabi/7.2.1/thumb/v6-m\libgcc.a(_arm_cmpdf2.o)
                0x00004a94                __aeabi_cdrcmple
                0x00004aa4                __aeabi_cdcmple
                0x00004aa4                __aeabi_cdcmpeq
                0x00004ab4                __aeabi_dcmpeq
                0x00004ac0                __aeabi_dcmplt
                0x00004ad4                __aeabi_dcmple
                0x00004ae8                __aeabi_dcmpgt
                0x00004afc                __aeabi_dcmpge
 .text          0x00004b10       0x3c c:/users/isaiah/appdata/local/arduino15/packages/seeeduino/tools/arm-none-eabi-gcc/7-2017q4/bin/../lib/gcc/arm-none-eabi/7.2.1/thumb/v6-m\libgcc.a(_fixunsdfsi.o)
                0x00004b10                __aeabi_d2uiz
                0x00004b10                __fixunsdfsi
 .text          0x00004b4c      0x638 c:/users/isaiah/appdata/local/arduino15/packages/seeeduino/tools/arm-none-eabi-gcc/7-2017q4/bin/../lib/gcc/arm-none-eabi/7.2.1/thumb/v6-m\libgcc.a(adddf3.o)
                0x00004b4c                __aeabi_dadd
 .text          0x00005184      0x604 c:/users/isaiah/appdata/local/arduino15/packages/seeeduino/tools/arm-none-eabi-gcc/7-2017q4/bin/../lib/gcc/arm-none-eabi/7.2.1/thumb/v6-m\libgcc.a(divdf3.o)
                0x00005184                __aeabi_ddiv
 .text          0x00005788       0x78 c:/users/isaiah/appdata/local/arduino15/packages/seeeduino/tools/arm-none-eabi-gcc/7-2017q4/bin/../lib/gcc/arm-none-eabi/7.2.1/thumb/v6-m\libgcc.a(eqdf2.o)
                0x00005788                __nedf2
                0x00005788                __eqdf2
 .text          0x00005800       0xc8 c:/users/isaiah/appdata/local/arduino15/packages/seeeduino/tools/arm-none-eabi-gcc/7-2017q4/bin/../lib/gcc/arm-none-eabi/7.2.1/thumb/v6-m\libgcc.a(gedf2.o)
                0x00005800                __gedf2
                0x00005800                __gtdf2
 .text          0x000058c8       0xd0 c:/users/isaiah/appdata/local/arduino15/packages/seeeduino/tools/arm-none-eabi-gcc/7-2017q4/bin/../lib/gcc/arm-none-eabi/7.2.1/thumb/v6-m\libgcc.a(ledf2.o)
                0x000058c8                __ledf2
                0x000058c8                __ltdf2
 .text          0x00005998      0x4e4 c:/users/isaiah/appdata/local/arduino15/packages/seeeduino/tools/arm-none-eabi-gcc/7-2017q4/bin/../lib/gcc/arm-none-eabi/7.2.1/thumb/v6-m\libgcc.a(muldf3.o)
                0x00005998                __aeabi_dmul
 .text          0x00005e7c      0x690 c:/users/isaiah/appdata/local/arduino15/packages/seeeduino/tools/arm-none-eabi-gcc/7-2017q4/bin/../lib/gcc/arm-none-eabi/7.2.1/thumb/v6-m\libgcc.a(subdf3.o)
                0x00005e7c                __aeabi_dsub
 .text          0x0000650c       0x38 c:/users/isaiah/appdata/local/arduino15/packages/seeeduino/tools/arm-none-eabi-gcc/7-2017q4/bin/../lib/gcc/arm-none-eabi/7.2.1/thumb/v6-m\libgcc.a(unorddf2.o)
                0x0000650c                __aeabi_dcmpun
 .text          0x00006544       0x6c c:/users/isaiah/appdata/local/arduino15/packages/seeeduino/tools/arm-none-eabi-gcc/7-2017q4/bin/../lib/gcc/arm-none-eabi/7.2.1/thumb/v6-m\libgcc.a(fixdfsi.o)
                0x00006544                __aeabi_d2iz
 .text          0x000065b0       0x64 c:/users/isaiah/appdata/local/arduino15/packages/seeeduino/tools/arm-none-eabi-gcc/7-2017q4/bin/../lib/gcc/arm-none-eabi/7.2.1/thumb/v6-m\libgcc.a(floatunsidf.o)
                0x000065b0                __aeabi_ui2d
 .text          0x00006614       0x3c c:/users/isaiah/appdata/local/arduino15/packages/seeeduino/tools/arm-none-eabi-gcc/7-2017q4/bin/../lib/gcc/arm-none-eabi/7.2.1/thumb/v6-m\libgcc.a(_clzsi2.o)
                0x00006614                __clzsi2
 .text.__assert_func
                0x00006650       0x3c c:/users/isaiah/appdata/local/arduino15/packages/seeeduino/tools/arm-none-eabi-gcc/7-2017q4/bin/../lib/gcc/arm-none-eabi/7.2.1/../../../../arm-none-eabi/lib/thumb/v6-m\libc_nano.a(lib_a-assert.o)
                0x00006650                __assert_func
 .text.fprintf  0x0000668c       0x20 c:/users/isaiah/appdata/local/arduino15/packages/seeeduino/tools/arm-none-eabi-gcc/7-2017q4/bin/../lib/gcc/arm-none-eabi/7.2.1/../../../../arm-none-eabi/lib/thumb/v6-m\libc_nano.a(lib_a-fprintf.o)
                0x0000668c                fiprintf
                0x0000668c                fprintf
 .text.__libc_init_array
                0x000066ac       0x48 c:/users/isaiah/appdata/local/arduino15/packages/seeeduino/tools/arm-none-eabi-gcc/7-2017q4/bin/../lib/gcc/arm-none-eabi/7.2.1/../../../../arm-none-eabi/lib/thumb/v6-m\libc_nano.a(lib_a-init.o)
                0x000066ac                __libc_init_array
 .text.malloc   0x000066f4       0x14 c:/users/isaiah/appdata/local/arduino15/packages/seeeduino/tools/arm-none-eabi-gcc/7-2017q4/bin/../lib/gcc/arm-none-eabi/7.2.1/../../../../arm-none-eabi/lib/thumb/v6-m\libc_nano.a(lib_a-malloc.o)
                0x000066f4                malloc
 .text.free     0x00006708       0x14 c:/users/isaiah/appdata/local/arduino15/packages/seeeduino/tools/arm-none-eabi-gcc/7-2017q4/bin/../lib/gcc/arm-none-eabi/7.2.1/../../../../arm-none-eabi/lib/thumb/v6-m\libc_nano.a(lib_a-malloc.o)
                0x00006708                free
 .text.memcpy   0x0000671c       0x12 c:/users/isaiah/appdata/local/arduino15/packages/seeeduino/tools/arm-none-eabi-gcc/7-2017q4/bin/../lib/gcc/arm-none-eabi/7.2.1/../../../../arm-none-eabi/lib/thumb/v6-m\libc_nano.a(lib_a-memcpy-stub.o)
                0x0000671c                memcpy
 .text.memset   0x0000672e       0x10 c:/users/isaiah/appdata/local/arduino15/packages/seeeduino/tools/arm-none-eabi-gcc/7-2017q4/bin/../lib/gcc/arm-none-eabi/7.2.1/../../../../arm-none-eabi/lib/thumb/v6-m\libc_nano.a(lib_a-memset.o)
                0x0000672e                memset
 *fill*         0x0000673e        0x2 
 .text._free_r  0x00006740       0x94 c:/users/isaiah/appdata/local/arduino15/packages/seeeduino/tools/arm-none-eabi-gcc/7-2017q4/bin/../lib/gcc/arm-none-eabi/7.2.1/../../../../arm-none-eabi/lib/thumb/v6-m\libc_nano.a(lib_a-nano-freer.o)
                0x00006740                _free_r
 .text._malloc_r
                0x000067d4       0xbc c:/users/isaiah/appdata/local/arduino15/packages/seeeduino/tools/arm-none-eabi-gcc/7-2017q4/bin/../lib/gcc/arm-none-eabi/7.2.1/../../../../arm-none-eabi/lib/thumb/v6-m\libc_nano.a(lib_a-nano-mallocr.o)
                0x000067d4                _malloc_r
 .text.__sfputc_r
                0x00006890       0x2a c:/users/isaiah/appdata/local/arduino15/packages/seeeduino/tools/arm-none-eabi-gcc/7-2017q4/bin/../lib/gcc/arm-none-eabi/7.2.1/../../../../arm-none-eabi/lib/thumb/v6-m\libc_nano.a(lib_a-nano-vfprintf.o)
 .text.__sfputs_r
                0x000068ba       0x24 c:/users/isaiah/appdata/local/arduino15/packages/seeeduino/tools/arm-none-eabi-gcc/7-2017q4/bin/../lib/gcc/arm-none-eabi/7.2.1/../../../../arm-none-eabi/lib/thumb/v6-m\libc_nano.a(lib_a-nano-vfprintf.o)
                0x000068ba                __sfputs_r
 *fill*         0x000068de        0x2 
 .text._vfprintf_r
                0x000068e0      0x22c c:/users/isaiah/appdata/local/arduino15/packages/seeeduino/tools/arm-none-eabi-gcc/7-2017q4/bin/../lib/gcc/arm-none-eabi/7.2.1/../../../../arm-none-eabi/lib/thumb/v6-m\libc_nano.a(lib_a-nano-vfprintf.o)
                0x000068e0                _vfprintf_r
                0x000068e0                _vfiprintf_r
 .text.__cvt    0x00006b0c       0xc8 c:/users/isaiah/appdata/local/arduino15/packages/seeeduino/tools/arm-none-eabi-gcc/7-2017q4/bin/../lib/gcc/arm-none-eabi/7.2.1/../../../../arm-none-eabi/lib/thumb/v6-m\libc_nano.a(lib_a-nano-vfprintf_float.o)
                0x00006b0c                __cvt
 .text.__exponent
                0x00006bd4       0x70 c:/users/isaiah/appdata/local/arduino15/packages/seeeduino/tools/arm-none-eabi-gcc/7-2017q4/bin/../lib/gcc/arm-none-eabi/7.2.1/../../../../arm-none-eabi/lib/thumb/v6-m\libc_nano.a(lib_a-nano-vfprintf_float.o)
                0x00006bd4                __exponent
 .text._printf_float
                0x00006c44      0x498 c:/users/isaiah/appdata/local/arduino15/packages/seeeduino/tools/arm-none-eabi-gcc/7-2017q4/bin/../lib/gcc/arm-none-eabi/7.2.1/../../../../arm-none-eabi/lib/thumb/v6-m\libc_nano.a(lib_a-nano-vfprintf_float.o)
                0x00006c44                _printf_float
 .text._printf_common
                0x000070dc       0xda c:/users/isaiah/appdata/local/arduino15/packages/seeeduino/tools/arm-none-eabi-gcc/7-2017q4/bin/../lib/gcc/arm-none-eabi/7.2.1/../../../../arm-none-eabi/lib/thumb/v6-m\libc_nano.a(lib_a-nano-vfprintf_i.o)
                0x000070dc                _printf_common
 *fill*         0x000071b6        0x2 
 .text._printf_i
                0x000071b8      0x210 c:/users/isaiah/appdata/local/arduino15/packages/seeeduino/tools/arm-none-eabi-gcc/7-2017q4/bin/../lib/gcc/arm-none-eabi/7.2.1/../../../../arm-none-eabi/lib/thumb/v6-m\libc_nano.a(lib_a-nano-vfprintf_i.o)
                0x000071b8                _printf_i
 .text._scanf_float
                0x000073c8      0x3fc c:/users/isaiah/appdata/local/arduino15/packages/seeeduino/tools/arm-none-eabi-gcc/7-2017q4/bin/../lib/gcc/arm-none-eabi/7.2.1/../../../../arm-none-eabi/lib/thumb/v6-m\libc_nano.a(lib_a-nano-vfscanf_float.o)
                0x000073c8                _scanf_float
 .text._sbrk_r  0x000077c4       0x24 c:/users/isaiah/appdata/local/arduino15/packages/seeeduino/tools/arm-none-eabi-gcc/7-2017q4/bin/../lib/gcc/arm-none-eabi/7.2.1/../../../../arm-none-eabi/lib/thumb/v6-m\libc_nano.a(lib_a-sbrkr.o)
                0x000077c4                _sbrk_r
 .text.nanf     0x000077e8        0x8 c:/users/isaiah/appdata/local/arduino15/packages/seeeduino/tools/arm-none-eabi-gcc/7-2017q4/bin/../lib/gcc/arm-none-eabi/7.2.1/../../../../arm-none-eabi/lib/thumb/v6-m\libc_nano.a(lib_a-sf_nan.o)
                0x000077e8                nanf
 .text.sprintf  0x000077f0       0x40 c:/users/isaiah/appdata/local/arduino15/packages/seeeduino/tools/arm-none-eabi-gcc/7-2017q4/bin/../lib/gcc/arm-none-eabi/7.2.1/../../../../arm-none-eabi/lib/thumb/v6-m\libc_nano.a(lib_a-sprintf.o)
                0x000077f0                siprintf
                0x000077f0                sprintf
 .text          0x00007830        0xe c:/users/isaiah/appdata/local/arduino15/packages/seeeduino/tools/arm-none-eabi-gcc/7-2017q4/bin/../lib/gcc/arm-none-eabi/7.2.1/../../../../arm-none-eabi/lib/thumb/v6-m\libc_nano.a(lib_a-strlen.o)
                0x00007830                strlen
 *fill*         0x0000783e        0x2 
 .text.unlikely.sulp
                0x00007840       0x30 c:/users/isaiah/appdata/local/arduino15/packages/seeeduino/tools/arm-none-eabi-gcc/7-2017q4/bin/../lib/gcc/arm-none-eabi/7.2.1/../../../../arm-none-eabi/lib/thumb/v6-m\libc_nano.a(lib_a-strtod.o)
 .text._strtod_l
                0x00007870      0xc50 c:/users/isaiah/appdata/local/arduino15/packages/seeeduino/tools/arm-none-eabi-gcc/7-2017q4/bin/../lib/gcc/arm-none-eabi/7.2.1/../../../../arm-none-eabi/lib/thumb/v6-m\libc_nano.a(lib_a-strtod.o)
                0x00007870                _strtod_l
 .text._strtod_r
                0x000084c0       0x1c c:/users/isaiah/appdata/local/arduino15/packages/seeeduino/tools/arm-none-eabi-gcc/7-2017q4/bin/../lib/gcc/arm-none-eabi/7.2.1/../../../../arm-none-eabi/lib/thumb/v6-m\libc_nano.a(lib_a-strtod.o)
                0x000084c0                _strtod_r
 .text._strtol_l.isra.0
                0x000084dc      0x104 c:/users/isaiah/appdata/local/arduino15/packages/seeeduino/tools/arm-none-eabi-gcc/7-2017q4/bin/../lib/gcc/arm-none-eabi/7.2.1/../../../../arm-none-eabi/lib/thumb/v6-m\libc_nano.a(lib_a-strtol.o)
 .text._strtol_r
                0x000085e0       0x20 c:/users/isaiah/appdata/local/arduino15/packages/seeeduino/tools/arm-none-eabi-gcc/7-2017q4/bin/../lib/gcc/arm-none-eabi/7.2.1/../../../../arm-none-eabi/lib/thumb/v6-m\libc_nano.a(lib_a-strtol.o)
                0x000085e0                _strtol_r
 .text.__swbuf_r
                0x00008600       0xac c:/users/isaiah/appdata/local/arduino15/packages/seeeduino/tools/arm-none-eabi-gcc/7-2017q4/bin/../lib/gcc/arm-none-eabi/7.2.1/../../../../arm-none-eabi/lib/thumb/v6-m\libc_nano.a(lib_a-wbuf.o)
                0x00008600                __swbuf_r
 .text.__swsetup_r
                0x000086ac       0xec c:/users/isaiah/appdata/local/arduino15/packages/seeeduino/tools/arm-none-eabi-gcc/7-2017q4/bin/../lib/gcc/arm-none-eabi/7.2.1/../../../../arm-none-eabi/lib/thumb/v6-m\libc_nano.a(lib_a-wsetup.o)
                0x000086ac                __swsetup_r
 .text.abort    0x00008798        0xe c:/users/isaiah/appdata/local/arduino15/packages/seeeduino/tools/arm-none-eabi-gcc/7-2017q4/bin/../lib/gcc/arm-none-eabi/7.2.1/../../../../arm-none-eabi/lib/thumb/v6-m\libc_nano.a(lib_a-abort.o)
                0x00008798                abort
 .text.quorem   0x000087a6      0x10c c:/users/isaiah/appdata/local/arduino15/packages/seeeduino/tools/arm-none-eabi-gcc/7-2017q4/bin/../lib/gcc/arm-none-eabi/7.2.1/../../../../arm-none-eabi/lib/thumb/v6-m\libc_nano.a(lib_a-dtoa.o)
 *fill*         0x000088b2        0x2 
 .text._dtoa_r  0x000088b4      0xbc0 c:/users/isaiah/appdata/local/arduino15/packages/seeeduino/tools/arm-none-eabi-gcc/7-2017q4/bin/../lib/gcc/arm-none-eabi/7.2.1/../../../../arm-none-eabi/lib/thumb/v6-m\libc_nano.a(lib_a-dtoa.o)
                0x000088b4                _dtoa_r
 .text.__sflush_r
                0x00009474      0x114 c:/users/isaiah/appdata/local/arduino15/packages/seeeduino/tools/arm-none-eabi-gcc/7-2017q4/bin/../lib/gcc/arm-none-eabi/7.2.1/../../../../arm-none-eabi/lib/thumb/v6-m\libc_nano.a(lib_a-fflush.o)
                0x00009474                __sflush_r
 .text._fflush_r
                0x00009588       0x58 c:/users/isaiah/appdata/local/arduino15/packages/seeeduino/tools/arm-none-eabi-gcc/7-2017q4/bin/../lib/gcc/arm-none-eabi/7.2.1/../../../../arm-none-eabi/lib/thumb/v6-m\libc_nano.a(lib_a-fflush.o)
                0x00009588                _fflush_r
 .text.std      0x000095e0       0x48 c:/users/isaiah/appdata/local/arduino15/packages/seeeduino/tools/arm-none-eabi-gcc/7-2017q4/bin/../lib/gcc/arm-none-eabi/7.2.1/../../../../arm-none-eabi/lib/thumb/v6-m\libc_nano.a(lib_a-findfp.o)
 .text._cleanup_r
                0x00009628       0x10 c:/users/isaiah/appdata/local/arduino15/packages/seeeduino/tools/arm-none-eabi-gcc/7-2017q4/bin/../lib/gcc/arm-none-eabi/7.2.1/../../../../arm-none-eabi/lib/thumb/v6-m\libc_nano.a(lib_a-findfp.o)
                0x00009628                _cleanup_r
 .text.__sfmoreglue
                0x00009638       0x2c c:/users/isaiah/appdata/local/arduino15/packages/seeeduino/tools/arm-none-eabi-gcc/7-2017q4/bin/../lib/gcc/arm-none-eabi/7.2.1/../../../../arm-none-eabi/lib/thumb/v6-m\libc_nano.a(lib_a-findfp.o)
                0x00009638                __sfmoreglue
 .text.__sinit  0x00009664       0x68 c:/users/isaiah/appdata/local/arduino15/packages/seeeduino/tools/arm-none-eabi-gcc/7-2017q4/bin/../lib/gcc/arm-none-eabi/7.2.1/../../../../arm-none-eabi/lib/thumb/v6-m\libc_nano.a(lib_a-findfp.o)
                0x00009664                __sinit
 .text.__sfp    0x000096cc       0x7c c:/users/isaiah/appdata/local/arduino15/packages/seeeduino/tools/arm-none-eabi-gcc/7-2017q4/bin/../lib/gcc/arm-none-eabi/7.2.1/../../../../arm-none-eabi/lib/thumb/v6-m\libc_nano.a(lib_a-findfp.o)
                0x000096cc                __sfp
 .text._fwalk_reent
                0x00009748       0x42 c:/users/isaiah/appdata/local/arduino15/packages/seeeduino/tools/arm-none-eabi-gcc/7-2017q4/bin/../lib/gcc/arm-none-eabi/7.2.1/../../../../arm-none-eabi/lib/thumb/v6-m\libc_nano.a(lib_a-fwalk.o)
                0x00009748                _fwalk_reent
 .text.rshift   0x0000978a       0x68 c:/users/isaiah/appdata/local/arduino15/packages/seeeduino/tools/arm-none-eabi-gcc/7-2017q4/bin/../lib/gcc/arm-none-eabi/7.2.1/../../../../arm-none-eabi/lib/thumb/v6-m\libc_nano.a(lib_a-gdtoa-gethex.o)
 .text.__hexdig_fun
                0x000097f2       0x2a c:/users/isaiah/appdata/local/arduino15/packages/seeeduino/tools/arm-none-eabi-gcc/7-2017q4/bin/../lib/gcc/arm-none-eabi/7.2.1/../../../../arm-none-eabi/lib/thumb/v6-m\libc_nano.a(lib_a-gdtoa-gethex.o)
                0x000097f2                __hexdig_fun
 .text.__gethex
                0x0000981c      0x456 c:/users/isaiah/appdata/local/arduino15/packages/seeeduino/tools/arm-none-eabi-gcc/7-2017q4/bin/../lib/gcc/arm-none-eabi/7.2.1/../../../../arm-none-eabi/lib/thumb/v6-m\libc_nano.a(lib_a-gdtoa-gethex.o)
                0x0000981c                __gethex
 .text.L_shift  0x00009c72       0x24 c:/users/isaiah/appdata/local/arduino15/packages/seeeduino/tools/arm-none-eabi-gcc/7-2017q4/bin/../lib/gcc/arm-none-eabi/7.2.1/../../../../arm-none-eabi/lib/thumb/v6-m\libc_nano.a(lib_a-gdtoa-hexnan.o)
 .text.__match  0x00009c96       0x28 c:/users/isaiah/appdata/local/arduino15/packages/seeeduino/tools/arm-none-eabi-gcc/7-2017q4/bin/../lib/gcc/arm-none-eabi/7.2.1/../../../../arm-none-eabi/lib/thumb/v6-m\libc_nano.a(lib_a-gdtoa-hexnan.o)
                0x00009c96                __match
 .text.__hexnan
                0x00009cbe      0x12e c:/users/isaiah/appdata/local/arduino15/packages/seeeduino/tools/arm-none-eabi-gcc/7-2017q4/bin/../lib/gcc/arm-none-eabi/7.2.1/../../../../arm-none-eabi/lib/thumb/v6-m\libc_nano.a(lib_a-gdtoa-hexnan.o)
                0x00009cbe                __hexnan
 .text.__locale_ctype_ptr_l
                0x00009dec        0x6 c:/users/isaiah/appdata/local/arduino15/packages/seeeduino/tools/arm-none-eabi-gcc/7-2017q4/bin/../lib/gcc/arm-none-eabi/7.2.1/../../../../arm-none-eabi/lib/thumb/v6-m\libc_nano.a(lib_a-locale.o)
                0x00009dec                __locale_ctype_ptr_l
 .text.__localeconv_l
                0x00009df2        0x4 c:/users/isaiah/appdata/local/arduino15/packages/seeeduino/tools/arm-none-eabi-gcc/7-2017q4/bin/../lib/gcc/arm-none-eabi/7.2.1/../../../../arm-none-eabi/lib/thumb/v6-m\libc_nano.a(lib_a-localeconv.o)
                0x00009df2                __localeconv_l
 *fill*         0x00009df6        0x2 
 .text._localeconv_r
                0x00009df8       0x18 c:/users/isaiah/appdata/local/arduino15/packages/seeeduino/tools/arm-none-eabi-gcc/7-2017q4/bin/../lib/gcc/arm-none-eabi/7.2.1/../../../../arm-none-eabi/lib/thumb/v6-m\libc_nano.a(lib_a-localeconv.o)
                0x00009df8                _localeconv_r
 .text.__swhatbuf_r
                0x00009e10       0x50 c:/users/isaiah/appdata/local/arduino15/packages/seeeduino/tools/arm-none-eabi-gcc/7-2017q4/bin/../lib/gcc/arm-none-eabi/7.2.1/../../../../arm-none-eabi/lib/thumb/v6-m\libc_nano.a(lib_a-makebuf.o)
                0x00009e10                __swhatbuf_r
 .text.__smakebuf_r
                0x00009e60       0x88 c:/users/isaiah/appdata/local/arduino15/packages/seeeduino/tools/arm-none-eabi-gcc/7-2017q4/bin/../lib/gcc/arm-none-eabi/7.2.1/../../../../arm-none-eabi/lib/thumb/v6-m\libc_nano.a(lib_a-makebuf.o)
                0x00009e60                __smakebuf_r
 .text.__ascii_mbtowc
                0x00009ee8       0x24 c:/users/isaiah/appdata/local/arduino15/packages/seeeduino/tools/arm-none-eabi-gcc/7-2017q4/bin/../lib/gcc/arm-none-eabi/7.2.1/../../../../arm-none-eabi/lib/thumb/v6-m\libc_nano.a(lib_a-mbtowc_r.o)
                0x00009ee8                __ascii_mbtowc
 .text.memchr   0x00009f0c       0x16 c:/users/isaiah/appdata/local/arduino15/packages/seeeduino/tools/arm-none-eabi-gcc/7-2017q4/bin/../lib/gcc/arm-none-eabi/7.2.1/../../../../arm-none-eabi/lib/thumb/v6-m\libc_nano.a(lib_a-memchr-stub.o)
                0x00009f0c                memchr
 .text.memmove  0x00009f22       0x26 c:/users/isaiah/appdata/local/arduino15/packages/seeeduino/tools/arm-none-eabi-gcc/7-2017q4/bin/../lib/gcc/arm-none-eabi/7.2.1/../../../../arm-none-eabi/lib/thumb/v6-m\libc_nano.a(lib_a-memmove.o)
                0x00009f22                memmove
 .text.__malloc_lock
                0x00009f48        0x2 c:/users/isaiah/appdata/local/arduino15/packages/seeeduino/tools/arm-none-eabi-gcc/7-2017q4/bin/../lib/gcc/arm-none-eabi/7.2.1/../../../../arm-none-eabi/lib/thumb/v6-m\libc_nano.a(lib_a-mlock.o)
                0x00009f48                __malloc_lock
 .text.__malloc_unlock
                0x00009f4a        0x2 c:/users/isaiah/appdata/local/arduino15/packages/seeeduino/tools/arm-none-eabi-gcc/7-2017q4/bin/../lib/gcc/arm-none-eabi/7.2.1/../../../../arm-none-eabi/lib/thumb/v6-m\libc_nano.a(lib_a-mlock.o)
                0x00009f4a                __malloc_unlock
 .text._Balloc  0x00009f4c       0x70 c:/users/isaiah/appdata/local/arduino15/packages/seeeduino/tools/arm-none-eabi-gcc/7-2017q4/bin/../lib/gcc/arm-none-eabi/7.2.1/../../../../arm-none-eabi/lib/thumb/v6-m\libc_nano.a(lib_a-mprec.o)
                0x00009f4c                _Balloc
 .text._Bfree   0x00009fbc       0x32 c:/users/isaiah/appdata/local/arduino15/packages/seeeduino/tools/arm-none-eabi-gcc/7-2017q4/bin/../lib/gcc/arm-none-eabi/7.2.1/../../../../arm-none-eabi/lib/thumb/v6-m\libc_nano.a(lib_a-mprec.o)
                0x00009fbc                _Bfree
 .text.__multadd
                0x00009fee       0x7c c:/users/isaiah/appdata/local/arduino15/packages/seeeduino/tools/arm-none-eabi-gcc/7-2017q4/bin/../lib/gcc/arm-none-eabi/7.2.1/../../../../arm-none-eabi/lib/thumb/v6-m\libc_nano.a(lib_a-mprec.o)
                0x00009fee                __multadd
 .text.__s2b    0x0000a06a       0x7c c:/users/isaiah/appdata/local/arduino15/packages/seeeduino/tools/arm-none-eabi-gcc/7-2017q4/bin/../lib/gcc/arm-none-eabi/7.2.1/../../../../arm-none-eabi/lib/thumb/v6-m\libc_nano.a(lib_a-mprec.o)
                0x0000a06a                __s2b
 .text.__hi0bits
                0x0000a0e6       0x34 c:/users/isaiah/appdata/local/arduino15/packages/seeeduino/tools/arm-none-eabi-gcc/7-2017q4/bin/../lib/gcc/arm-none-eabi/7.2.1/../../../../arm-none-eabi/lib/thumb/v6-m\libc_nano.a(lib_a-mprec.o)
                0x0000a0e6                __hi0bits
 .text.__lo0bits
                0x0000a11a       0x5e c:/users/isaiah/appdata/local/arduino15/packages/seeeduino/tools/arm-none-eabi-gcc/7-2017q4/bin/../lib/gcc/arm-none-eabi/7.2.1/../../../../arm-none-eabi/lib/thumb/v6-m\libc_nano.a(lib_a-mprec.o)
                0x0000a11a                __lo0bits
 .text.__i2b    0x0000a178       0x12 c:/users/isaiah/appdata/local/arduino15/packages/seeeduino/tools/arm-none-eabi-gcc/7-2017q4/bin/../lib/gcc/arm-none-eabi/7.2.1/../../../../arm-none-eabi/lib/thumb/v6-m\libc_nano.a(lib_a-mprec.o)
                0x0000a178                __i2b
 .text.__multiply
                0x0000a18a      0x11e c:/users/isaiah/appdata/local/arduino15/packages/seeeduino/tools/arm-none-eabi-gcc/7-2017q4/bin/../lib/gcc/arm-none-eabi/7.2.1/../../../../arm-none-eabi/lib/thumb/v6-m\libc_nano.a(lib_a-mprec.o)
                0x0000a18a                __multiply
 .text.__pow5mult
                0x0000a2a8       0xa4 c:/users/isaiah/appdata/local/arduino15/packages/seeeduino/tools/arm-none-eabi-gcc/7-2017q4/bin/../lib/gcc/arm-none-eabi/7.2.1/../../../../arm-none-eabi/lib/thumb/v6-m\libc_nano.a(lib_a-mprec.o)
                0x0000a2a8                __pow5mult
 .text.__lshift
                0x0000a34c       0xa4 c:/users/isaiah/appdata/local/arduino15/packages/seeeduino/tools/arm-none-eabi-gcc/7-2017q4/bin/../lib/gcc/arm-none-eabi/7.2.1/../../../../arm-none-eabi/lib/thumb/v6-m\libc_nano.a(lib_a-mprec.o)
                0x0000a34c                __lshift
 .text.__mcmp   0x0000a3f0       0x34 c:/users/isaiah/appdata/local/arduino15/packages/seeeduino/tools/arm-none-eabi-gcc/7-2017q4/bin/../lib/gcc/arm-none-eabi/7.2.1/../../../../arm-none-eabi/lib/thumb/v6-m\libc_nano.a(lib_a-mprec.o)
                0x0000a3f0                __mcmp
 .text.__mdiff  0x0000a424       0xc8 c:/users/isaiah/appdata/local/arduino15/packages/seeeduino/tools/arm-none-eabi-gcc/7-2017q4/bin/../lib/gcc/arm-none-eabi/7.2.1/../../../../arm-none-eabi/lib/thumb/v6-m\libc_nano.a(lib_a-mprec.o)
                0x0000a424                __mdiff
 .text.__ulp    0x0000a4ec       0x4c c:/users/isaiah/appdata/local/arduino15/packages/seeeduino/tools/arm-none-eabi-gcc/7-2017q4/bin/../lib/gcc/arm-none-eabi/7.2.1/../../../../arm-none-eabi/lib/thumb/v6-m\libc_nano.a(lib_a-mprec.o)
                0x0000a4ec                __ulp
 .text.__b2d    0x0000a538       0x98 c:/users/isaiah/appdata/local/arduino15/packages/seeeduino/tools/arm-none-eabi-gcc/7-2017q4/bin/../lib/gcc/arm-none-eabi/7.2.1/../../../../arm-none-eabi/lib/thumb/v6-m\libc_nano.a(lib_a-mprec.o)
                0x0000a538                __b2d
 .text.__d2b    0x0000a5d0       0xa8 c:/users/isaiah/appdata/local/arduino15/packages/seeeduino/tools/arm-none-eabi-gcc/7-2017q4/bin/../lib/gcc/arm-none-eabi/7.2.1/../../../../arm-none-eabi/lib/thumb/v6-m\libc_nano.a(lib_a-mprec.o)
                0x0000a5d0                __d2b
 .text.__ratio  0x0000a678       0x4e c:/users/isaiah/appdata/local/arduino15/packages/seeeduino/tools/arm-none-eabi-gcc/7-2017q4/bin/../lib/gcc/arm-none-eabi/7.2.1/../../../../arm-none-eabi/lib/thumb/v6-m\libc_nano.a(lib_a-mprec.o)
                0x0000a678                __ratio
 .text.__copybits
                0x0000a6c6       0x2c c:/users/isaiah/appdata/local/arduino15/packages/seeeduino/tools/arm-none-eabi-gcc/7-2017q4/bin/../lib/gcc/arm-none-eabi/7.2.1/../../../../arm-none-eabi/lib/thumb/v6-m\libc_nano.a(lib_a-mprec.o)
                0x0000a6c6                __copybits
 .text.__any_on
                0x0000a6f2       0x44 c:/users/isaiah/appdata/local/arduino15/packages/seeeduino/tools/arm-none-eabi-gcc/7-2017q4/bin/../lib/gcc/arm-none-eabi/7.2.1/../../../../arm-none-eabi/lib/thumb/v6-m\libc_nano.a(lib_a-mprec.o)
                0x0000a6f2                __any_on
 .text._calloc_r
                0x0000a736       0x1c c:/users/isaiah/appdata/local/arduino15/packages/seeeduino/tools/arm-none-eabi-gcc/7-2017q4/bin/../lib/gcc/arm-none-eabi/7.2.1/../../../../arm-none-eabi/lib/thumb/v6-m\libc_nano.a(lib_a-nano-callocr.o)
                0x0000a736                _calloc_r
 .text._realloc_r
                0x0000a752       0x4c c:/users/isaiah/appdata/local/arduino15/packages/seeeduino/tools/arm-none-eabi-gcc/7-2017q4/bin/../lib/gcc/arm-none-eabi/7.2.1/../../../../arm-none-eabi/lib/thumb/v6-m\libc_nano.a(lib_a-nano-reallocr.o)
                0x0000a752                _realloc_r
 *fill*         0x0000a79e        0x2 
 .text.__ssputs_r
                0x0000a7a0       0xc4 c:/users/isaiah/appdata/local/arduino15/packages/seeeduino/tools/arm-none-eabi-gcc/7-2017q4/bin/../lib/gcc/arm-none-eabi/7.2.1/../../../../arm-none-eabi/lib/thumb/v6-m\libc_nano.a(lib_a-nano-svfprintf.o)
                0x0000a7a0                __ssputs_r
 .text._svfprintf_r
                0x0000a864      0x1fc c:/users/isaiah/appdata/local/arduino15/packages/seeeduino/tools/arm-none-eabi-gcc/7-2017q4/bin/../lib/gcc/arm-none-eabi/7.2.1/../../../../arm-none-eabi/lib/thumb/v6-m\libc_nano.a(lib_a-nano-svfprintf.o)
                0x0000a864                _svfiprintf_r
                0x0000a864                _svfprintf_r
 .text._raise_r
                0x0000aa60       0x54 c:/users/isaiah/appdata/local/arduino15/packages/seeeduino/tools/arm-none-eabi-gcc/7-2017q4/bin/../lib/gcc/arm-none-eabi/7.2.1/../../../../arm-none-eabi/lib/thumb/v6-m\libc_nano.a(lib_a-signal.o)
                0x0000aa60                _raise_r
 .text.raise    0x0000aab4       0x14 c:/users/isaiah/appdata/local/arduino15/packages/seeeduino/tools/arm-none-eabi-gcc/7-2017q4/bin/../lib/gcc/arm-none-eabi/7.2.1/../../../../arm-none-eabi/lib/thumb/v6-m\libc_nano.a(lib_a-signal.o)
                0x0000aab4                raise
 .text._kill_r  0x0000aac8       0x24 c:/users/isaiah/appdata/local/arduino15/packages/seeeduino/tools/arm-none-eabi-gcc/7-2017q4/bin/../lib/gcc/arm-none-eabi/7.2.1/../../../../arm-none-eabi/lib/thumb/v6-m\libc_nano.a(lib_a-signalr.o)
                0x0000aac8                _kill_r
 .text._getpid_r
                0x0000aaec        0x8 c:/users/isaiah/appdata/local/arduino15/packages/seeeduino/tools/arm-none-eabi-gcc/7-2017q4/bin/../lib/gcc/arm-none-eabi/7.2.1/../../../../arm-none-eabi/lib/thumb/v6-m\libc_nano.a(lib_a-signalr.o)
                0x0000aaec                _getpid_r
 .text.__sread  0x0000aaf4       0x28 c:/users/isaiah/appdata/local/arduino15/packages/seeeduino/tools/arm-none-eabi-gcc/7-2017q4/bin/../lib/gcc/arm-none-eabi/7.2.1/../../../../arm-none-eabi/lib/thumb/v6-m\libc_nano.a(lib_a-stdio.o)
                0x0000aaf4                __sread
 .text.__swrite
                0x0000ab1c       0x38 c:/users/isaiah/appdata/local/arduino15/packages/seeeduino/tools/arm-none-eabi-gcc/7-2017q4/bin/../lib/gcc/arm-none-eabi/7.2.1/../../../../arm-none-eabi/lib/thumb/v6-m\libc_nano.a(lib_a-stdio.o)
                0x0000ab1c                __swrite
 .text.__sseek  0x0000ab54       0x2c c:/users/isaiah/appdata/local/arduino15/packages/seeeduino/tools/arm-none-eabi-gcc/7-2017q4/bin/../lib/gcc/arm-none-eabi/7.2.1/../../../../arm-none-eabi/lib/thumb/v6-m\libc_nano.a(lib_a-stdio.o)
                0x0000ab54                __sseek
 .text.__sclose
                0x0000ab80        0xc c:/users/isaiah/appdata/local/arduino15/packages/seeeduino/tools/arm-none-eabi-gcc/7-2017q4/bin/../lib/gcc/arm-none-eabi/7.2.1/../../../../arm-none-eabi/lib/thumb/v6-m\libc_nano.a(lib_a-stdio.o)
                0x0000ab80                __sclose
 .text.strncmp  0x0000ab8c       0x22 c:/users/isaiah/appdata/local/arduino15/packages/seeeduino/tools/arm-none-eabi-gcc/7-2017q4/bin/../lib/gcc/arm-none-eabi/7.2.1/../../../../arm-none-eabi/lib/thumb/v6-m\libc_nano.a(lib_a-strncmp.o)
                0x0000ab8c                strncmp
 .text.__ascii_wctomb
                0x0000abae       0x18 c:/users/isaiah/appdata/local/arduino15/packages/seeeduino/tools/arm-none-eabi-gcc/7-2017q4/bin/../lib/gcc/arm-none-eabi/7.2.1/../../../../arm-none-eabi/lib/thumb/v6-m\libc_nano.a(lib_a-wctomb_r.o)
                0x0000abae                __ascii_wctomb
 *fill*         0x0000abc6        0x2 
 .text._write_r
                0x0000abc8       0x28 c:/users/isaiah/appdata/local/arduino15/packages/seeeduino/tools/arm-none-eabi-gcc/7-2017q4/bin/../lib/gcc/arm-none-eabi/7.2.1/../../../../arm-none-eabi/lib/thumb/v6-m\libc_nano.a(lib_a-writer.o)
                0x0000abc8                _write_r
 .text._close_r
                0x0000abf0       0x24 c:/users/isaiah/appdata/local/arduino15/packages/seeeduino/tools/arm-none-eabi-gcc/7-2017q4/bin/../lib/gcc/arm-none-eabi/7.2.1/../../../../arm-none-eabi/lib/thumb/v6-m\libc_nano.a(lib_a-closer.o)
                0x0000abf0                _close_r
 .text._fstat_r
                0x0000ac14       0x24 c:/users/isaiah/appdata/local/arduino15/packages/seeeduino/tools/arm-none-eabi-gcc/7-2017q4/bin/../lib/gcc/arm-none-eabi/7.2.1/../../../../arm-none-eabi/lib/thumb/v6-m\libc_nano.a(lib_a-fstatr.o)
                0x0000ac14                _fstat_r
 .text._isatty_r
                0x0000ac38       0x24 c:/users/isaiah/appdata/local/arduino15/packages/seeeduino/tools/arm-none-eabi-gcc/7-2017q4/bin/../lib/gcc/arm-none-eabi/7.2.1/../../../../arm-none-eabi/lib/thumb/v6-m\libc_nano.a(lib_a-isattyr.o)
                0x0000ac38                _isatty_r
 .text._lseek_r
                0x0000ac5c       0x28 c:/users/isaiah/appdata/local/arduino15/packages/seeeduino/tools/arm-none-eabi-gcc/7-2017q4/bin/../lib/gcc/arm-none-eabi/7.2.1/../../../../arm-none-eabi/lib/thumb/v6-m\libc_nano.a(lib_a-lseekr.o)
                0x0000ac5c                _lseek_r
 .text._malloc_usable_size_r
                0x0000ac84       0x10 c:/users/isaiah/appdata/local/arduino15/packages/seeeduino/tools/arm-none-eabi-gcc/7-2017q4/bin/../lib/gcc/arm-none-eabi/7.2.1/../../../../arm-none-eabi/lib/thumb/v6-m\libc_nano.a(lib_a-nano-msizer.o)
                0x0000ac84                _malloc_usable_size_r
 .text._read_r  0x0000ac94       0x28 c:/users/isaiah/appdata/local/arduino15/packages/seeeduino/tools/arm-none-eabi-gcc/7-2017q4/bin/../lib/gcc/arm-none-eabi/7.2.1/../../../../arm-none-eabi/lib/thumb/v6-m\libc_nano.a(lib_a-readr.o)
                0x0000ac94                _read_r
 .text          0x0000acbc       0x74 c:/users/isaiah/appdata/local/arduino15/packages/seeeduino/tools/arm-none-eabi-gcc/7-2017q4/bin/../lib/gcc/arm-none-eabi/7.2.1/thumb/v6-m\libgcc.a(floatsidf.o)
                0x0000acbc                __aeabi_i2d
 .text          0x0000ad30      0x108 c:/users/isaiah/appdata/local/arduino15/packages/seeeduino/tools/arm-none-eabi-gcc/7-2017q4/bin/../lib/gcc/arm-none-eabi/7.2.1/thumb/v6-m\libgcc.a(truncdfsf2.o)
                0x0000ad30                __aeabi_d2f
 .text._close   0x0000ae38       0x10 c:/users/isaiah/appdata/local/arduino15/packages/seeeduino/tools/arm-none-eabi-gcc/7-2017q4/bin/../lib/gcc/arm-none-eabi/7.2.1/../../../../arm-none-eabi/lib/thumb/v6-m\libnosys.a(close.o)
                0x0000ae38                _close
 .text._fstat   0x0000ae48       0x10 c:/users/isaiah/appdata/local/arduino15/packages/seeeduino/tools/arm-none-eabi-gcc/7-2017q4/bin/../lib/gcc/arm-none-eabi/7.2.1/../../../../arm-none-eabi/lib/thumb/v6-m\libnosys.a(fstat.o)
                0x0000ae48                _fstat
 .text._getpid  0x0000ae58       0x10 c:/users/isaiah/appdata/local/arduino15/packages/seeeduino/tools/arm-none-eabi-gcc/7-2017q4/bin/../lib/gcc/arm-none-eabi/7.2.1/../../../../arm-none-eabi/lib/thumb/v6-m\libnosys.a(getpid.o)
                0x0000ae58                _getpid
 .text._isatty  0x0000ae68       0x10 c:/users/isaiah/appdata/local/arduino15/packages/seeeduino/tools/arm-none-eabi-gcc/7-2017q4/bin/../lib/gcc/arm-none-eabi/7.2.1/../../../../arm-none-eabi/lib/thumb/v6-m\libnosys.a(isatty.o)
                0x0000ae68                _isatty
 .text._kill    0x0000ae78       0x10 c:/users/isaiah/appdata/local/arduino15/packages/seeeduino/tools/arm-none-eabi-gcc/7-2017q4/bin/../lib/gcc/arm-none-eabi/7.2.1/../../../../arm-none-eabi/lib/thumb/v6-m\libnosys.a(kill.o)
                0x0000ae78                _kill
 .text._lseek   0x0000ae88       0x10 c:/users/isaiah/appdata/local/arduino15/packages/seeeduino/tools/arm-none-eabi-gcc/7-2017q4/bin/../lib/gcc/arm-none-eabi/7.2.1/../../../../arm-none-eabi/lib/thumb/v6-m\libnosys.a(lseek.o)
                0x0000ae88                _lseek
 .text._read    0x0000ae98       0x10 c:/users/isaiah/appdata/local/arduino15/packages/seeeduino/tools/arm-none-eabi-gcc/7-2017q4/bin/../lib/gcc/arm-none-eabi/7.2.1/../../../../arm-none-eabi/lib/thumb/v6-m\libnosys.a(read.o)
                0x0000ae98                _read
 .text._exit    0x0000aea8        0x4 c:/users/isaiah/appdata/local/arduino15/packages/seeeduino/tools/arm-none-eabi-gcc/7-2017q4/bin/../lib/gcc/arm-none-eabi/7.2.1/../../../../arm-none-eabi/lib/thumb/v6-m\libnosys.a(_exit.o)
                0x0000aea8                _exit
 *(.init)
 .init          0x0000aeac        0x4 c:/users/isaiah/appdata/local/arduino15/packages/seeeduino/tools/arm-none-eabi-gcc/7-2017q4/bin/../lib/gcc/arm-none-eabi/7.2.1/thumb/v6-m/crti.o
                0x0000aeac                _init
 .init          0x0000aeb0        0x8 c:/users/isaiah/appdata/local/arduino15/packages/seeeduino/tools/arm-none-eabi-gcc/7-2017q4/bin/../lib/gcc/arm-none-eabi/7.2.1/thumb/v6-m/crtn.o
 *(.fini)
 .fini          0x0000aeb8        0x4 c:/users/isaiah/appdata/local/arduino15/packages/seeeduino/tools/arm-none-eabi-gcc/7-2017q4/bin/../lib/gcc/arm-none-eabi/7.2.1/thumb/v6-m/crti.o
                0x0000aeb8                _fini
 .fini          0x0000aebc        0x8 c:/users/isaiah/appdata/local/arduino15/packages/seeeduino/tools/arm-none-eabi-gcc/7-2017q4/bin/../lib/gcc/arm-none-eabi/7.2.1/thumb/v6-m/crtn.o
 *crtbegin.o(.ctors)
 *crtbegin?.o(.ctors)
 *(EXCLUDE_FILE(*crtend.o *crtend?.o) .ctors)
 *(SORT_BY_NAME(.ctors.*))
 *(.ctors)
 *crtbegin.o(.dtors)
 *crtbegin?.o(.dtors)
 *(EXCLUDE_FILE(*crtend.o *crtend?.o) .dtors)
 *(SORT_BY_NAME(.dtors.*))
 *(.dtors)
 *(.rodata*)
 .rodata._ZTV7TwoWire
                0x0000aec4       0x24 c:\Users\Isaiah\Documents\Arduino\Sketches\Work_Macros\build\libraries\Wire\Wire.cpp.o
                0x0000aec4                vtable for TwoWire
 .rodata._ZN8SPIClassC2EP6SERCOMhhh14SercomSpiTXPad11SercomRXPad.str1.1
                0x0000aee8       0x76 c:\Users\Isaiah\Documents\Arduino\Sketches\Work_Macros\build\libraries\SPI\SPI.cpp.o
 .rodata._ZZN8SPIClassC4EP6SERCOMhhh14SercomSpiTXPad11SercomRXPadE19__PRETTY_FUNCTION__
                0x0000af5e       0x54 c:\Users\Isaiah\Documents\Arduino\Sketches\Work_Macros\build\libraries\SPI\SPI.cpp.o
 *fill*         0x0000afb2        0x2 
 .rodata.g_APinDescription
                0x0000afb4      0x198 c:\Users\Isaiah\Documents\Arduino\Sketches\Work_Macros\build\core\variant.cpp.o
                0x0000afb4                g_APinDescription
 .rodata._ZL10sercomData
                0x0000b14c       0x30 c:\Users\Isaiah\Documents\Arduino\Sketches\Work_Macros\build/core\core.a(SERCOM.cpp.o)
 .rodata._ZTV7Serial_
                0x0000b17c       0x28 c:\Users\Isaiah\Documents\Arduino\Sketches\Work_Macros\build/core\core.a(CDC.cpp.o)
                0x0000b17c                vtable for Serial_
 .rodata._ZTV26DoubleBufferedEPOutHandler
                0x0000b1a4       0x28 c:\Users\Isaiah\Documents\Arduino\Sketches\Work_Macros\build/core\core.a(USBCore.cpp.o)
                0x0000b1a4                vtable for DoubleBufferedEPOutHandler
 .rodata._ZL14STRING_PRODUCT
                0x0000b1cc        0xe c:\Users\Isaiah\Documents\Arduino\Sketches\Work_Macros\build/core\core.a(USBCore.cpp.o)
 .rodata._ZL15STRING_LANGUAGE
                0x0000b1da        0x4 c:\Users\Isaiah\Documents\Arduino\Sketches\Work_Macros\build/core\core.a(USBCore.cpp.o)
 .rodata._ZL19STRING_MANUFACTURER
                0x0000b1de        0x6 c:\Users\Isaiah\Documents\Arduino\Sketches\Work_Macros\build/core\core.a(USBCore.cpp.o)
 .rodata._ZL20USB_DeviceDescriptor
                0x0000b1e4       0x12 c:\Users\Isaiah\Documents\Arduino\Sketches\Work_Macros\build/core\core.a(USBCore.cpp.o)
 .rodata._ZL21USB_DeviceDescriptorB
                0x0000b1f6       0x12 c:\Users\Isaiah\Documents\Arduino\Sketches\Work_Macros\build/core\core.a(USBCore.cpp.o)
 .rodata._ZTV4Uart
                0x0000b208       0x34 c:\Users\Isaiah\Documents\Arduino\Sketches\Work_Macros\build/core\core.a(Uart.cpp.o)
                0x0000b208                vtable for Uart
 .rodata        0x0000b23c       0x40 c:/users/isaiah/appdata/local/arduino15/packages/seeeduino/tools/arm-none-eabi-gcc/7-2017q4/bin/../lib/gcc/arm-none-eabi/7.2.1/thumb/v6-m\libgcc.a(divdf3.o)
 .rodata        0x0000b27c       0x40 c:/users/isaiah/appdata/local/arduino15/packages/seeeduino/tools/arm-none-eabi-gcc/7-2017q4/bin/../lib/gcc/arm-none-eabi/7.2.1/thumb/v6-m\libgcc.a(muldf3.o)
 .rodata.__assert_func.str1.1
                0x0000b2bc       0x3c c:/users/isaiah/appdata/local/arduino15/packages/seeeduino/tools/arm-none-eabi-gcc/7-2017q4/bin/../lib/gcc/arm-none-eabi/7.2.1/../../../../arm-none-eabi/lib/thumb/v6-m\libc_nano.a(lib_a-assert.o)
                                 0x3d (size before relaxing)
 .rodata._global_impure_ptr
                0x0000b2f8        0x4 c:/users/isaiah/appdata/local/arduino15/packages/seeeduino/tools/arm-none-eabi-gcc/7-2017q4/bin/../lib/gcc/arm-none-eabi/7.2.1/../../../../arm-none-eabi/lib/thumb/v6-m\libc_nano.a(lib_a-impure.o)
                0x0000b2f8                _global_impure_ptr
 .rodata._vfprintf_r.str1.1
                0x0000b2fc       0x11 c:/users/isaiah/appdata/local/arduino15/packages/seeeduino/tools/arm-none-eabi-gcc/7-2017q4/bin/../lib/gcc/arm-none-eabi/7.2.1/../../../../arm-none-eabi/lib/thumb/v6-m\libc_nano.a(lib_a-nano-vfprintf.o)
 .rodata._printf_float.str1.1
                0x0000b30d       0x12 c:/users/isaiah/appdata/local/arduino15/packages/seeeduino/tools/arm-none-eabi-gcc/7-2017q4/bin/../lib/gcc/arm-none-eabi/7.2.1/../../../../arm-none-eabi/lib/thumb/v6-m\libc_nano.a(lib_a-nano-vfprintf_float.o)
 .rodata._printf_i.str1.1
                0x0000b31f       0x22 c:/users/isaiah/appdata/local/arduino15/packages/seeeduino/tools/arm-none-eabi-gcc/7-2017q4/bin/../lib/gcc/arm-none-eabi/7.2.1/../../../../arm-none-eabi/lib/thumb/v6-m\libc_nano.a(lib_a-nano-vfprintf_i.o)
 .rodata._scanf_float.str1.1
                0x0000b341        0x5 c:/users/isaiah/appdata/local/arduino15/packages/seeeduino/tools/arm-none-eabi-gcc/7-2017q4/bin/../lib/gcc/arm-none-eabi/7.2.1/../../../../arm-none-eabi/lib/thumb/v6-m\libc_nano.a(lib_a-nano-vfscanf_float.o)
 .rodata._strtod_l.str1.1
                0x0000b346        0x5 c:/users/isaiah/appdata/local/arduino15/packages/seeeduino/tools/arm-none-eabi-gcc/7-2017q4/bin/../lib/gcc/arm-none-eabi/7.2.1/../../../../arm-none-eabi/lib/thumb/v6-m\libc_nano.a(lib_a-strtod.o)
                                  0xc (size before relaxing)
 *fill*         0x0000b346        0x2 
 .rodata.fpi.6156
                0x0000b348       0x14 c:/users/isaiah/appdata/local/arduino15/packages/seeeduino/tools/arm-none-eabi-gcc/7-2017q4/bin/../lib/gcc/arm-none-eabi/7.2.1/../../../../arm-none-eabi/lib/thumb/v6-m\libc_nano.a(lib_a-strtod.o)
 .rodata.fpinan.6192
                0x0000b35c       0x14 c:/users/isaiah/appdata/local/arduino15/packages/seeeduino/tools/arm-none-eabi-gcc/7-2017q4/bin/../lib/gcc/arm-none-eabi/7.2.1/../../../../arm-none-eabi/lib/thumb/v6-m\libc_nano.a(lib_a-strtod.o)
 .rodata.tinytens
                0x0000b370       0x28 c:/users/isaiah/appdata/local/arduino15/packages/seeeduino/tools/arm-none-eabi-gcc/7-2017q4/bin/../lib/gcc/arm-none-eabi/7.2.1/../../../../arm-none-eabi/lib/thumb/v6-m\libc_nano.a(lib_a-strtod.o)
 .rodata._dtoa_r.str1.1
                0x0000b398        0xd c:/users/isaiah/appdata/local/arduino15/packages/seeeduino/tools/arm-none-eabi-gcc/7-2017q4/bin/../lib/gcc/arm-none-eabi/7.2.1/../../../../arm-none-eabi/lib/thumb/v6-m\libc_nano.a(lib_a-dtoa.o)
                                  0xf (size before relaxing)
 *fill*         0x0000b3a5        0x3 
 .rodata.__sf_fake_stderr
                0x0000b3a8       0x20 c:/users/isaiah/appdata/local/arduino15/packages/seeeduino/tools/arm-none-eabi-gcc/7-2017q4/bin/../lib/gcc/arm-none-eabi/7.2.1/../../../../arm-none-eabi/lib/thumb/v6-m\libc_nano.a(lib_a-findfp.o)
                0x0000b3a8                __sf_fake_stderr
 .rodata.__sf_fake_stdin
                0x0000b3c8       0x20 c:/users/isaiah/appdata/local/arduino15/packages/seeeduino/tools/arm-none-eabi-gcc/7-2017q4/bin/../lib/gcc/arm-none-eabi/7.2.1/../../../../arm-none-eabi/lib/thumb/v6-m\libc_nano.a(lib_a-findfp.o)
                0x0000b3c8                __sf_fake_stdin
 .rodata.__sf_fake_stdout
                0x0000b3e8       0x20 c:/users/isaiah/appdata/local/arduino15/packages/seeeduino/tools/arm-none-eabi-gcc/7-2017q4/bin/../lib/gcc/arm-none-eabi/7.2.1/../../../../arm-none-eabi/lib/thumb/v6-m\libc_nano.a(lib_a-findfp.o)
                0x0000b3e8                __sf_fake_stdout
 .rodata._setlocale_r.str1.1
                0x0000b408        0x8 c:/users/isaiah/appdata/local/arduino15/packages/seeeduino/tools/arm-none-eabi-gcc/7-2017q4/bin/../lib/gcc/arm-none-eabi/7.2.1/../../../../arm-none-eabi/lib/thumb/v6-m\libc_nano.a(lib_a-locale.o)
                                  0x9 (size before relaxing)
 .rodata.str1.1
                0x0000b410        0x2 c:/users/isaiah/appdata/local/arduino15/packages/seeeduino/tools/arm-none-eabi-gcc/7-2017q4/bin/../lib/gcc/arm-none-eabi/7.2.1/../../../../arm-none-eabi/lib/thumb/v6-m\libc_nano.a(lib_a-locale.o)
 *fill*         0x0000b412        0x6 
 .rodata.__mprec_bigtens
                0x0000b418       0x28 c:/users/isaiah/appdata/local/arduino15/packages/seeeduino/tools/arm-none-eabi-gcc/7-2017q4/bin/../lib/gcc/arm-none-eabi/7.2.1/../../../../arm-none-eabi/lib/thumb/v6-m\libc_nano.a(lib_a-mprec.o)
                0x0000b418                __mprec_bigtens
 .rodata.__mprec_tens
                0x0000b440       0xc8 c:/users/isaiah/appdata/local/arduino15/packages/seeeduino/tools/arm-none-eabi-gcc/7-2017q4/bin/../lib/gcc/arm-none-eabi/7.2.1/../../../../arm-none-eabi/lib/thumb/v6-m\libc_nano.a(lib_a-mprec.o)
                0x0000b440                __mprec_tens
 .rodata.p05.6084
                0x0000b508        0xc c:/users/isaiah/appdata/local/arduino15/packages/seeeduino/tools/arm-none-eabi-gcc/7-2017q4/bin/../lib/gcc/arm-none-eabi/7.2.1/../../../../arm-none-eabi/lib/thumb/v6-m\libc_nano.a(lib_a-mprec.o)
 .rodata._svfprintf_r.str1.1
                0x0000b514       0x11 c:/users/isaiah/appdata/local/arduino15/packages/seeeduino/tools/arm-none-eabi-gcc/7-2017q4/bin/../lib/gcc/arm-none-eabi/7.2.1/../../../../arm-none-eabi/lib/thumb/v6-m\libc_nano.a(lib_a-nano-svfprintf.o)
 .rodata._ctype_
                0x0000b514      0x101 c:/users/isaiah/appdata/local/arduino15/packages/seeeduino/tools/arm-none-eabi-gcc/7-2017q4/bin/../lib/gcc/arm-none-eabi/7.2.1/../../../../arm-none-eabi/lib/thumb/v6-m\libc_nano.a(lib_a-ctype_.o)
                0x0000b514                _ctype_
 *(.eh_frame*)
 *fill*         0x0000b615        0x3 
 .eh_frame      0x0000b618        0x0 c:/users/isaiah/appdata/local/arduino15/packages/seeeduino/tools/arm-none-eabi-gcc/7-2017q4/bin/../lib/gcc/arm-none-eabi/7.2.1/thumb/v6-m/crtbegin.o
 .eh_frame      0x0000b618        0x4 c:/users/isaiah/appdata/local/arduino15/packages/seeeduino/tools/arm-none-eabi-gcc/7-2017q4/bin/../lib/gcc/arm-none-eabi/7.2.1/thumb/v6-m/crtend.o

.glue_7         0x0000b61c        0x0
 .glue_7        0x0000b61c        0x0 linker stubs

.glue_7t        0x0000b61c        0x0
 .glue_7t       0x0000b61c        0x0 linker stubs

.vfp11_veneer   0x0000b61c        0x0
 .vfp11_veneer  0x0000b61c        0x0 linker stubs

.v4_bx          0x0000b61c        0x0
 .v4_bx         0x0000b61c        0x0 linker stubs

.iplt           0x0000b61c        0x0
 .iplt          0x0000b61c        0x0 c:/users/isaiah/appdata/local/arduino15/packages/seeeduino/tools/arm-none-eabi-gcc/7-2017q4/bin/../lib/gcc/arm-none-eabi/7.2.1/thumb/v6-m/crtbegin.o

.rel.dyn        0x0000b61c        0x0
 .rel.iplt      0x0000b61c        0x0 c:/users/isaiah/appdata/local/arduino15/packages/seeeduino/tools/arm-none-eabi-gcc/7-2017q4/bin/../lib/gcc/arm-none-eabi/7.2.1/thumb/v6-m/crtbegin.o

.ARM.extab
 *(.ARM.extab* .gnu.linkonce.armextab.*)
                0x0000b61c                __exidx_start = .

.ARM.exidx
 *(.ARM.exidx* .gnu.linkonce.armexidx.*)
                0x0000b61c                __exidx_end = .
                0x0000b61c                __etext = .

.data           0x20000000      0x270 load address 0x0000b61c
                0x20000000                __data_start__ = .
 *(vtable)
 *(.data*)
 .data.SystemCoreClock
                0x20000000        0x4 c:\Users\Isaiah\Documents\Arduino\Sketches\Work_Macros\build/core\core.a(wiring.c.o)
                0x20000000                SystemCoreClock
 .data._ZL5ticks
                0x20000004        0x4 c:\Users\Isaiah\Documents\Arduino\Sketches\Work_Macros\build/core\core.a(Reset.cpp.o)
 .data._ZL10breakValue
                0x20000008        0x4 c:\Users\Isaiah\Documents\Arduino\Sketches\Work_Macros\build/core\core.a(CDC.cpp.o)
 .data._ZL12_usbLineInfo
                0x2000000c        0x8 c:\Users\Isaiah\Documents\Arduino\Sketches\Work_Macros\build/core\core.a(CDC.cpp.o)
 .data._ZL13_cdcInterface
                0x20000014       0x42 c:\Users\Isaiah\Documents\Arduino\Sketches\Work_Macros\build/core\core.a(CDC.cpp.o)
 *fill*         0x20000056        0x2 
 .data._serialPeek
                0x20000058        0x4 c:\Users\Isaiah\Documents\Arduino\Sketches\Work_Macros\build/core\core.a(CDC.cpp.o)
                0x20000058                _serialPeek
 .data.EndPoints
                0x2000005c       0x28 c:\Users\Isaiah\Documents\Arduino\Sketches\Work_Macros\build/core\core.a(USBCore.cpp.o)
                0x2000005c                EndPoints
 .data._impure_ptr
                0x20000084        0x4 c:/users/isaiah/appdata/local/arduino15/packages/seeeduino/tools/arm-none-eabi-gcc/7-2017q4/bin/../lib/gcc/arm-none-eabi/7.2.1/../../../../arm-none-eabi/lib/thumb/v6-m\libc_nano.a(lib_a-impure.o)
                0x20000084                _impure_ptr
 .data.impure_data
                0x20000088       0x60 c:/users/isaiah/appdata/local/arduino15/packages/seeeduino/tools/arm-none-eabi-gcc/7-2017q4/bin/../lib/gcc/arm-none-eabi/7.2.1/../../../../arm-none-eabi/lib/thumb/v6-m\libc_nano.a(lib_a-impure.o)
 .data.__global_locale
                0x200000e8      0x16c c:/users/isaiah/appdata/local/arduino15/packages/seeeduino/tools/arm-none-eabi-gcc/7-2017q4/bin/../lib/gcc/arm-none-eabi/7.2.1/../../../../arm-none-eabi/lib/thumb/v6-m\libc_nano.a(lib_a-locale.o)
                0x200000e8                __global_locale
                0x20000254                . = ALIGN (0x4)
                0x20000254                PROVIDE (__preinit_array_start, .)
 *(.preinit_array)
                0x20000254                PROVIDE (__preinit_array_end, .)
                0x20000254                . = ALIGN (0x4)