Archive member included to satisfy reference by file (symbol)

c:\Users\Isaiah\Documents\Arduino\Sketches\Work_Macros\build/core\core.a(cortex_handlers.c.o)
                              (Reset_Handler)
c:\Users\Isaiah\Documents\Arduino\Sketches\Work_Macros\build/core\core.a(delay.c.o)
                              c:\Users\Isaiah\Documents\Arduino\Sketches\Work_Macros\build\libraries\Adafruit_SSD1306\Adafruit_SSD1306.cpp.o (delay)
c:\Users\Isaiah\Documents\Arduino\Sketches\Work_Macros\build/core\core.a(hooks.c.o)
                              c:\Users\Isaiah\Documents\Arduino\Sketches\Work_Macros\build/core\core.a(delay.c.o) (yield)
c:\Users\Isaiah\Documents\Arduino\Sketches\Work_Macros\build/core\core.a(startup.c.o)
                              c:\Users\Isaiah\Documents\Arduino\Sketches\Work_Macros\build/core\core.a(cortex_handlers.c.o) (SystemInit)
c:\Users\Isaiah\Documents\Arduino\Sketches\Work_Macros\build/core\core.a(wiring.c.o)
                              c:\Users\Isaiah\Documents\Arduino\Sketches\Work_Macros\build/core\core.a(startup.c.o) (SystemCoreClock)
c:\Users\Isaiah\Documents\Arduino\Sketches\Work_Macros\build/core\core.a(wiring_analog.c.o)
                              c:\Users\Isaiah\Documents\Arduino\Sketches\Work_Macros\build/core\core.a(wiring.c.o) (analogReference)
c:\Users\Isaiah\Documents\Arduino\Sketches\Work_Macros\build/core\core.a(wiring_digital.c.o)
                              c:\Users\Isaiah\Documents\Arduino\Sketches\Work_Macros\build\sketch\Work_Macros.ino.cpp.o (pinMode)
c:\Users\Isaiah\Documents\Arduino\Sketches\Work_Macros\build/core\core.a(wiring_private.c.o)
                              c:\Users\Isaiah\Documents\Arduino\Sketches\Work_Macros\build/core\core.a(wiring_analog.c.o) (mapResolution)
c:\Users\Isaiah\Documents\Arduino\Sketches\Work_Macros\build/core\core.a(Print.cpp.o)
                              c:\Users\Isaiah\Documents\Arduino\Sketches\Work_Macros\build\libraries\Adafruit_SSD1306\Adafruit_SSD1306.cpp.o (Print::write(unsigned char const*, unsigned int))
c:\Users\Isaiah\Documents\Arduino\Sketches\Work_Macros\build/core\core.a(Reset.cpp.o)
                              c:\Users\Isaiah\Documents\Arduino\Sketches\Work_Macros\build/core\core.a(delay.c.o) (tickReset)
c:\Users\Isaiah\Documents\Arduino\Sketches\Work_Macros\build/core\core.a(Retarget.cpp.o)
                              (__wrap__write)
c:\Users\Isaiah\Documents\Arduino\Sketches\Work_Macros\build/core\core.a(SERCOM.cpp.o)
                              c:\Users\Isaiah\Documents\Arduino\Sketches\Work_Macros\build\core\variant.cpp.o (SERCOM::SERCOM(Sercom*))
c:\Users\Isaiah\Documents\Arduino\Sketches\Work_Macros\build/core\core.a(CDC.cpp.o)
                              c:\Users\Isaiah\Documents\Arduino\Sketches\Work_Macros\build\sketch\Work_Macros.ino.cpp.o (Serial_::begin(unsigned long))
c:\Users\Isaiah\Documents\Arduino\Sketches\Work_Macros\build/core\core.a(USBCore.cpp.o)
                              c:\Users\Isaiah\Documents\Arduino\Sketches\Work_Macros\build/core\core.a(CDC.cpp.o) (USBDeviceClass::clear(unsigned long))
c:\Users\Isaiah\Documents\Arduino\Sketches\Work_Macros\build/core\core.a(Uart.cpp.o)
                              c:\Users\Isaiah\Documents\Arduino\Sketches\Work_Macros\build\core\variant.cpp.o (Uart::Uart(SERCOM*, unsigned char, unsigned char, SercomRXPad, SercomUartTXPad))
c:\Users\Isaiah\Documents\Arduino\Sketches\Work_Macros\build/core\core.a(abi.cpp.o)
                              c:\Users\Isaiah\Documents\Arduino\Sketches\Work_Macros\build\libraries\Adafruit_GFX_Library\Adafruit_GFX.cpp.o (__cxa_pure_virtual)
c:\Users\Isaiah\Documents\Arduino\Sketches\Work_Macros\build/core\core.a(main.cpp.o)
                              c:/users/isaiah/appdata/local/arduino15/packages/seeeduino/tools/arm-none-eabi-gcc/7-2017q4/bin/../lib/gcc/arm-none-eabi/7.2.1/../../../../arm-none-eabi/lib/thumb/v6-m/crt0.o (main)
c:\Users\Isaiah\Documents\Arduino\Sketches\Work_Macros\build/core\core.a(new.cpp.o)
                              c:\Users\Isaiah\Documents\Arduino\Sketches\Work_Macros\build/core\core.a(USBCore.cpp.o) (operator new(unsigned int))
c:\Users\Isaiah\Documents\Arduino\Sketches\Work_Macros\build/core\core.a(PluggableUSB.cpp.o)
                              c:\Users\Isaiah\Documents\Arduino\Sketches\Work_Macros\build/core\core.a(USBCore.cpp.o) (PluggableUSB_::getInterface(unsigned char*))
c:\Users\Isaiah\Documents\Arduino\Sketches\Work_Macros\build/core\core.a(SAMD21_USBDevice.cpp.o)
                              c:\Users\Isaiah\Documents\Arduino\Sketches\Work_Macros\build/core\core.a(USBCore.cpp.o) (USBDevice_SAMD21G18x::reset())
c:/users/isaiah/appdata/local/arduino15/packages/seeeduino/tools/arm-none-eabi-gcc/7-2017q4/bin/../lib/gcc/arm-none-eabi/7.2.1/../../../../arm-none-eabi/lib/thumb/v6-m\libstdc++_nano.a(del_ops.o)
                              c:\Users\Isaiah\Documents\Arduino\Sketches\Work_Macros\build/core\core.a(USBCore.cpp.o) (operator delete(void*, unsigned int))
[...]
Memory Configuration

Name             Origin             Length             Attributes
FLASH            0x00002000         0x0003e000         xr
RAM              0x20000000         0x00008000         xrw
*default*        0x00000000         0xffffffff

Linker script and memory map

LOAD c:/users/isaiah/appdata/local/arduino15/packages/seeeduino/tools/arm-none-eabi-gcc/7-2017q4/bin/../lib/gcc/arm-none-eabi/7.2.1/thumb/v6-m/crti.o
LOAD c:/users/isaiah/appdata/local/arduino15/packages/seeeduino/tools/arm-none-eabi-gcc/7-2017q4/bin/../lib/gcc/arm-none-eabi/7.2.1/thumb/v6-m/crtbegin.o
LOAD c:/users/isaiah/appdata/local/arduino15/packages/seeeduino/tools/arm-none-eabi-gcc/7-2017q4/bin/../lib/gcc/arm-none-eabi/7.2.1/../../../../arm-none-eabi/lib/thumb/v6-m/crt0.o
LOAD c:\Users\Isaiah\Documents\Arduino\Sketches\Work_Macros\build\sketch\Work_Macros.ino.cpp.o
LOAD c:\Users\Isaiah\Documents\Arduino\Sketches\Work_Macros\build\libraries\Adafruit_SSD1306\Adafruit_SSD1306.cpp.o
LOAD c:\Users\Isaiah\Documents\Arduino\Sketches\Work_Macros\build\libraries\Wire\Wire.cpp.o
LOAD c:\Users\Isaiah\Documents\Arduino\Sketches\Work_Macros\build\libraries\SPI\SPI.cpp.o
LOAD c:\Users\Isaiah\Documents\Arduino\Sketches\Work_Macros\build\libraries\Adafruit_ZeroDMA\Adafruit_ZeroDMA.cpp.o
LOAD c:\Users\Isaiah\Documents\Arduino\Sketches\Work_Macros\build\libraries\Adafruit_GFX_Library\glcdfont.c.o
LOAD c:\Users\Isaiah\Documents\Arduino\Sketches\Work_Macros\build\libraries\Adafruit_GFX_Library\Adafruit_GFX.cpp.o
LOAD c:\Users\Isaiah\Documents\Arduino\Sketches\Work_Macros\build\libraries\Adafruit_GFX_Library\Adafruit_SPITFT.cpp.o
LOAD c:\Users\Isaiah\Documents\Arduino\Sketches\Work_Macros\build\core\variant.cpp.o
START GROUP
LOAD C:\Users\Isaiah\AppData\Local\Arduino15\packages\Seeeduino\tools\CMSIS\5.7.0/CMSIS/DSP/Lib/GCC/\libarm_cortexM0l_math.a
LOAD c:/users/isaiah/appdata/local/arduino15/packages/seeeduino/tools/arm-none-eabi-gcc/7-2017q4/bin/../lib/gcc/arm-none-eabi/7.2.1/../../../../arm-none-eabi/lib/thumb/v6-m\libm.a
LOAD c:\Users\Isaiah\Documents\Arduino\Sketches\Work_Macros\build/core\core.a
END GROUP
LOAD c:/users/isaiah/appdata/local/arduino15/packages/seeeduino/tools/arm-none-eabi-gcc/7-2017q4/bin/../lib/gcc/arm-none-eabi/7.2.1/../../../../arm-none-eabi/lib/thumb/v6-m\libstdc++_nano.a
LOAD c:/users/isaiah/appdata/local/arduino15/packages/seeeduino/tools/arm-none-eabi-gcc/7-2017q4/bin/../lib/gcc/arm-none-eabi/7.2.1/../../../../arm-none-eabi/lib/thumb/v6-m\libm.a
START GROUP
LOAD c:/users/isaiah/appdata/local/arduino15/packages/seeeduino/tools/arm-none-eabi-gcc/7-2017q4/bin/../lib/gcc/arm-none-eabi/7.2.1/thumb/v6-m\libgcc.a
LOAD c:/users/isaiah/appdata/local/arduino15/packages/seeeduino/tools/arm-none-eabi-gcc/7-2017q4/bin/../lib/gcc/arm-none-eabi/7.2.1/../../../../arm-none-eabi/lib/thumb/v6-m\libc_nano.a
END GROUP
START GROUP
LOAD c:/users/isaiah/appdata/local/arduino15/packages/seeeduino/tools/arm-none-eabi-gcc/7-2017q4/bin/../lib/gcc/arm-none-eabi/7.2.1/thumb/v6-m\libgcc.a
LOAD c:/users/isaiah/appdata/local/arduino15/packages/seeeduino/tools/arm-none-eabi-gcc/7-2017q4/bin/../lib/gcc/arm-none-eabi/7.2.1/../../../../arm-none-eabi/lib/thumb/v6-m\libc_nano.a
LOAD c:/users/isaiah/appdata/local/arduino15/packages/seeeduino/tools/arm-none-eabi-gcc/7-2017q4/bin/../lib/gcc/arm-none-eabi/7.2.1/../../../../arm-none-eabi/lib/thumb/v6-m\libnosys.a
END GROUP
START GROUP
LOAD c:/users/isaiah/appdata/local/arduino15/packages/seeeduino/tools/arm-none-eabi-gcc/7-2017q4/bin/../lib/gcc/arm-none-eabi/7.2.1/thumb/v6-m\libgcc.a
LOAD c:/users/isaiah/appdata/local/arduino15/packages/seeeduino/tools/arm-none-eabi-gcc/7-2017q4/bin/../lib/gcc/arm-none-eabi/7.2.1/../../../../arm-none-eabi/lib/thumb/v6-m\libc_nano.a
LOAD c:/users/isaiah/appdata/local/arduino15/packages/seeeduino/tools/arm-none-eabi-gcc/7-2017q4/bin/../lib/gcc/arm-none-eabi/7.2.1/../../../../arm-none-eabi/lib/thumb/v6-m\libnosys.a
END GROUP
LOAD c:/users/isaiah/appdata/local/arduino15/packages/seeeduino/tools/arm-none-eabi-gcc/7-2017q4/bin/../lib/gcc/arm-none-eabi/7.2.1/thumb/v6-m/crtend.o
LOAD c:/users/isaiah/appdata/local/arduino15/packages/seeeduino/tools/arm-none-eabi-gcc/7-2017q4/bin/../lib/gcc/arm-none-eabi/7.2.1/thumb/v6-m/crtn.o

.text           0x00002000     0x966c
                0x00002000                __text_start__ = .
 *(.isr_vector)
 .isr_vector    0x00002000       0xb4 c:\Users\Isaiah\Documents\Arduino\Sketches\Work_Macros\build/core\core.a(cortex_handlers.c.o)
                0x00002000                exception_table
 *(.text*)
 .text          0x000020b4       0x48 c:/users/isaiah/appdata/local/arduino15/packages/seeeduino/tools/arm-none-eabi-gcc/7-2017q4/bin/../lib/gcc/arm-none-eabi/7.2.1/thumb/v6-m/crtbegin.o
 .text.setup    0x000020fc       0x2c c:\Users\Isaiah\Documents\Arduino\Sketches\Work_Macros\build\sketch\Work_Macros.ino.cpp.o
                0x000020fc                setup
 .text.loop     0x00002128        0x2 c:\Users\Isaiah\Documents\Arduino\Sketches\Work_Macros\build\sketch\Work_Macros.ino.cpp.o
                0x00002128                loop
 .text._ZN5Print17availableForWriteEv
                0x0000212a        0x4 c:\Users\Isaiah\Documents\Arduino\Sketches\Work_Macros\build\libraries\Adafruit_SSD1306\Adafruit_SSD1306.cpp.o
                0x0000212a                Print::availableForWrite()
 .text._ZN7TwoWire5writeEPKhj
                0x0000212e       0x24 c:\Users\Isaiah\Documents\Arduino\Sketches\Work_Macros\build\libraries\Wire\Wire.cpp.o
                0x0000212e                TwoWire::write(unsigned char const*, unsigned int)
 .text._ZN7TwoWire5flushEv
                0x00002152        0x2 c:\Users\Isaiah\Documents\Arduino\Sketches\Work_Macros\build\libraries\Wire\Wire.cpp.o
                0x00002152                TwoWire::flush()
 .text._ZN7TwoWire4peekEv
                0x00002154       0x1a c:\Users\Isaiah\Documents\Arduino\Sketches\Work_Macros\build\libraries\Wire\Wire.cpp.o
                0x00002154                TwoWire::peek()
 .text._ZN7TwoWire9availableEv
                0x0000216e       0x12 c:\Users\Isaiah\Documents\Arduino\Sketches\Work_Macros\build\libraries\Wire\Wire.cpp.o
                0x0000216e                TwoWire::available()
 .text._ZN7TwoWireC2EP6SERCOMhh
                0x00002180       0x60 c:\Users\Isaiah\Documents\Arduino\Sketches\Work_Macros\build\libraries\Wire\Wire.cpp.o
                0x00002180                TwoWire::TwoWire(SERCOM*, unsigned char, unsigned char)
                0x00002180                TwoWire::TwoWire(SERCOM*, unsigned char, unsigned char)
 .text._ZN11RingBufferNILi256EE10store_charEh
                0x000021e0       0x1a c:\Users\Isaiah\Documents\Arduino\Sketches\Work_Macros\build\libraries\Wire\Wire.cpp.o
                0x000021e0                RingBufferN<256>::store_char(unsigned char)
 .text._ZN7TwoWire5writeEh
                0x000021fa       0x2a c:\Users\Isaiah\Documents\Arduino\Sketches\Work_Macros\build\libraries\Wire\Wire.cpp.o
                0x000021fa                TwoWire::write(unsigned char)
 .text._ZN11RingBufferNILi256EE9read_charEv
                0x00002224       0x20 c:\Users\Isaiah\Documents\Arduino\Sketches\Work_Macros\build\libraries\Wire\Wire.cpp.o
                0x00002224                RingBufferN<256>::read_char()
 .text._ZN7TwoWire4readEv
                0x00002244        0xa c:\Users\Isaiah\Documents\Arduino\Sketches\Work_Macros\build\libraries\Wire\Wire.cpp.o
                0x00002244                TwoWire::read()
 .text._ZN7TwoWire9onServiceEv
                0x0000224e      0x11c c:\Users\Isaiah\Documents\Arduino\Sketches\Work_Macros\build\libraries\Wire\Wire.cpp.o
                0x0000224e                TwoWire::onService()
 *fill*         0x0000236a        0x2 
 .text.SERCOM2_Handler
                0x0000236c       0x10 c:\Users\Isaiah\Documents\Arduino\Sketches\Work_Macros\build\libraries\Wire\Wire.cpp.o
                0x0000236c                SERCOM2_Handler
 .text.startup._GLOBAL__sub_I__ZN7TwoWireC2EP6SERCOMhh
                0x0000237c       0x18 c:\Users\Isaiah\Documents\Arduino\Sketches\Work_Macros\build\libraries\Wire\Wire.cpp.o
 .text._ZN8SPIClassC2EP6SERCOMhhh14SercomSpiTXPad11SercomRXPad
                0x00002394       0x74 c:\Users\Isaiah\Documents\Arduino\Sketches\Work_Macros\build\libraries\SPI\SPI.cpp.o
                0x00002394                SPIClass::SPIClass(SERCOM*, unsigned char, unsigned char, unsigned char, SercomSpiTXPad, SercomRXPad)
                0x00002394                SPIClass::SPIClass(SERCOM*, unsigned char, unsigned char, unsigned char, SercomSpiTXPad, SercomRXPad)
 .text.startup._GLOBAL__sub_I__ZN8SPIClassC2EP6SERCOMhhh14SercomSpiTXPad11SercomRXPad
                0x00002408       0x38 c:\Users\Isaiah\Documents\Arduino\Sketches\Work_Macros\build\libraries\SPI\SPI.cpp.o
 .text._ZL22cpu_irq_enter_criticalv
                0x00002440       0x30 c:\Users\Isaiah\Documents\Arduino\Sketches\Work_Macros\build\libraries\Adafruit_ZeroDMA\Adafruit_ZeroDMA.cpp.o
 .text._ZL22cpu_irq_leave_criticalv
                0x00002470       0x2c c:\Users\Isaiah\Documents\Arduino\Sketches\Work_Macros\build\libraries\Adafruit_ZeroDMA\Adafruit_ZeroDMA.cpp.o
 .text._ZN16Adafruit_ZeroDMAC2Ev
                0x0000249c       0x22 c:\Users\Isaiah\Documents\Arduino\Sketches\Work_Macros\build\libraries\Adafruit_ZeroDMA\Adafruit_ZeroDMA.cpp.o
                0x0000249c                Adafruit_ZeroDMA::Adafruit_ZeroDMA()
                0x0000249c                Adafruit_ZeroDMA::Adafruit_ZeroDMA()
 *fill*         0x000024be        0x2 
 .text._ZN16Adafruit_ZeroDMA11_IRQhandlerEh
                0x000024c0       0x44 c:\Users\Isaiah\Documents\Arduino\Sketches\Work_Macros\build\libraries\Adafruit_ZeroDMA\Adafruit_ZeroDMA.cpp.o
                0x000024c0                Adafruit_ZeroDMA::_IRQhandler(unsigned char)
 .text.DMAC_Handler
                0x00002504       0x48 c:\Users\Isaiah\Documents\Arduino\Sketches\Work_Macros\build\libraries\Adafruit_ZeroDMA\Adafruit_ZeroDMA.cpp.o
                0x00002504                DMAC_Handler
 .text.SERCOM4_Handler
                0x0000254c       0x10 c:\Users\Isaiah\Documents\Arduino\Sketches\Work_Macros\build\core\variant.cpp.o
                0x0000254c                SERCOM4_Handler
 .text.startup._GLOBAL__sub_I_g_APinDescription
                0x0000255c       0x80 c:\Users\Isaiah\Documents\Arduino\Sketches\Work_Macros\build\core\variant.cpp.o
 .text.Dummy_Handler
                0x000025dc        0x2 c:\Users\Isaiah\Documents\Arduino\Sketches\Work_Macros\build/core\core.a(cortex_handlers.c.o)
                0x000025dc                HardFault_Handler
                0x000025dc                AC_Handler
                0x000025dc                PendSV_Handler
                0x000025dc                NMI_Handler
                0x000025dc                TC7_Handler
                0x000025dc                SERCOM1_Handler
                0x000025dc                ADC_Handler
                0x000025dc                TCC1_Handler
                0x000025dc                TCC0_Handler
                0x000025dc                RTC_Handler
                0x000025dc                EIC_Handler
                0x000025dc                TC6_Handler
                0x000025dc                WDT_Handler
                0x000025dc                TC4_Handler
                0x000025dc                TC3_Handler
                0x000025dc                Dummy_Handler
                0x000025dc                PM_Handler
                0x000025dc                SERCOM5_Handler
                0x000025dc                SVC_Handler
                0x000025dc                TCC2_Handler
                0x000025dc                EVSYS_Handler
                0x000025dc                SERCOM3_Handler
                0x000025dc                I2S_Handler
                0x000025dc                NVMCTRL_Handler
                0x000025dc                SERCOM0_Handler
                0x000025dc                DAC_Handler
                0x000025dc                PTC_Handler
                0x000025dc                SYSCTRL_Handler
 *fill*         0x000025de        0x2 
 .text.USB_Handler
                0x000025e0       0x14 c:\Users\Isaiah\Documents\Arduino\Sketches\Work_Macros\build/core\core.a(cortex_handlers.c.o)
                0x000025e0                USB_Handler
 .text.Reset_Handler
                0x000025f4       0x54 c:\Users\Isaiah\Documents\Arduino\Sketches\Work_Macros\build/core\core.a(cortex_handlers.c.o)
                0x000025f4                Reset_Handler
 .text.SysTick_Handler
                0x00002648       0x10 c:\Users\Isaiah\Documents\Arduino\Sketches\Work_Macros\build/core\core.a(cortex_handlers.c.o)
                0x00002648                SysTick_Handler
 .text.USB_SetHandler
                0x00002658        0xc c:\Users\Isaiah\Documents\Arduino\Sketches\Work_Macros\build/core\core.a(cortex_handlers.c.o)
                0x00002658                USB_SetHandler
 .text.micros   0x00002664       0x60 c:\Users\Isaiah\Documents\Arduino\Sketches\Work_Macros\build/core\core.a(delay.c.o)
                0x00002664                micros
 .text._real_delay
                0x000026c4       0x30 c:\Users\Isaiah\Documents\Arduino\Sketches\Work_Macros\build/core\core.a(delay.c.o)
                0x000026c4                _real_delay
                0x000026c4                delay
 .text.SysTick_DefaultHandler
                0x000026f4       0x14 c:\Users\Isaiah\Documents\Arduino\Sketches\Work_Macros\build/core\core.a(delay.c.o)
                0x000026f4                SysTick_DefaultHandler
 .text.__empty  0x00002708        0x2 c:\Users\Isaiah\Documents\Arduino\Sketches\Work_Macros\build/core\core.a(hooks.c.o)
                0x00002708                yield
 .text.__false  0x0000270a        0x4 c:\Users\Isaiah\Documents\Arduino\Sketches\Work_Macros\build/core\core.a(hooks.c.o)
                0x0000270a                sysTickHook
 *fill*         0x0000270e        0x2 
 .text.SystemInit
                0x00002710      0x160 c:\Users\Isaiah\Documents\Arduino\Sketches\Work_Macros\build/core\core.a(startup.c.o)
                0x00002710                SystemInit
 .text.init     0x00002870       0xe0 c:\Users\Isaiah\Documents\Arduino\Sketches\Work_Macros\build/core\core.a(wiring.c.o)
                0x00002870                init
 .text.analogReference
                0x00002950       0x88 c:\Users\Isaiah\Documents\Arduino\Sketches\Work_Macros\build/core\core.a(wiring_analog.c.o)
                0x00002950                analogReference
 .text.pinMode  0x000029d8       0x60 c:\Users\Isaiah\Documents\Arduino\Sketches\Work_Macros\build/core\core.a(wiring_digital.c.o)
                0x000029d8                pinMode
 .text.digitalWrite
                0x00002a38       0x58 c:\Users\Isaiah\Documents\Arduino\Sketches\Work_Macros\build/core\core.a(wiring_digital.c.o)
                0x00002a38                digitalWrite
 .text.pinPeripheral
                0x00002a90       0xc4 c:\Users\Isaiah\Documents\Arduino\Sketches\Work_Macros\build/core\core.a(wiring_private.c.o)
                0x00002a90                pinPeripheral
 .text._ZN5Print5writeEPKhj
                0x00002b54       0x28 c:\Users\Isaiah\Documents\Arduino\Sketches\Work_Macros\build/core\core.a(Print.cpp.o)
                0x00002b54                Print::write(unsigned char const*, unsigned int)
 .text.initiateReset
                0x00002b7c        0xc c:\Users\Isaiah\Documents\Arduino\Sketches\Work_Macros\build/core\core.a(Reset.cpp.o)
                0x00002b7c                initiateReset
 .text.cancelReset
                0x00002b88       0x10 c:\Users\Isaiah\Documents\Arduino\Sketches\Work_Macros\build/core\core.a(Reset.cpp.o)
                0x00002b88                cancelReset
 .text.tickReset
                0x00002b98       0x78 c:\Users\Isaiah\Documents\Arduino\Sketches\Work_Macros\build/core\core.a(Reset.cpp.o)
                0x00002b98                tickReset
 .text.__wrap__write
                0x00002c10        0x4 c:\Users\Isaiah\Documents\Arduino\Sketches\Work_Macros\build/core\core.a(Retarget.cpp.o)
                0x00002c10                __wrap__write
 .text._ZN6SERCOMC2EP6Sercom
                0x00002c14        0x4 c:\Users\Isaiah\Documents\Arduino\Sketches\Work_Macros\build/core\core.a(SERCOM.cpp.o)
                0x00002c14                SERCOM::SERCOM(Sercom*)
                0x00002c14                SERCOM::SERCOM(Sercom*)
 .text._ZN6SERCOM9initFrameE18SercomUartCharSize15SercomDataOrder16SercomParityMode19SercomNumberStopBit
                0x00002c18       0x3a c:\Users\Isaiah\Documents\Arduino\Sketches\Work_Macros\build/core\core.a(SERCOM.cpp.o)
                0x00002c18                SERCOM::initFrame(SercomUartCharSize, SercomDataOrder, SercomParityMode, SercomNumberStopBit)
 .text._ZN6SERCOM8initPadsE15SercomUartTXPad11SercomRXPad
                0x00002c52       0x26 c:\Users\Isaiah\Documents\Arduino\Sketches\Work_Macros\build/core\core.a(SERCOM.cpp.o)
                0x00002c52                SERCOM::initPads(SercomUartTXPad, SercomRXPad)
 .text._ZN6SERCOM9resetUARTEv
                0x00002c78       0x1a c:\Users\Isaiah\Documents\Arduino\Sketches\Work_Macros\build/core\core.a(SERCOM.cpp.o)
                0x00002c78                SERCOM::resetUART()
 .text._ZN6SERCOM10enableUARTEv
                0x00002c92       0x14 c:\Users\Isaiah\Documents\Arduino\Sketches\Work_Macros\build/core\core.a(SERCOM.cpp.o)
                0x00002c92                SERCOM::enableUART()
 .text._ZN6SERCOM9flushUARTEv
                0x00002ca6       0x10 c:\Users\Isaiah\Documents\Arduino\Sketches\Work_Macros\build/core\core.a(SERCOM.cpp.o)
                0x00002ca6                SERCOM::flushUART()
 .text._ZN6SERCOM15clearStatusUARTEv
                0x00002cb6        0x8 c:\Users\Isaiah\Documents\Arduino\Sketches\Work_Macros\build/core\core.a(SERCOM.cpp.o)
                0x00002cb6                SERCOM::clearStatusUART()
 .text._ZN6SERCOM17availableDataUARTEv
                0x00002cbe        0xa c:\Users\Isaiah\Documents\Arduino\Sketches\Work_Macros\build/core\core.a(SERCOM.cpp.o)
                0x00002cbe                SERCOM::availableDataUART()
 .text._ZN6SERCOM11isUARTErrorEv
                0x00002cc8        0x8 c:\Users\Isaiah\Documents\Arduino\Sketches\Work_Macros\build/core\core.a(SERCOM.cpp.o)
                0x00002cc8                SERCOM::isUARTError()
 .text._ZN6SERCOM20acknowledgeUARTErrorEv
                0x00002cd0        0xe c:\Users\Isaiah\Documents\Arduino\Sketches\Work_Macros\build/core\core.a(SERCOM.cpp.o)
                0x00002cd0                SERCOM::acknowledgeUARTError()
 .text._ZN6SERCOM16isFrameErrorUARTEv
                0x00002cde        0xa c:\Users\Isaiah\Documents\Arduino\Sketches\Work_Macros\build/core\core.a(SERCOM.cpp.o)
                0x00002cde                SERCOM::isFrameErrorUART()
 .text._ZN6SERCOM19clearFrameErrorUARTEv
                0x00002ce8        0xc c:\Users\Isaiah\Documents\Arduino\Sketches\Work_Macros\build/core\core.a(SERCOM.cpp.o)
                0x00002ce8                SERCOM::clearFrameErrorUART()
 .text._ZN6SERCOM23isDataRegisterEmptyUARTEv
                0x00002cf4        0xa c:\Users\Isaiah\Documents\Arduino\Sketches\Work_Macros\build/core\core.a(SERCOM.cpp.o)
                0x00002cf4                SERCOM::isDataRegisterEmptyUART()
 .text._ZN6SERCOM12readDataUARTEv
                0x00002cfe        0x8 c:\Users\Isaiah\Documents\Arduino\Sketches\Work_Macros\build/core\core.a(SERCOM.cpp.o)
                0x00002cfe                SERCOM::readDataUART()
 .text._ZN6SERCOM13writeDataUARTEh
                0x00002d06       0x10 c:\Users\Isaiah\Documents\Arduino\Sketches\Work_Macros\build/core\core.a(SERCOM.cpp.o)
                0x00002d06                SERCOM::writeDataUART(unsigned char)
 .text._ZN6SERCOM36enableDataRegisterEmptyInterruptUARTEv
                0x00002d16        0x8 c:\Users\Isaiah\Documents\Arduino\Sketches\Work_Macros\build/core\core.a(SERCOM.cpp.o)
                0x00002d16                SERCOM::enableDataRegisterEmptyInterruptUART()
 .text._ZN6SERCOM37disableDataRegisterEmptyInterruptUARTEv
                0x00002d1e        0x8 c:\Users\Isaiah\Documents\Arduino\Sketches\Work_Macros\build/core\core.a(SERCOM.cpp.o)
                0x00002d1e                SERCOM::disableDataRegisterEmptyInterruptUART()
 .text._ZN6SERCOM18prepareNackBitWIREEv
                0x00002d26       0x10 c:\Users\Isaiah\Documents\Arduino\Sketches\Work_Macros\build/core\core.a(SERCOM.cpp.o)
                0x00002d26                SERCOM::prepareNackBitWIRE()
 *fill*         0x00002d36        0x2 
 .text._ZN6SERCOM17prepareAckBitWIREEv
                0x00002d38       0x14 c:\Users\Isaiah\Documents\Arduino\Sketches\Work_Macros\build/core\core.a(SERCOM.cpp.o)
                0x00002d38                SERCOM::prepareAckBitWIRE()
 .text._ZN6SERCOM22prepareCommandBitsWireEh
                0x00002d4c       0x2c c:\Users\Isaiah\Documents\Arduino\Sketches\Work_Macros\build/core\core.a(SERCOM.cpp.o)
                0x00002d4c                SERCOM::prepareCommandBitsWire(unsigned char)
 .text._ZN6SERCOM17sendDataSlaveWIREEh
                0x00002d78       0x1c c:\Users\Isaiah\Documents\Arduino\Sketches\Work_Macros\build/core\core.a(SERCOM.cpp.o)
                0x00002d78                SERCOM::sendDataSlaveWIRE(unsigned char)
 .text._ZN6SERCOM11isSlaveWIREEv
                0x00002d94       0x12 c:\Users\Isaiah\Documents\Arduino\Sketches\Work_Macros\build/core\core.a(SERCOM.cpp.o)
                0x00002d94                SERCOM::isSlaveWIRE()
 .text._ZN6SERCOM15isDataReadyWIREEv
                0x00002da6        0xa c:\Users\Isaiah\Documents\Arduino\Sketches\Work_Macros\build/core\core.a(SERCOM.cpp.o)
                0x00002da6                SERCOM::isDataReadyWIRE()
 .text._ZN6SERCOM18isStopDetectedWIREEv
                0x00002db0        0xa c:\Users\Isaiah\Documents\Arduino\Sketches\Work_Macros\build/core\core.a(SERCOM.cpp.o)
                0x00002db0                SERCOM::isStopDetectedWIRE()
 .text._ZN6SERCOM21isRestartDetectedWIREEv
                0x00002dba        0xa c:\Users\Isaiah\Documents\Arduino\Sketches\Work_Macros\build/core\core.a(SERCOM.cpp.o)
                0x00002dba                SERCOM::isRestartDetectedWIRE()
 .text._ZN6SERCOM14isAddressMatchEv
                0x00002dc4        0xa c:\Users\Isaiah\Documents\Arduino\Sketches\Work_Macros\build/core\core.a(SERCOM.cpp.o)
                0x00002dc4                SERCOM::isAddressMatch()
 .text._ZN6SERCOM25isMasterReadOperationWIREEv
                0x00002dce        0xa c:\Users\Isaiah\Documents\Arduino\Sketches\Work_Macros\build/core\core.a(SERCOM.cpp.o)
                0x00002dce                SERCOM::isMasterReadOperationWIRE()
 .text._ZN6SERCOM12readDataWIREEv
                0x00002dd8       0x1a c:\Users\Isaiah\Documents\Arduino\Sketches\Work_Macros\build/core\core.a(SERCOM.cpp.o)
                0x00002dd8                SERCOM::readDataWIRE()
 *fill*         0x00002df2        0x2 
 .text._ZN6SERCOM14getSercomIndexEv
                0x00002df4       0x5c c:\Users\Isaiah\Documents\Arduino\Sketches\Work_Macros\build/core\core.a(SERCOM.cpp.o)
                0x00002df4                SERCOM::getSercomIndex()
 .text._ZN6SERCOM13initClockNVICEv
                0x00002e50       0x90 c:\Users\Isaiah\Documents\Arduino\Sketches\Work_Macros\build/core\core.a(SERCOM.cpp.o)
                0x00002e50                SERCOM::initClockNVIC()
 .text._ZN6SERCOM8initUARTE14SercomUartMode20SercomUartSampleRatem
                0x00002ee0       0x6c c:\Users\Isaiah\Documents\Arduino\Sketches\Work_Macros\build/core\core.a(SERCOM.cpp.o)
                0x00002ee0                SERCOM::initUART(SercomUartMode, SercomUartSampleRate, unsigned long)
 .text._ZN7Serial_17availableForWriteEv
                0x00002f4c        0x4 c:\Users\Isaiah\Documents\Arduino\Sketches\Work_Macros\build/core\core.a(CDC.cpp.o)
                0x00002f4c                Serial_::availableForWrite()
 .text._ZN7Serial_5writeEh
                0x00002f50       0x14 c:\Users\Isaiah\Documents\Arduino\Sketches\Work_Macros\build/core\core.a(CDC.cpp.o)
                0x00002f50                Serial_::write(unsigned char)
 .text._ZN7Serial_9availableEv
                0x00002f64       0x1c c:\Users\Isaiah\Documents\Arduino\Sketches\Work_Macros\build/core\core.a(CDC.cpp.o)
                0x00002f64                Serial_::available()
 .text._ZN7Serial_5flushEv
                0x00002f80        0xc c:\Users\Isaiah\Documents\Arduino\Sketches\Work_Macros\build/core\core.a(CDC.cpp.o)
                0x00002f80                Serial_::flush()
 .text._ZN7Serial_5clearEv
                0x00002f8c        0xc c:\Users\Isaiah\Documents\Arduino\Sketches\Work_Macros\build/core\core.a(CDC.cpp.o)
                0x00002f8c                Serial_::clear()
 .text._ZN7Serial_4peekEv
                0x00002f98       0x1c c:\Users\Isaiah\Documents\Arduino\Sketches\Work_Macros\build/core\core.a(CDC.cpp.o)
                0x00002f98                Serial_::peek()
 .text._ZN7Serial_4readEv
                0x00002fb4       0x24 c:\Users\Isaiah\Documents\Arduino\Sketches\Work_Macros\build/core\core.a(CDC.cpp.o)
                0x00002fb4                Serial_::read()
 .text._ZN7Serial_5writeEPKhj
                0x00002fd8       0x30 c:\Users\Isaiah\Documents\Arduino\Sketches\Work_Macros\build/core\core.a(CDC.cpp.o)
                0x00002fd8                Serial_::write(unsigned char const*, unsigned int)
 .text._Z16CDC_GetInterfacePh
                0x00003008       0x1c c:\Users\Isaiah\Documents\Arduino\Sketches\Work_Macros\build/core\core.a(CDC.cpp.o)
                0x00003008                CDC_GetInterface(unsigned char*)
 .text._Z9CDC_SetupR8USBSetup
                0x00003024       0x7c c:\Users\Isaiah\Documents\Arduino\Sketches\Work_Macros\build/core\core.a(CDC.cpp.o)
                0x00003024                CDC_Setup(USBSetup&)
 .text._ZN7Serial_5beginEm
                0x000030a0        0x6 c:\Users\Isaiah\Documents\Arduino\Sketches\Work_Macros\build/core\core.a(CDC.cpp.o)
                0x000030a0                Serial_::begin(unsigned long)
 *fill*         0x000030a6        0x2 
 .text.startup._GLOBAL__sub_I__Z17_CDC_GetInterfacev
                0x000030a8       0x28 c:\Users\Isaiah\Documents\Arduino\Sketches\Work_Macros\build/core\core.a(CDC.cpp.o)
 .text._ZN26DoubleBufferedEPOutHandlerD2Ev
                0x000030d0        0x2 c:\Users\Isaiah\Documents\Arduino\Sketches\Work_Macros\build/core\core.a(USBCore.cpp.o)
                0x000030d0                DoubleBufferedEPOutHandler::~DoubleBufferedEPOutHandler()
                0x000030d0                DoubleBufferedEPOutHandler::~DoubleBufferedEPOutHandler()
 .text._ZN26DoubleBufferedEPOutHandler4initEv
                0x000030d2        0x2 c:\Users\Isaiah\Documents\Arduino\Sketches\Work_Macros\build/core\core.a(USBCore.cpp.o)
                0x000030d2                DoubleBufferedEPOutHandler::init()
 .text._ZL5utox8mPc
                0x000030d4       0x24 c:\Users\Isaiah\Documents\Arduino\Sketches\Work_Macros\build/core\core.a(USBCore.cpp.o)
 .text._ZN26DoubleBufferedEPOutHandlerD0Ev
                0x000030f8       0x10 c:\Users\Isaiah\Documents\Arduino\Sketches\Work_Macros\build/core\core.a(USBCore.cpp.o)
                0x000030f8                DoubleBufferedEPOutHandler::~DoubleBufferedEPOutHandler()
 .text._ZN14USBDeviceClass6initEPEmm.part.8
                0x00003108       0xe0 c:\Users\Isaiah\Documents\Arduino\Sketches\Work_Macros\build/core\core.a(USBCore.cpp.o)
 .text._ZN7__GuardC2Ev
                0x000031e8        0xe c:\Users\Isaiah\Documents\Arduino\Sketches\Work_Macros\build/core\core.a(USBCore.cpp.o)
                0x000031e8                __Guard::__Guard()
                0x000031e8                __Guard::__Guard()
 .text._ZN7__GuardD2Ev
                0x000031f6        0xe c:\Users\Isaiah\Documents\Arduino\Sketches\Work_Macros\build/core\core.a(USBCore.cpp.o)
                0x000031f6                __Guard::~__Guard()
                0x000031f6                __Guard::~__Guard()
 .text._ZNK26DoubleBufferedEPOutHandler10_availableEv
                0x00003204       0x6a c:\Users\Isaiah\Documents\Arduino\Sketches\Work_Macros\build/core\core.a(USBCore.cpp.o)
                0x00003204                DoubleBufferedEPOutHandler::_available() const
 *fill*         0x0000326e        0x2 
 .text._ZN26DoubleBufferedEPOutHandler7releaseEv
                0x00003270       0x3c c:\Users\Isaiah\Documents\Arduino\Sketches\Work_Macros\build/core\core.a(USBCore.cpp.o)
                0x00003270                DoubleBufferedEPOutHandler::release()
 .text._ZN26DoubleBufferedEPOutHandler14handleEndpointEv
                0x000032ac       0xdc c:\Users\Isaiah\Documents\Arduino\Sketches\Work_Macros\build/core\core.a(USBCore.cpp.o)
                0x000032ac                DoubleBufferedEPOutHandler::handleEndpoint()
 .text._ZN26DoubleBufferedEPOutHandler5_recvEv
                0x00003388      0x184 c:\Users\Isaiah\Documents\Arduino\Sketches\Work_Macros\build/core\core.a(USBCore.cpp.o)
                0x00003388                DoubleBufferedEPOutHandler::_recv()
 .text._ZN26DoubleBufferedEPOutHandler4peekEv
                0x0000350c       0x22 c:\Users\Isaiah\Documents\Arduino\Sketches\Work_Macros\build/core\core.a(USBCore.cpp.o)
                0x0000350c                DoubleBufferedEPOutHandler::peek()
 .text._ZN26DoubleBufferedEPOutHandler9availableEv
                0x0000352e       0x18 c:\Users\Isaiah\Documents\Arduino\Sketches\Work_Macros\build/core\core.a(USBCore.cpp.o)
                0x0000352e                DoubleBufferedEPOutHandler::available()
 .text._ZN26DoubleBufferedEPOutHandler4recvEPvm
                0x00003546       0x72 c:\Users\Isaiah\Documents\Arduino\Sketches\Work_Macros\build/core\core.a(USBCore.cpp.o)
                0x00003546                DoubleBufferedEPOutHandler::recv(void*, unsigned long)
 .text._ZN14USBDeviceClass14SendInterfacesEPm
                0x000035b8       0x2c c:\Users\Isaiah\Documents\Arduino\Sketches\Work_Macros\build/core\core.a(USBCore.cpp.o)
                0x000035b8                USBDeviceClass::SendInterfaces(unsigned long*)
 .text._ZN14USBDeviceClass14handleEndpointEh
                0x000035e4       0x48 c:\Users\Isaiah\Documents\Arduino\Sketches\Work_Macros\build/core\core.a(USBCore.cpp.o)
                0x000035e4                USBDeviceClass::handleEndpoint(unsigned char)
 .text._ZN14USBDeviceClass4initEv
                0x0000362c      0x110 c:\Users\Isaiah\Documents\Arduino\Sketches\Work_Macros\build/core\core.a(USBCore.cpp.o)
                0x0000362c                USBDeviceClass::init()
 .text._ZN14USBDeviceClass6attachEv
                0x0000373c       0x34 c:\Users\Isaiah\Documents\Arduino\Sketches\Work_Macros\build/core\core.a(USBCore.cpp.o)
                0x0000373c                USBDeviceClass::attach()
 .text._ZN14USBDeviceClass10setAddressEm
                0x00003770       0x48 c:\Users\Isaiah\Documents\Arduino\Sketches\Work_Macros\build/core\core.a(USBCore.cpp.o)
                0x00003770                USBDeviceClass::setAddress(unsigned long)
 .text._ZN14USBDeviceClass25handleClassInterfaceSetupER8USBSetup
                0x000037b8       0x44 c:\Users\Isaiah\Documents\Arduino\Sketches\Work_Macros\build/core\core.a(USBCore.cpp.o)
                0x000037b8                USBDeviceClass::handleClassInterfaceSetup(USBSetup&)
 .text._ZN14USBDeviceClass6initEPEmm
                0x000037fc      0x12c c:\Users\Isaiah\Documents\Arduino\Sketches\Work_Macros\build/core\core.a(USBCore.cpp.o)
                0x000037fc                USBDeviceClass::initEP(unsigned long, unsigned long)
 .text._ZN14USBDeviceClass13initEndpointsEv
                0x00003928       0x24 c:\Users\Isaiah\Documents\Arduino\Sketches\Work_Macros\build/core\core.a(USBCore.cpp.o)
                0x00003928                USBDeviceClass::initEndpoints()
 .text._ZN14USBDeviceClass5clearEm
                0x0000394c       0x38 c:\Users\Isaiah\Documents\Arduino\Sketches\Work_Macros\build/core\core.a(USBCore.cpp.o)
                0x0000394c                USBDeviceClass::clear(unsigned long)
 .text._ZN14USBDeviceClass9availableEm
                0x00003984       0x2c c:\Users\Isaiah\Documents\Arduino\Sketches\Work_Macros\build/core\core.a(USBCore.cpp.o)
                0x00003984                USBDeviceClass::available(unsigned long)
 .text._ZN14USBDeviceClass5flushEm
                0x000039b0       0x2c c:\Users\Isaiah\Documents\Arduino\Sketches\Work_Macros\build/core\core.a(USBCore.cpp.o)
                0x000039b0                USBDeviceClass::flush(unsigned long)
 .text._ZN14USBDeviceClass14armRecvCtrlOUTEm
                0x000039dc       0x5c c:\Users\Isaiah\Documents\Arduino\Sketches\Work_Macros\build/core\core.a(USBCore.cpp.o)
                0x000039dc                USBDeviceClass::armRecvCtrlOUT(unsigned long)
 .text._ZN14USBDeviceClass11recvControlEPvm
                0x00003a38       0x3c c:\Users\Isaiah\Documents\Arduino\Sketches\Work_Macros\build/core\core.a(USBCore.cpp.o)
                0x00003a38                USBDeviceClass::recvControl(void*, unsigned long)
 .text._ZN14USBDeviceClass7armRecvEm
                0x00003a74       0x38 c:\Users\Isaiah\Documents\Arduino\Sketches\Work_Macros\build/core\core.a(USBCore.cpp.o)
                0x00003a74                USBDeviceClass::armRecv(unsigned long)
 .text._ZN14USBDeviceClass4recvEmPvm
                0x00003aac       0xd8 c:\Users\Isaiah\Documents\Arduino\Sketches\Work_Macros\build/core\core.a(USBCore.cpp.o)
                0x00003aac                USBDeviceClass::recv(unsigned long, void*, unsigned long)
 .text._ZN14USBDeviceClass4recvEm
                0x00003b84       0x1c c:\Users\Isaiah\Documents\Arduino\Sketches\Work_Macros\build/core\core.a(USBCore.cpp.o)
                0x00003b84                USBDeviceClass::recv(unsigned long)
 .text._ZN14USBDeviceClass4sendEmPKvm
                0x00003ba0      0x110 c:\Users\Isaiah\Documents\Arduino\Sketches\Work_Macros\build/core\core.a(USBCore.cpp.o)
                0x00003ba0                USBDeviceClass::send(unsigned long, void const*, unsigned long)
 .text._ZN14USBDeviceClass7armSendEmPKvm
                0x00003cb0       0x48 c:\Users\Isaiah\Documents\Arduino\Sketches\Work_Macros\build/core\core.a(USBCore.cpp.o)
                0x00003cb0                USBDeviceClass::armSend(unsigned long, void const*, unsigned long)
 .text._ZN14USBDeviceClass11sendControlEPKvm
                0x00003cf8       0x54 c:\Users\Isaiah\Documents\Arduino\Sketches\Work_Macros\build/core\core.a(USBCore.cpp.o)
                0x00003cf8                USBDeviceClass::sendControl(void const*, unsigned long)
 .text._ZN14USBDeviceClass20sendStringDescriptorEPKhh
                0x00003d4c       0x68 c:\Users\Isaiah\Documents\Arduino\Sketches\Work_Macros\build/core\core.a(USBCore.cpp.o)
                0x00003d4c                USBDeviceClass::sendStringDescriptor(unsigned char const*, unsigned char)
 .text._ZN14USBDeviceClass17sendConfigurationEm
                0x00003db4       0x80 c:\Users\Isaiah\Documents\Arduino\Sketches\Work_Macros\build/core\core.a(USBCore.cpp.o)
                0x00003db4                USBDeviceClass::sendConfiguration(unsigned long)
 .text._ZN14USBDeviceClass14sendDescriptorER8USBSetup
                0x00003e34       0xf0 c:\Users\Isaiah\Documents\Arduino\Sketches\Work_Macros\build/core\core.a(USBCore.cpp.o)
                0x00003e34                USBDeviceClass::sendDescriptor(USBSetup&)
 .text._ZN14USBDeviceClass19handleStandardSetupER8USBSetup
                0x00003f24      0x104 c:\Users\Isaiah\Documents\Arduino\Sketches\Work_Macros\build/core\core.a(USBCore.cpp.o)
                0x00003f24                USBDeviceClass::handleStandardSetup(USBSetup&)
 .text._ZN14USBDeviceClass10ISRHandlerEv
                0x00004028      0x140 c:\Users\Isaiah\Documents\Arduino\Sketches\Work_Macros\build/core\core.a(USBCore.cpp.o)
                0x00004028                USBDeviceClass::ISRHandler()
 .text.UDD_Handler
                0x00004168       0x10 c:\Users\Isaiah\Documents\Arduino\Sketches\Work_Macros\build/core\core.a(USBCore.cpp.o)
                0x00004168                UDD_Handler
 .text.startup._GLOBAL__sub_I_usbd
                0x00004178       0x10 c:\Users\Isaiah\Documents\Arduino\Sketches\Work_Macros\build/core\core.a(USBCore.cpp.o)
 .text._ZN4UartcvbEv
                0x00004188        0x4 c:\Users\Isaiah\Documents\Arduino\Sketches\Work_Macros\build/core\core.a(Uart.cpp.o)
                0x00004188                Uart::operator bool()
 .text._ZN4Uart5beginEm
                0x0000418c       0x10 c:\Users\Isaiah\Documents\Arduino\Sketches\Work_Macros\build/core\core.a(Uart.cpp.o)
                0x0000418c                Uart::begin(unsigned long)
 .text._ZN4Uart4peekEv
                0x0000419c       0x1a c:\Users\Isaiah\Documents\Arduino\Sketches\Work_Macros\build/core\core.a(Uart.cpp.o)
                0x0000419c                Uart::peek()
 .text._ZN4Uart3endEv
                0x000041b6       0x20 c:\Users\Isaiah\Documents\Arduino\Sketches\Work_Macros\build/core\core.a(Uart.cpp.o)
                0x000041b6                Uart::end()
 .text._ZN4Uart16extractNbStopBitEt
                0x000041d6        0xc c:\Users\Isaiah\Documents\Arduino\Sketches\Work_Macros\build/core\core.a(Uart.cpp.o)
                0x000041d6                Uart::extractNbStopBit(unsigned short)
 .text._ZN4Uart15extractCharSizeEt
                0x000041e2       0x28 c:\Users\Isaiah\Documents\Arduino\Sketches\Work_Macros\build/core\core.a(Uart.cpp.o)
                0x000041e2                Uart::extractCharSize(unsigned short)
 .text._ZN4Uart13extractParityEt
                0x0000420a       0x14 c:\Users\Isaiah\Documents\Arduino\Sketches\Work_Macros\build/core\core.a(Uart.cpp.o)
                0x0000420a                Uart::extractParity(unsigned short)
 *fill*         0x0000421e        0x2 
 .text._ZN4Uart5beginEmt
                0x00004220       0xf8 c:\Users\Isaiah\Documents\Arduino\Sketches\Work_Macros\build/core\core.a(Uart.cpp.o)
                0x00004220                Uart::begin(unsigned long, unsigned short)
 .text._ZN11RingBufferNILi256EEC2Ev
                0x00004318       0x1c c:\Users\Isaiah\Documents\Arduino\Sketches\Work_Macros\build/core\core.a(Uart.cpp.o)
                0x00004318                RingBufferN<256>::RingBufferN()
                0x00004318                RingBufferN<256>::RingBufferN()
 .text._ZN4UartC2EP6SERCOMhh11SercomRXPad15SercomUartTXPad
                0x00004334       0x74 c:\Users\Isaiah\Documents\Arduino\Sketches\Work_Macros\build/core\core.a(Uart.cpp.o)
                0x00004334                Uart::Uart(SERCOM*, unsigned char, unsigned char, SercomRXPad, SercomUartTXPad)
                0x00004334                Uart::Uart(SERCOM*, unsigned char, unsigned char, SercomRXPad, SercomUartTXPad)
 .text._ZN11RingBufferNILi256EE17availableForStoreEv
                0x000043a8       0x20 c:\Users\Isaiah\Documents\Arduino\Sketches\Work_Macros\build/core\core.a(Uart.cpp.o)
                0x000043a8                RingBufferN<256>::availableForStore()
 .text._ZN4Uart17availableForWriteEv
                0x000043c8        0xc c:\Users\Isaiah\Documents\Arduino\Sketches\Work_Macros\build/core\core.a(Uart.cpp.o)
                0x000043c8                Uart::availableForWrite()
 .text._ZN4Uart4readEv
                0x000043d4       0x4c c:\Users\Isaiah\Documents\Arduino\Sketches\Work_Macros\build/core\core.a(Uart.cpp.o)
                0x000043d4                Uart::read()
 .text._ZN11RingBufferNILi256EE9availableEv
                0x00004420       0x12 c:\Users\Isaiah\Documents\Arduino\Sketches\Work_Macros\build/core\core.a(Uart.cpp.o)
                0x00004420                RingBufferN<256>::available()
 .text._ZN4Uart5flushEv
                0x00004432       0x1a c:\Users\Isaiah\Documents\Arduino\Sketches\Work_Macros\build/core\core.a(Uart.cpp.o)
                0x00004432                Uart::flush()
 .text._ZN4Uart9availableEv
                0x0000444c        0xa c:\Users\Isaiah\Documents\Arduino\Sketches\Work_Macros\build/core\core.a(Uart.cpp.o)
                0x0000444c                Uart::available()
 .text._ZN4Uart10IrqHandlerEv
                0x00004456       0xcc c:\Users\Isaiah\Documents\Arduino\Sketches\Work_Macros\build/core\core.a(Uart.cpp.o)
                0x00004456                Uart::IrqHandler()
 *fill*         0x00004522        0x2 
 .text._ZN4Uart5writeEh
                0x00004524       0xb4 c:\Users\Isaiah\Documents\Arduino\Sketches\Work_Macros\build/core\core.a(Uart.cpp.o)
                0x00004524                Uart::write(unsigned char)
 .text._Z11initVariantv
                0x000045d8        0x2 c:\Users\Isaiah\Documents\Arduino\Sketches\Work_Macros\build/core\core.a(main.cpp.o)
                0x000045d8                initVariant()
 *fill*         0x000045da        0x2 
 .text._Z10_real_bodyv
                0x000045dc       0x20 c:\Users\Isaiah\Documents\Arduino\Sketches\Work_Macros\build/core\core.a(main.cpp.o)
                0x000045dc                _real_body()
 .text._Z10_wrap_bodyv
                0x000045fc        0x6 c:\Users\Isaiah\Documents\Arduino\Sketches\Work_Macros\build/core\core.a(main.cpp.o)
                0x000045fc                _wrap_body()
 *fill*         0x00004602        0x2 
 .text.startup.main
                0x00004604       0x30 c:\Users\Isaiah\Documents\Arduino\Sketches\Work_Macros\build/core\core.a(main.cpp.o)
                0x00004604                main
 .text._Znwj    0x00004634        0x8 c:\Users\Isaiah\Documents\Arduino\Sketches\Work_Macros\build/core\core.a(new.cpp.o)
                0x00004634                operator new(unsigned int)
 .text._ZdlPv   0x0000463c        0x8 c:\Users\Isaiah\Documents\Arduino\Sketches\Work_Macros\build/core\core.a(new.cpp.o)
                0x0000463c                operator delete(void*)
 .text._sbrk    0x00004644       0x3c c:\Users\Isaiah\Documents\Arduino\Sketches\Work_Macros\build/core\core.a(new.cpp.o)
                0x00004644                _sbrk
 .text._ZN13PluggableUSB_12getInterfaceEPh
                0x00004680       0x28 c:\Users\Isaiah\Documents\Arduino\Sketches\Work_Macros\build/core\core.a(PluggableUSB.cpp.o)
                0x00004680                PluggableUSB_::getInterface(unsigned char*)
 .text._ZN13PluggableUSB_13getDescriptorER8USBSetup
                0x000046a8       0x20 c:\Users\Isaiah\Documents\Arduino\Sketches\Work_Macros\build/core\core.a(PluggableUSB.cpp.o)
                0x000046a8                PluggableUSB_::getDescriptor(USBSetup&)
 .text._ZN13PluggableUSB_5setupER8USBSetup
                0x000046c8       0x20 c:\Users\Isaiah\Documents\Arduino\Sketches\Work_Macros\build/core\core.a(PluggableUSB.cpp.o)
                0x000046c8                PluggableUSB_::setup(USBSetup&)
 .text._ZN13PluggableUSB_14handleEndpointEi
                0x000046e8       0x20 c:\Users\Isaiah\Documents\Arduino\Sketches\Work_Macros\build/core\core.a(PluggableUSB.cpp.o)
                0x000046e8                PluggableUSB_::handleEndpoint(int)
 .text._Z12PluggableUSBv
                0x00004708       0x24 c:\Users\Isaiah\Documents\Arduino\Sketches\Work_Macros\build/core\core.a(PluggableUSB.cpp.o)
                0x00004708                PluggableUSB()
 .text._ZN20USBDevice_SAMD21G18x5resetEv
                0x0000472c       0x2e c:\Users\Isaiah\Documents\Arduino\Sketches\Work_Macros\build/core\core.a(SAMD21_USBDevice.cpp.o)
                0x0000472c                USBDevice_SAMD21G18x::reset()
 *fill*         0x0000475a        0x2 
 .text._ZN20USBDevice_SAMD21G18x9calibrateEv
                0x0000475c       0x60 c:\Users\Isaiah\Documents\Arduino\Sketches\Work_Macros\build/core\core.a(SAMD21_USBDevice.cpp.o)
                0x0000475c                USBDevice_SAMD21G18x::calibrate()
 .text._ZdlPvj  0x000047bc        0x8 c:/users/isaiah/appdata/local/arduino15/packages/seeeduino/tools/arm-none-eabi-gcc/7-2017q4/bin/../lib/gcc/arm-none-eabi/7.2.1/../../../../arm-none-eabi/lib/thumb/v6-m\libstdc++_nano.a(del_ops.o)
                0x000047bc                operator delete(void*, unsigned int)
 .text          0x000047c4       0x14 c:/users/isaiah/appdata/local/arduino15/packages/seeeduino/tools/arm-none-eabi-gcc/7-2017q4/bin/../lib/gcc/arm-none-eabi/7.2.1/thumb/v6-m\libgcc.a(_thumb1_case_uqi.o)
                0x000047c4                __gnu_thumb1_case_uqi
 .text          0x000047d8      0x114 c:/users/isaiah/appdata/local/arduino15/packages/seeeduino/tools/arm-none-eabi-gcc/7-2017q4/bin/../lib/gcc/arm-none-eabi/7.2.1/thumb/v6-m\libgcc.a(_udivsi3.o)
                0x000047d8                __aeabi_uidiv
                0x000047d8                __udivsi3
                0x000048e4                __aeabi_uidivmod
 .text          0x000048ec      0x1d4 c:/users/isaiah/appdata/local/arduino15/packages/seeeduino/tools/arm-none-eabi-gcc/7-2017q4/bin/../lib/gcc/arm-none-eabi/7.2.1/thumb/v6-m\libgcc.a(_divsi3.o)
                0x000048ec                __divsi3
                0x000048ec                __aeabi_idiv
                0x00004ab8                __aeabi_idivmod
 .text          0x00004ac0        0x4 c:/users/isaiah/appdata/local/arduino15/packages/seeeduino/tools/arm-none-eabi-gcc/7-2017q4/bin/../lib/gcc/arm-none-eabi/7.2.1/thumb/v6-m\libgcc.a(_dvmd_tls.o)
                0x00004ac0                __aeabi_idiv0
                0x00004ac0                __aeabi_ldiv0
 .text          0x00004ac4       0x7c c:/users/isaiah/appdata/local/arduino15/packages/seeeduino/tools/arm-none-eabi-gcc/7-2017q4/bin/../lib/gcc/arm-none-eabi/7.2.1/thumb/v6-m\libgcc.a(_arm_cmpdf2.o)
                0x00004ac4                __aeabi_cdrcmple
                0x00004ad4                __aeabi_cdcmple
                0x00004ad4                __aeabi_cdcmpeq
                0x00004ae4                __aeabi_dcmpeq
                0x00004af0                __aeabi_dcmplt
                0x00004b04                __aeabi_dcmple
                0x00004b18                __aeabi_dcmpgt
                0x00004b2c                __aeabi_dcmpge
 .text          0x00004b40       0x3c c:/users/isaiah/appdata/local/arduino15/packages/seeeduino/tools/arm-none-eabi-gcc/7-2017q4/bin/../lib/gcc/arm-none-eabi/7.2.1/thumb/v6-m\libgcc.a(_fixunsdfsi.o)
                0x00004b40                __aeabi_d2uiz
                0x00004b40                __fixunsdfsi
 .text          0x00004b7c      0x638 c:/users/isaiah/appdata/local/arduino15/packages/seeeduino/tools/arm-none-eabi-gcc/7-2017q4/bin/../lib/gcc/arm-none-eabi/7.2.1/thumb/v6-m\libgcc.a(adddf3.o)
                0x00004b7c                __aeabi_dadd
 .text          0x000051b4      0x604 c:/users/isaiah/appdata/local/arduino15/packages/seeeduino/tools/arm-none-eabi-gcc/7-2017q4/bin/../lib/gcc/arm-none-eabi/7.2.1/thumb/v6-m\libgcc.a(divdf3.o)
                0x000051b4                __aeabi_ddiv
 .text          0x000057b8       0x78 c:/users/isaiah/appdata/local/arduino15/packages/seeeduino/tools/arm-none-eabi-gcc/7-2017q4/bin/../lib/gcc/arm-none-eabi/7.2.1/thumb/v6-m\libgcc.a(eqdf2.o)
                0x000057b8                __nedf2
                0x000057b8                __eqdf2
 .text          0x00005830       0xc8 c:/users/isaiah/appdata/local/arduino15/packages/seeeduino/tools/arm-none-eabi-gcc/7-2017q4/bin/../lib/gcc/arm-none-eabi/7.2.1/thumb/v6-m\libgcc.a(gedf2.o)
                0x00005830                __gedf2
                0x00005830                __gtdf2
 .text          0x000058f8       0xd0 c:/users/isaiah/appdata/local/arduino15/packages/seeeduino/tools/arm-none-eabi-gcc/7-2017q4/bin/../lib/gcc/arm-none-eabi/7.2.1/thumb/v6-m\libgcc.a(ledf2.o)
                0x000058f8                __ledf2
                0x000058f8                __ltdf2
 .text          0x000059c8      0x4e4 c:/users/isaiah/appdata/local/arduino15/packages/seeeduino/tools/arm-none-eabi-gcc/7-2017q4/bin/../lib/gcc/arm-none-eabi/7.2.1/thumb/v6-m\libgcc.a(muldf3.o)
                0x000059c8                __aeabi_dmul
 .text          0x00005eac      0x690 c:/users/isaiah/appdata/local/arduino15/packages/seeeduino/tools/arm-none-eabi-gcc/7-2017q4/bin/../lib/gcc/arm-none-eabi/7.2.1/thumb/v6-m\libgcc.a(subdf3.o)
                0x00005eac                __aeabi_dsub
 .text          0x0000653c       0x38 c:/users/isaiah/appdata/local/arduino15/packages/seeeduino/tools/arm-none-eabi-gcc/7-2017q4/bin/../lib/gcc/arm-none-eabi/7.2.1/thumb/v6-m\libgcc.a(unorddf2.o)
                0x0000653c                __aeabi_dcmpun
 .text          0x00006574       0x6c c:/users/isaiah/appdata/local/arduino15/packages/seeeduino/tools/arm-none-eabi-gcc/7-2017q4/bin/../lib/gcc/arm-none-eabi/7.2.1/thumb/v6-m\libgcc.a(fixdfsi.o)
                0x00006574                __aeabi_d2iz
 .text          0x000065e0       0x64 c:/users/isaiah/appdata/local/arduino15/packages/seeeduino/tools/arm-none-eabi-gcc/7-2017q4/bin/../lib/gcc/arm-none-eabi/7.2.1/thumb/v6-m\libgcc.a(floatunsidf.o)
                0x000065e0                __aeabi_ui2d
 .text          0x00006644       0x3c c:/users/isaiah/appdata/local/arduino15/packages/seeeduino/tools/arm-none-eabi-gcc/7-2017q4/bin/../lib/gcc/arm-none-eabi/7.2.1/thumb/v6-m\libgcc.a(_clzsi2.o)
                0x00006644                __clzsi2
 .text.__assert_func
                0x00006680       0x3c c:/users/isaiah/appdata/local/arduino15/packages/seeeduino/tools/arm-none-eabi-gcc/7-2017q4/bin/../lib/gcc/arm-none-eabi/7.2.1/../../../../arm-none-eabi/lib/thumb/v6-m\libc_nano.a(lib_a-assert.o)
                0x00006680                __assert_func
 .text.fprintf  0x000066bc       0x20 c:/users/isaiah/appdata/local/arduino15/packages/seeeduino/tools/arm-none-eabi-gcc/7-2017q4/bin/../lib/gcc/arm-none-eabi/7.2.1/../../../../arm-none-eabi/lib/thumb/v6-m\libc_nano.a(lib_a-fprintf.o)
                0x000066bc                fiprintf
                0x000066bc                fprintf
 .text.__libc_init_array
                0x000066dc       0x48 c:/users/isaiah/appdata/local/arduino15/packages/seeeduino/tools/arm-none-eabi-gcc/7-2017q4/bin/../lib/gcc/arm-none-eabi/7.2.1/../../../../arm-none-eabi/lib/thumb/v6-m\libc_nano.a(lib_a-init.o)
                0x000066dc                __libc_init_array
 .text.malloc   0x00006724       0x14 c:/users/isaiah/appdata/local/arduino15/packages/seeeduino/tools/arm-none-eabi-gcc/7-2017q4/bin/../lib/gcc/arm-none-eabi/7.2.1/../../../../arm-none-eabi/lib/thumb/v6-m\libc_nano.a(lib_a-malloc.o)
                0x00006724                malloc
 .text.free     0x00006738       0x14 c:/users/isaiah/appdata/local/arduino15/packages/seeeduino/tools/arm-none-eabi-gcc/7-2017q4/bin/../lib/gcc/arm-none-eabi/7.2.1/../../../../arm-none-eabi/lib/thumb/v6-m\libc_nano.a(lib_a-malloc.o)
                0x00006738                free
 .text.memcpy   0x0000674c       0x12 c:/users/isaiah/appdata/local/arduino15/packages/seeeduino/tools/arm-none-eabi-gcc/7-2017q4/bin/../lib/gcc/arm-none-eabi/7.2.1/../../../../arm-none-eabi/lib/thumb/v6-m\libc_nano.a(lib_a-memcpy-stub.o)
                0x0000674c                memcpy
 .text.memset   0x0000675e       0x10 c:/users/isaiah/appdata/local/arduino15/packages/seeeduino/tools/arm-none-eabi-gcc/7-2017q4/bin/../lib/gcc/arm-none-eabi/7.2.1/../../../../arm-none-eabi/lib/thumb/v6-m\libc_nano.a(lib_a-memset.o)
                0x0000675e                memset
 *fill*         0x0000676e        0x2 
 .text._free_r  0x00006770       0x94 c:/users/isaiah/appdata/local/arduino15/packages/seeeduino/tools/arm-none-eabi-gcc/7-2017q4/bin/../lib/gcc/arm-none-eabi/7.2.1/../../../../arm-none-eabi/lib/thumb/v6-m\libc_nano.a(lib_a-nano-freer.o)
                0x00006770                _free_r
 .text._malloc_r
                0x00006804       0xbc c:/users/isaiah/appdata/local/arduino15/packages/seeeduino/tools/arm-none-eabi-gcc/7-2017q4/bin/../lib/gcc/arm-none-eabi/7.2.1/../../../../arm-none-eabi/lib/thumb/v6-m\libc_nano.a(lib_a-nano-mallocr.o)
                0x00006804                _malloc_r
 .text.__sfputc_r
                0x000068c0       0x2a c:/users/isaiah/appdata/local/arduino15/packages/seeeduino/tools/arm-none-eabi-gcc/7-2017q4/bin/../lib/gcc/arm-none-eabi/7.2.1/../../../../arm-none-eabi/lib/thumb/v6-m\libc_nano.a(lib_a-nano-vfprintf.o)
 .text.__sfputs_r
                0x000068ea       0x24 c:/users/isaiah/appdata/local/arduino15/packages/seeeduino/tools/arm-none-eabi-gcc/7-2017q4/bin/../lib/gcc/arm-none-eabi/7.2.1/../../../../arm-none-eabi/lib/thumb/v6-m\libc_nano.a(lib_a-nano-vfprintf.o)
                0x000068ea                __sfputs_r
 *fill*         0x0000690e        0x2 
 .text._vfprintf_r
                0x00006910      0x22c c:/users/isaiah/appdata/local/arduino15/packages/seeeduino/tools/arm-none-eabi-gcc/7-2017q4/bin/../lib/gcc/arm-none-eabi/7.2.1/../../../../arm-none-eabi/lib/thumb/v6-m\libc_nano.a(lib_a-nano-vfprintf.o)
                0x00006910                _vfprintf_r
                0x00006910                _vfiprintf_r
 .text.__cvt    0x00006b3c       0xc8 c:/users/isaiah/appdata/local/arduino15/packages/seeeduino/tools/arm-none-eabi-gcc/7-2017q4/bin/../lib/gcc/arm-none-eabi/7.2.1/../../../../arm-none-eabi/lib/thumb/v6-m\libc_nano.a(lib_a-nano-vfprintf_float.o)
                0x00006b3c                __cvt
 .text.__exponent
                0x00006c04       0x70 c:/users/isaiah/appdata/local/arduino15/packages/seeeduino/tools/arm-none-eabi-gcc/7-2017q4/bin/../lib/gcc/arm-none-eabi/7.2.1/../../../../arm-none-eabi/lib/thumb/v6-m\libc_nano.a(lib_a-nano-vfprintf_float.o)
                0x00006c04                __exponent
 .text._printf_float
                0x00006c74      0x498 c:/users/isaiah/appdata/local/arduino15/packages/seeeduino/tools/arm-none-eabi-gcc/7-2017q4/bin/../lib/gcc/arm-none-eabi/7.2.1/../../../../arm-none-eabi/lib/thumb/v6-m\libc_nano.a(lib_a-nano-vfprintf_float.o)
                0x00006c74                _printf_float
 .text._printf_common
                0x0000710c       0xda c:/users/isaiah/appdata/local/arduino15/packages/seeeduino/tools/arm-none-eabi-gcc/7-2017q4/bin/../lib/gcc/arm-none-eabi/7.2.1/../../../../arm-none-eabi/lib/thumb/v6-m\libc_nano.a(lib_a-nano-vfprintf_i.o)
                0x0000710c                _printf_common
 *fill*         0x000071e6        0x2 
 .text._printf_i
                0x000071e8      0x210 c:/users/isaiah/appdata/local/arduino15/packages/seeeduino/tools/arm-none-eabi-gcc/7-2017q4/bin/../lib/gcc/arm-none-eabi/7.2.1/../../../../arm-none-eabi/lib/thumb/v6-m\libc_nano.a(lib_a-nano-vfprintf_i.o)
                0x000071e8                _printf_i
 .text._scanf_float
                0x000073f8      0x3fc c:/users/isaiah/appdata/local/arduino15/packages/seeeduino/tools/arm-none-eabi-gcc/7-2017q4/bin/../lib/gcc/arm-none-eabi/7.2.1/../../../../arm-none-eabi/lib/thumb/v6-m\libc_nano.a(lib_a-nano-vfscanf_float.o)
                0x000073f8                _scanf_float
 .text._sbrk_r  0x000077f4       0x24 c:/users/isaiah/appdata/local/arduino15/packages/seeeduino/tools/arm-none-eabi-gcc/7-2017q4/bin/../lib/gcc/arm-none-eabi/7.2.1/../../../../arm-none-eabi/lib/thumb/v6-m\libc_nano.a(lib_a-sbrkr.o)
                0x000077f4                _sbrk_r
 .text.nanf     0x00007818        0x8 c:/users/isaiah/appdata/local/arduino15/packages/seeeduino/tools/arm-none-eabi-gcc/7-2017q4/bin/../lib/gcc/arm-none-eabi/7.2.1/../../../../arm-none-eabi/lib/thumb/v6-m\libc_nano.a(lib_a-sf_nan.o)
                0x00007818                nanf
 .text.sprintf  0x00007820       0x40 c:/users/isaiah/appdata/local/arduino15/packages/seeeduino/tools/arm-none-eabi-gcc/7-2017q4/bin/../lib/gcc/arm-none-eabi/7.2.1/../../../../arm-none-eabi/lib/thumb/v6-m\libc_nano.a(lib_a-sprintf.o)
                0x00007820                siprintf
                0x00007820                sprintf
 .text          0x00007860        0xe c:/users/isaiah/appdata/local/arduino15/packages/seeeduino/tools/arm-none-eabi-gcc/7-2017q4/bin/../lib/gcc/arm-none-eabi/7.2.1/../../../../arm-none-eabi/lib/thumb/v6-m\libc_nano.a(lib_a-strlen.o)
                0x00007860                strlen
 *fill*         0x0000786e        0x2 
 .text.unlikely.sulp
                0x00007870       0x30 c:/users/isaiah/appdata/local/arduino15/packages/seeeduino/tools/arm-none-eabi-gcc/7-2017q4/bin/../lib/gcc/arm-none-eabi/7.2.1/../../../../arm-none-eabi/lib/thumb/v6-m\libc_nano.a(lib_a-strtod.o)
 .text._strtod_l
                0x000078a0      0xc50 c:/users/isaiah/appdata/local/arduino15/packages/seeeduino/tools/arm-none-eabi-gcc/7-2017q4/bin/../lib/gcc/arm-none-eabi/7.2.1/../../../../arm-none-eabi/lib/thumb/v6-m\libc_nano.a(lib_a-strtod.o)
                0x000078a0                _strtod_l
 .text._strtod_r
                0x000084f0       0x1c c:/users/isaiah/appdata/local/arduino15/packages/seeeduino/tools/arm-none-eabi-gcc/7-2017q4/bin/../lib/gcc/arm-none-eabi/7.2.1/../../../../arm-none-eabi/lib/thumb/v6-m\libc_nano.a(lib_a-strtod.o)
                0x000084f0                _strtod_r
 .text._strtol_l.isra.0
                0x0000850c      0x104 c:/users/isaiah/appdata/local/arduino15/packages/seeeduino/tools/arm-none-eabi-gcc/7-2017q4/bin/../lib/gcc/arm-none-eabi/7.2.1/../../../../arm-none-eabi/lib/thumb/v6-m\libc_nano.a(lib_a-strtol.o)
 .text._strtol_r
                0x00008610       0x20 c:/users/isaiah/appdata/local/arduino15/packages/seeeduino/tools/arm-none-eabi-gcc/7-2017q4/bin/../lib/gcc/arm-none-eabi/7.2.1/../../../../arm-none-eabi/lib/thumb/v6-m\libc_nano.a(lib_a-strtol.o)
                0x00008610                _strtol_r
 .text.__swbuf_r
                0x00008630       0xac c:/users/isaiah/appdata/local/arduino15/packages/seeeduino/tools/arm-none-eabi-gcc/7-2017q4/bin/../lib/gcc/arm-none-eabi/7.2.1/../../../../arm-none-eabi/lib/thumb/v6-m\libc_nano.a(lib_a-wbuf.o)
                0x00008630                __swbuf_r
 .text.__swsetup_r
                0x000086dc       0xec c:/users/isaiah/appdata/local/arduino15/packages/seeeduino/tools/arm-none-eabi-gcc/7-2017q4/bin/../lib/gcc/arm-none-eabi/7.2.1/../../../../arm-none-eabi/lib/thumb/v6-m\libc_nano.a(lib_a-wsetup.o)
                0x000086dc                __swsetup_r
 .text.abort    0x000087c8        0xe c:/users/isaiah/appdata/local/arduino15/packages/seeeduino/tools/arm-none-eabi-gcc/7-2017q4/bin/../lib/gcc/arm-none-eabi/7.2.1/../../../../arm-none-eabi/lib/thumb/v6-m\libc_nano.a(lib_a-abort.o)
                0x000087c8                abort
 .text.quorem   0x000087d6      0x10c c:/users/isaiah/appdata/local/arduino15/packages/seeeduino/tools/arm-none-eabi-gcc/7-2017q4/bin/../lib/gcc/arm-none-eabi/7.2.1/../../../../arm-none-eabi/lib/thumb/v6-m\libc_nano.a(lib_a-dtoa.o)
 *fill*         0x000088e2        0x2 
 .text._dtoa_r  0x000088e4      0xbc0 c:/users/isaiah/appdata/local/arduino15/packages/seeeduino/tools/arm-none-eabi-gcc/7-2017q4/bin/../lib/gcc/arm-none-eabi/7.2.1/../../../../arm-none-eabi/lib/thumb/v6-m\libc_nano.a(lib_a-dtoa.o)
                0x000088e4                _dtoa_r
 .text.__sflush_r
                0x000094a4      0x114 c:/users/isaiah/appdata/local/arduino15/packages/seeeduino/tools/arm-none-eabi-gcc/7-2017q4/bin/../lib/gcc/arm-none-eabi/7.2.1/../../../../arm-none-eabi/lib/thumb/v6-m\libc_nano.a(lib_a-fflush.o)
                0x000094a4                __sflush_r
 .text._fflush_r
                0x000095b8       0x58 c:/users/isaiah/appdata/local/arduino15/packages/seeeduino/tools/arm-none-eabi-gcc/7-2017q4/bin/../lib/gcc/arm-none-eabi/7.2.1/../../../../arm-none-eabi/lib/thumb/v6-m\libc_nano.a(lib_a-fflush.o)
                0x000095b8                _fflush_r
 .text.std      0x00009610       0x48 c:/users/isaiah/appdata/local/arduino15/packages/seeeduino/tools/arm-none-eabi-gcc/7-2017q4/bin/../lib/gcc/arm-none-eabi/7.2.1/../../../../arm-none-eabi/lib/thumb/v6-m\libc_nano.a(lib_a-findfp.o)
 .text._cleanup_r
                0x00009658       0x10 c:/users/isaiah/appdata/local/arduino15/packages/seeeduino/tools/arm-none-eabi-gcc/7-2017q4/bin/../lib/gcc/arm-none-eabi/7.2.1/../../../../arm-none-eabi/lib/thumb/v6-m\libc_nano.a(lib_a-findfp.o)
                0x00009658                _cleanup_r
 .text.__sfmoreglue
                0x00009668       0x2c c:/users/isaiah/appdata/local/arduino15/packages/seeeduino/tools/arm-none-eabi-gcc/7-2017q4/bin/../lib/gcc/arm-none-eabi/7.2.1/../../../../arm-none-eabi/lib/thumb/v6-m\libc_nano.a(lib_a-findfp.o)
                0x00009668                __sfmoreglue
 .text.__sinit  0x00009694       0x68 c:/users/isaiah/appdata/local/arduino15/packages/seeeduino/tools/arm-none-eabi-gcc/7-2017q4/bin/../lib/gcc/arm-none-eabi/7.2.1/../../../../arm-none-eabi/lib/thumb/v6-m\libc_nano.a(lib_a-findfp.o)
                0x00009694                __sinit
 .text.__sfp    0x000096fc       0x7c c:/users/isaiah/appdata/local/arduino15/packages/seeeduino/tools/arm-none-eabi-gcc/7-2017q4/bin/../lib/gcc/arm-none-eabi/7.2.1/../../../../arm-none-eabi/lib/thumb/v6-m\libc_nano.a(lib_a-findfp.o)
                0x000096fc                __sfp
 .text._fwalk_reent
                0x00009778       0x42 c:/users/isaiah/appdata/local/arduino15/packages/seeeduino/tools/arm-none-eabi-gcc/7-2017q4/bin/../lib/gcc/arm-none-eabi/7.2.1/../../../../arm-none-eabi/lib/thumb/v6-m\libc_nano.a(lib_a-fwalk.o)
                0x00009778                _fwalk_reent
 .text.rshift   0x000097ba       0x68 c:/users/isaiah/appdata/local/arduino15/packages/seeeduino/tools/arm-none-eabi-gcc/7-2017q4/bin/../lib/gcc/arm-none-eabi/7.2.1/../../../../arm-none-eabi/lib/thumb/v6-m\libc_nano.a(lib_a-gdtoa-gethex.o)
 .text.__hexdig_fun
                0x00009822       0x2a c:/users/isaiah/appdata/local/arduino15/packages/seeeduino/tools/arm-none-eabi-gcc/7-2017q4/bin/../lib/gcc/arm-none-eabi/7.2.1/../../../../arm-none-eabi/lib/thumb/v6-m\libc_nano.a(lib_a-gdtoa-gethex.o)
                0x00009822                __hexdig_fun
 .text.__gethex
                0x0000984c      0x456 c:/users/isaiah/appdata/local/arduino15/packages/seeeduino/tools/arm-none-eabi-gcc/7-2017q4/bin/../lib/gcc/arm-none-eabi/7.2.1/../../../../arm-none-eabi/lib/thumb/v6-m\libc_nano.a(lib_a-gdtoa-gethex.o)
                0x0000984c                __gethex
 .text.L_shift  0x00009ca2       0x24 c:/users/isaiah/appdata/local/arduino15/packages/seeeduino/tools/arm-none-eabi-gcc/7-2017q4/bin/../lib/gcc/arm-none-eabi/7.2.1/../../../../arm-none-eabi/lib/thumb/v6-m\libc_nano.a(lib_a-gdtoa-hexnan.o)
 .text.__match  0x00009cc6       0x28 c:/users/isaiah/appdata/local/arduino15/packages/seeeduino/tools/arm-none-eabi-gcc/7-2017q4/bin/../lib/gcc/arm-none-eabi/7.2.1/../../../../arm-none-eabi/lib/thumb/v6-m\libc_nano.a(lib_a-gdtoa-hexnan.o)
                0x00009cc6                __match
 .text.__hexnan
                0x00009cee      0x12e c:/users/isaiah/appdata/local/arduino15/packages/seeeduino/tools/arm-none-eabi-gcc/7-2017q4/bin/../lib/gcc/arm-none-eabi/7.2.1/../../../../arm-none-eabi/lib/thumb/v6-m\libc_nano.a(lib_a-gdtoa-hexnan.o)
                0x00009cee                __hexnan
 .text.__locale_ctype_ptr_l
                0x00009e1c        0x6 c:/users/isaiah/appdata/local/arduino15/packages/seeeduino/tools/arm-none-eabi-gcc/7-2017q4/bin/../lib/gcc/arm-none-eabi/7.2.1/../../../../arm-none-eabi/lib/thumb/v6-m\libc_nano.a(lib_a-locale.o)
                0x00009e1c                __locale_ctype_ptr_l
 .text.__localeconv_l
                0x00009e22        0x4 c:/users/isaiah/appdata/local/arduino15/packages/seeeduino/tools/arm-none-eabi-gcc/7-2017q4/bin/../lib/gcc/arm-none-eabi/7.2.1/../../../../arm-none-eabi/lib/thumb/v6-m\libc_nano.a(lib_a-localeconv.o)
                0x00009e22                __localeconv_l
 *fill*         0x00009e26        0x2 
 .text._localeconv_r
                0x00009e28       0x18 c:/users/isaiah/appdata/local/arduino15/packages/seeeduino/tools/arm-none-eabi-gcc/7-2017q4/bin/../lib/gcc/arm-none-eabi/7.2.1/../../../../arm-none-eabi/lib/thumb/v6-m\libc_nano.a(lib_a-localeconv.o)
                0x00009e28                _localeconv_r
 .text.__swhatbuf_r
                0x00009e40       0x50 c:/users/isaiah/appdata/local/arduino15/packages/seeeduino/tools/arm-none-eabi-gcc/7-2017q4/bin/../lib/gcc/arm-none-eabi/7.2.1/../../../../arm-none-eabi/lib/thumb/v6-m\libc_nano.a(lib_a-makebuf.o)
                0x00009e40                __swhatbuf_r
 .text.__smakebuf_r
                0x00009e90       0x88 c:/users/isaiah/appdata/local/arduino15/packages/seeeduino/tools/arm-none-eabi-gcc/7-2017q4/bin/../lib/gcc/arm-none-eabi/7.2.1/../../../../arm-none-eabi/lib/thumb/v6-m\libc_nano.a(lib_a-makebuf.o)
                0x00009e90                __smakebuf_r
 .text.__ascii_mbtowc
                0x00009f18       0x24 c:/users/isaiah/appdata/local/arduino15/packages/seeeduino/tools/arm-none-eabi-gcc/7-2017q4/bin/../lib/gcc/arm-none-eabi/7.2.1/../../../../arm-none-eabi/lib/thumb/v6-m\libc_nano.a(lib_a-mbtowc_r.o)
                0x00009f18                __ascii_mbtowc
 .text.memchr   0x00009f3c       0x16 c:/users/isaiah/appdata/local/arduino15/packages/seeeduino/tools/arm-none-eabi-gcc/7-2017q4/bin/../lib/gcc/arm-none-eabi/7.2.1/../../../../arm-none-eabi/lib/thumb/v6-m\libc_nano.a(lib_a-memchr-stub.o)
                0x00009f3c                memchr
 .text.memmove  0x00009f52       0x26 c:/users/isaiah/appdata/local/arduino15/packages/seeeduino/tools/arm-none-eabi-gcc/7-2017q4/bin/../lib/gcc/arm-none-eabi/7.2.1/../../../../arm-none-eabi/lib/thumb/v6-m\libc_nano.a(lib_a-memmove.o)
                0x00009f52                memmove
 .text.__malloc_lock
                0x00009f78        0x2 c:/users/isaiah/appdata/local/arduino15/packages/seeeduino/tools/arm-none-eabi-gcc/7-2017q4/bin/../lib/gcc/arm-none-eabi/7.2.1/../../../../arm-none-eabi/lib/thumb/v6-m\libc_nano.a(lib_a-mlock.o)
                0x00009f78                __malloc_lock
 .text.__malloc_unlock
                0x00009f7a        0x2 c:/users/isaiah/appdata/local/arduino15/packages/seeeduino/tools/arm-none-eabi-gcc/7-2017q4/bin/../lib/gcc/arm-none-eabi/7.2.1/../../../../arm-none-eabi/lib/thumb/v6-m\libc_nano.a(lib_a-mlock.o)
                0x00009f7a                __malloc_unlock
 .text._Balloc  0x00009f7c       0x70 c:/users/isaiah/appdata/local/arduino15/packages/seeeduino/tools/arm-none-eabi-gcc/7-2017q4/bin/../lib/gcc/arm-none-eabi/7.2.1/../../../../arm-none-eabi/lib/thumb/v6-m\libc_nano.a(lib_a-mprec.o)
                0x00009f7c                _Balloc
 .text._Bfree   0x00009fec       0x32 c:/users/isaiah/appdata/local/arduino15/packages/seeeduino/tools/arm-none-eabi-gcc/7-2017q4/bin/../lib/gcc/arm-none-eabi/7.2.1/../../../../arm-none-eabi/lib/thumb/v6-m\libc_nano.a(lib_a-mprec.o)
                0x00009fec                _Bfree
 .text.__multadd
                0x0000a01e       0x7c c:/users/isaiah/appdata/local/arduino15/packages/seeeduino/tools/arm-none-eabi-gcc/7-2017q4/bin/../lib/gcc/arm-none-eabi/7.2.1/../../../../arm-none-eabi/lib/thumb/v6-m\libc_nano.a(lib_a-mprec.o)
                0x0000a01e                __multadd
 .text.__s2b    0x0000a09a       0x7c c:/users/isaiah/appdata/local/arduino15/packages/seeeduino/tools/arm-none-eabi-gcc/7-2017q4/bin/../lib/gcc/arm-none-eabi/7.2.1/../../../../arm-none-eabi/lib/thumb/v6-m\libc_nano.a(lib_a-mprec.o)
                0x0000a09a                __s2b
 .text.__hi0bits
                0x0000a116       0x34 c:/users/isaiah/appdata/local/arduino15/packages/seeeduino/tools/arm-none-eabi-gcc/7-2017q4/bin/../lib/gcc/arm-none-eabi/7.2.1/../../../../arm-none-eabi/lib/thumb/v6-m\libc_nano.a(lib_a-mprec.o)
                0x0000a116                __hi0bits
 .text.__lo0bits
                0x0000a14a       0x5e c:/users/isaiah/appdata/local/arduino15/packages/seeeduino/tools/arm-none-eabi-gcc/7-2017q4/bin/../lib/gcc/arm-none-eabi/7.2.1/../../../../arm-none-eabi/lib/thumb/v6-m\libc_nano.a(lib_a-mprec.o)
                0x0000a14a                __lo0bits
 .text.__i2b    0x0000a1a8       0x12 c:/users/isaiah/appdata/local/arduino15/packages/seeeduino/tools/arm-none-eabi-gcc/7-2017q4/bin/../lib/gcc/arm-none-eabi/7.2.1/../../../../arm-none-eabi/lib/thumb/v6-m\libc_nano.a(lib_a-mprec.o)
                0x0000a1a8                __i2b
 .text.__multiply
                0x0000a1ba      0x11e c:/users/isaiah/appdata/local/arduino15/packages/seeeduino/tools/arm-none-eabi-gcc/7-2017q4/bin/../lib/gcc/arm-none-eabi/7.2.1/../../../../arm-none-eabi/lib/thumb/v6-m\libc_nano.a(lib_a-mprec.o)
                0x0000a1ba                __multiply
 .text.__pow5mult
                0x0000a2d8       0xa4 c:/users/isaiah/appdata/local/arduino15/packages/seeeduino/tools/arm-none-eabi-gcc/7-2017q4/bin/../lib/gcc/arm-none-eabi/7.2.1/../../../../arm-none-eabi/lib/thumb/v6-m\libc_nano.a(lib_a-mprec.o)
                0x0000a2d8                __pow5mult
 .text.__lshift
                0x0000a37c       0xa4 c:/users/isaiah/appdata/local/arduino15/packages/seeeduino/tools/arm-none-eabi-gcc/7-2017q4/bin/../lib/gcc/arm-none-eabi/7.2.1/../../../../arm-none-eabi/lib/thumb/v6-m\libc_nano.a(lib_a-mprec.o)
                0x0000a37c                __lshift
 .text.__mcmp   0x0000a420       0x34 c:/users/isaiah/appdata/local/arduino15/packages/seeeduino/tools/arm-none-eabi-gcc/7-2017q4/bin/../lib/gcc/arm-none-eabi/7.2.1/../../../../arm-none-eabi/lib/thumb/v6-m\libc_nano.a(lib_a-mprec.o)
                0x0000a420                __mcmp
 .text.__mdiff  0x0000a454       0xc8 c:/users/isaiah/appdata/local/arduino15/packages/seeeduino/tools/arm-none-eabi-gcc/7-2017q4/bin/../lib/gcc/arm-none-eabi/7.2.1/../../../../arm-none-eabi/lib/thumb/v6-m\libc_nano.a(lib_a-mprec.o)
                0x0000a454                __mdiff
 .text.__ulp    0x0000a51c       0x4c c:/users/isaiah/appdata/local/arduino15/packages/seeeduino/tools/arm-none-eabi-gcc/7-2017q4/bin/../lib/gcc/arm-none-eabi/7.2.1/../../../../arm-none-eabi/lib/thumb/v6-m\libc_nano.a(lib_a-mprec.o)
                0x0000a51c                __ulp
 .text.__b2d    0x0000a568       0x98 c:/users/isaiah/appdata/local/arduino15/packages/seeeduino/tools/arm-none-eabi-gcc/7-2017q4/bin/../lib/gcc/arm-none-eabi/7.2.1/../../../../arm-none-eabi/lib/thumb/v6-m\libc_nano.a(lib_a-mprec.o)
                0x0000a568                __b2d
 .text.__d2b    0x0000a600       0xa8 c:/users/isaiah/appdata/local/arduino15/packages/seeeduino/tools/arm-none-eabi-gcc/7-2017q4/bin/../lib/gcc/arm-none-eabi/7.2.1/../../../../arm-none-eabi/lib/thumb/v6-m\libc_nano.a(lib_a-mprec.o)
                0x0000a600                __d2b
 .text.__ratio  0x0000a6a8       0x4e c:/users/isaiah/appdata/local/arduino15/packages/seeeduino/tools/arm-none-eabi-gcc/7-2017q4/bin/../lib/gcc/arm-none-eabi/7.2.1/../../../../arm-none-eabi/lib/thumb/v6-m\libc_nano.a(lib_a-mprec.o)
                0x0000a6a8                __ratio
 .text.__copybits
                0x0000a6f6       0x2c c:/users/isaiah/appdata/local/arduino15/packages/seeeduino/tools/arm-none-eabi-gcc/7-2017q4/bin/../lib/gcc/arm-none-eabi/7.2.1/../../../../arm-none-eabi/lib/thumb/v6-m\libc_nano.a(lib_a-mprec.o)
                0x0000a6f6                __copybits
 .text.__any_on
                0x0000a722       0x44 c:/users/isaiah/appdata/local/arduino15/packages/seeeduino/tools/arm-none-eabi-gcc/7-2017q4/bin/../lib/gcc/arm-none-eabi/7.2.1/../../../../arm-none-eabi/lib/thumb/v6-m\libc_nano.a(lib_a-mprec.o)
                0x0000a722                __any_on
 .text._calloc_r
                0x0000a766       0x1c c:/users/isaiah/appdata/local/arduino15/packages/seeeduino/tools/arm-none-eabi-gcc/7-2017q4/bin/../lib/gcc/arm-none-eabi/7.2.1/../../../../arm-none-eabi/lib/thumb/v6-m\libc_nano.a(lib_a-nano-callocr.o)
                0x0000a766                _calloc_r
 .text._realloc_r
                0x0000a782       0x4c c:/users/isaiah/appdata/local/arduino15/packages/seeeduino/tools/arm-none-eabi-gcc/7-2017q4/bin/../lib/gcc/arm-none-eabi/7.2.1/../../../../arm-none-eabi/lib/thumb/v6-m\libc_nano.a(lib_a-nano-reallocr.o)
                0x0000a782                _realloc_r
 *fill*         0x0000a7ce        0x2 
 .text.__ssputs_r
                0x0000a7d0       0xc4 c:/users/isaiah/appdata/local/arduino15/packages/seeeduino/tools/arm-none-eabi-gcc/7-2017q4/bin/../lib/gcc/arm-none-eabi/7.2.1/../../../../arm-none-eabi/lib/thumb/v6-m\libc_nano.a(lib_a-nano-svfprintf.o)
                0x0000a7d0                __ssputs_r
 .text._svfprintf_r
                0x0000a894      0x1fc c:/users/isaiah/appdata/local/arduino15/packages/seeeduino/tools/arm-none-eabi-gcc/7-2017q4/bin/../lib/gcc/arm-none-eabi/7.2.1/../../../../arm-none-eabi/lib/thumb/v6-m\libc_nano.a(lib_a-nano-svfprintf.o)
                0x0000a894                _svfiprintf_r
                0x0000a894                _svfprintf_r
 .text._raise_r
                0x0000aa90       0x54 c:/users/isaiah/appdata/local/arduino15/packages/seeeduino/tools/arm-none-eabi-gcc/7-2017q4/bin/../lib/gcc/arm-none-eabi/7.2.1/../../../../arm-none-eabi/lib/thumb/v6-m\libc_nano.a(lib_a-signal.o)
                0x0000aa90                _raise_r
 .text.raise    0x0000aae4       0x14 c:/users/isaiah/appdata/local/arduino15/packages/seeeduino/tools/arm-none-eabi-gcc/7-2017q4/bin/../lib/gcc/arm-none-eabi/7.2.1/../../../../arm-none-eabi/lib/thumb/v6-m\libc_nano.a(lib_a-signal.o)
                0x0000aae4                raise
 .text._kill_r  0x0000aaf8       0x24 c:/users/isaiah/appdata/local/arduino15/packages/seeeduino/tools/arm-none-eabi-gcc/7-2017q4/bin/../lib/gcc/arm-none-eabi/7.2.1/../../../../arm-none-eabi/lib/thumb/v6-m\libc_nano.a(lib_a-signalr.o)
                0x0000aaf8                _kill_r
 .text._getpid_r
                0x0000ab1c        0x8 c:/users/isaiah/appdata/local/arduino15/packages/seeeduino/tools/arm-none-eabi-gcc/7-2017q4/bin/../lib/gcc/arm-none-eabi/7.2.1/../../../../arm-none-eabi/lib/thumb/v6-m\libc_nano.a(lib_a-signalr.o)
                0x0000ab1c                _getpid_r
 .text.__sread  0x0000ab24       0x28 c:/users/isaiah/appdata/local/arduino15/packages/seeeduino/tools/arm-none-eabi-gcc/7-2017q4/bin/../lib/gcc/arm-none-eabi/7.2.1/../../../../arm-none-eabi/lib/thumb/v6-m\libc_nano.a(lib_a-stdio.o)
                0x0000ab24                __sread
 .text.__swrite
                0x0000ab4c       0x38 c:/users/isaiah/appdata/local/arduino15/packages/seeeduino/tools/arm-none-eabi-gcc/7-2017q4/bin/../lib/gcc/arm-none-eabi/7.2.1/../../../../arm-none-eabi/lib/thumb/v6-m\libc_nano.a(lib_a-stdio.o)
                0x0000ab4c                __swrite
 .text.__sseek  0x0000ab84       0x2c c:/users/isaiah/appdata/local/arduino15/packages/seeeduino/tools/arm-none-eabi-gcc/7-2017q4/bin/../lib/gcc/arm-none-eabi/7.2.1/../../../../arm-none-eabi/lib/thumb/v6-m\libc_nano.a(lib_a-stdio.o)
                0x0000ab84                __sseek
 .text.__sclose
                0x0000abb0        0xc c:/users/isaiah/appdata/local/arduino15/packages/seeeduino/tools/arm-none-eabi-gcc/7-2017q4/bin/../lib/gcc/arm-none-eabi/7.2.1/../../../../arm-none-eabi/lib/thumb/v6-m\libc_nano.a(lib_a-stdio.o)
                0x0000abb0                __sclose
 .text.strncmp  0x0000abbc       0x22 c:/users/isaiah/appdata/local/arduino15/packages/seeeduino/tools/arm-none-eabi-gcc/7-2017q4/bin/../lib/gcc/arm-none-eabi/7.2.1/../../../../arm-none-eabi/lib/thumb/v6-m\libc_nano.a(lib_a-strncmp.o)
                0x0000abbc                strncmp
 .text.__ascii_wctomb
                0x0000abde       0x18 c:/users/isaiah/appdata/local/arduino15/packages/seeeduino/tools/arm-none-eabi-gcc/7-2017q4/bin/../lib/gcc/arm-none-eabi/7.2.1/../../../../arm-none-eabi/lib/thumb/v6-m\libc_nano.a(lib_a-wctomb_r.o)
                0x0000abde                __ascii_wctomb
 *fill*         0x0000abf6        0x2 
 .text._write_r
                0x0000abf8       0x28 c:/users/isaiah/appdata/local/arduino15/packages/seeeduino/tools/arm-none-eabi-gcc/7-2017q4/bin/../lib/gcc/arm-none-eabi/7.2.1/../../../../arm-none-eabi/lib/thumb/v6-m\libc_nano.a(lib_a-writer.o)
                0x0000abf8                _write_r
 .text._close_r
                0x0000ac20       0x24 c:/users/isaiah/appdata/local/arduino15/packages/seeeduino/tools/arm-none-eabi-gcc/7-2017q4/bin/../lib/gcc/arm-none-eabi/7.2.1/../../../../arm-none-eabi/lib/thumb/v6-m\libc_nano.a(lib_a-closer.o)
                0x0000ac20                _close_r
 .text._fstat_r
                0x0000ac44       0x24 c:/users/isaiah/appdata/local/arduino15/packages/seeeduino/tools/arm-none-eabi-gcc/7-2017q4/bin/../lib/gcc/arm-none-eabi/7.2.1/../../../../arm-none-eabi/lib/thumb/v6-m\libc_nano.a(lib_a-fstatr.o)
                0x0000ac44                _fstat_r
 .text._isatty_r
                0x0000ac68       0x24 c:/users/isaiah/appdata/local/arduino15/packages/seeeduino/tools/arm-none-eabi-gcc/7-2017q4/bin/../lib/gcc/arm-none-eabi/7.2.1/../../../../arm-none-eabi/lib/thumb/v6-m\libc_nano.a(lib_a-isattyr.o)
                0x0000ac68                _isatty_r
 .text._lseek_r
                0x0000ac8c       0x28 c:/users/isaiah/appdata/local/arduino15/packages/seeeduino/tools/arm-none-eabi-gcc/7-2017q4/bin/../lib/gcc/arm-none-eabi/7.2.1/../../../../arm-none-eabi/lib/thumb/v6-m\libc_nano.a(lib_a-lseekr.o)
                0x0000ac8c                _lseek_r
 .text._malloc_usable_size_r
                0x0000acb4       0x10 c:/users/isaiah/appdata/local/arduino15/packages/seeeduino/tools/arm-none-eabi-gcc/7-2017q4/bin/../lib/gcc/arm-none-eabi/7.2.1/../../../../arm-none-eabi/lib/thumb/v6-m\libc_nano.a(lib_a-nano-msizer.o)
                0x0000acb4                _malloc_usable_size_r
 .text._read_r  0x0000acc4       0x28 c:/users/isaiah/appdata/local/arduino15/packages/seeeduino/tools/arm-none-eabi-gcc/7-2017q4/bin/../lib/gcc/arm-none-eabi/7.2.1/../../../../arm-none-eabi/lib/thumb/v6-m\libc_nano.a(lib_a-readr.o)
                0x0000acc4                _read_r
 .text          0x0000acec       0x74 c:/users/isaiah/appdata/local/arduino15/packages/seeeduino/tools/arm-none-eabi-gcc/7-2017q4/bin/../lib/gcc/arm-none-eabi/7.2.1/thumb/v6-m\libgcc.a(floatsidf.o)
                0x0000acec                __aeabi_i2d
 .text          0x0000ad60      0x108 c:/users/isaiah/appdata/local/arduino15/packages/seeeduino/tools/arm-none-eabi-gcc/7-2017q4/bin/../lib/gcc/arm-none-eabi/7.2.1/thumb/v6-m\libgcc.a(truncdfsf2.o)
                0x0000ad60                __aeabi_d2f
 .text._close   0x0000ae68       0x10 c:/users/isaiah/appdata/local/arduino15/packages/seeeduino/tools/arm-none-eabi-gcc/7-2017q4/bin/../lib/gcc/arm-none-eabi/7.2.1/../../../../arm-none-eabi/lib/thumb/v6-m\libnosys.a(close.o)
                0x0000ae68                _close
 .text._fstat   0x0000ae78       0x10 c:/users/isaiah/appdata/local/arduino15/packages/seeeduino/tools/arm-none-eabi-gcc/7-2017q4/bin/../lib/gcc/arm-none-eabi/7.2.1/../../../../arm-none-eabi/lib/thumb/v6-m\libnosys.a(fstat.o)
                0x0000ae78                _fstat
 .text._getpid  0x0000ae88       0x10 c:/users/isaiah/appdata/local/arduino15/packages/seeeduino/tools/arm-none-eabi-gcc/7-2017q4/bin/../lib/gcc/arm-none-eabi/7.2.1/../../../../arm-none-eabi/lib/thumb/v6-m\libnosys.a(getpid.o)
                0x0000ae88                _getpid
 .text._isatty  0x0000ae98       0x10 c:/users/isaiah/appdata/local/arduino15/packages/seeeduino/tools/arm-none-eabi-gcc/7-2017q4/bin/../lib/gcc/arm-none-eabi/7.2.1/../../../../arm-none-eabi/lib/thumb/v6-m\libnosys.a(isatty.o)
                0x0000ae98                _isatty
 .text._kill    0x0000aea8       0x10 c:/users/isaiah/appdata/local/arduino15/packages/seeeduino/tools/arm-none-eabi-gcc/7-2017q4/bin/../lib/gcc/arm-none-eabi/7.2.1/../../../../arm-none-eabi/lib/thumb/v6-m\libnosys.a(kill.o)
                0x0000aea8                _kill
 .text._lseek   0x0000aeb8       0x10 c:/users/isaiah/appdata/local/arduino15/packages/seeeduino/tools/arm-none-eabi-gcc/7-2017q4/bin/../lib/gcc/arm-none-eabi/7.2.1/../../../../arm-none-eabi/lib/thumb/v6-m\libnosys.a(lseek.o)
                0x0000aeb8                _lseek
 .text._read    0x0000aec8       0x10 c:/users/isaiah/appdata/local/arduino15/packages/seeeduino/tools/arm-none-eabi-gcc/7-2017q4/bin/../lib/gcc/arm-none-eabi/7.2.1/../../../../arm-none-eabi/lib/thumb/v6-m\libnosys.a(read.o)
                0x0000aec8                _read
 .text._exit    0x0000aed8        0x4 c:/users/isaiah/appdata/local/arduino15/packages/seeeduino/tools/arm-none-eabi-gcc/7-2017q4/bin/../lib/gcc/arm-none-eabi/7.2.1/../../../../arm-none-eabi/lib/thumb/v6-m\libnosys.a(_exit.o)
                0x0000aed8                _exit
 *(.init)
 .init          0x0000aedc        0x4 c:/users/isaiah/appdata/local/arduino15/packages/seeeduino/tools/arm-none-eabi-gcc/7-2017q4/bin/../lib/gcc/arm-none-eabi/7.2.1/thumb/v6-m/crti.o
                0x0000aedc                _init
 .init          0x0000aee0        0x8 c:/users/isaiah/appdata/local/arduino15/packages/seeeduino/tools/arm-none-eabi-gcc/7-2017q4/bin/../lib/gcc/arm-none-eabi/7.2.1/thumb/v6-m/crtn.o
 *(.fini)
 .fini          0x0000aee8        0x4 c:/users/isaiah/appdata/local/arduino15/packages/seeeduino/tools/arm-none-eabi-gcc/7-2017q4/bin/../lib/gcc/arm-none-eabi/7.2.1/thumb/v6-m/crti.o
                0x0000aee8                _fini
 .fini          0x0000aeec        0x8 c:/users/isaiah/appdata/local/arduino15/packages/seeeduino/tools/arm-none-eabi-gcc/7-2017q4/bin/../lib/gcc/arm-none-eabi/7.2.1/thumb/v6-m/crtn.o
 *crtbegin.o(.ctors)
 *crtbegin?.o(.ctors)
 *(EXCLUDE_FILE(*crtend.o *crtend?.o) .ctors)
 *(SORT_BY_NAME(.ctors.*))
 *(.ctors)
 *crtbegin.o(.dtors)
 *crtbegin?.o(.dtors)
 *(EXCLUDE_FILE(*crtend.o *crtend?.o) .dtors)
 *(SORT_BY_NAME(.dtors.*))
 *(.dtors)
 *(.rodata*)
 .rodata._ZL6inputs
                0x0000aef4       0x1c c:\Users\Isaiah\Documents\Arduino\Sketches\Work_Macros\build\sketch\Work_Macros.ino.cpp.o
 .rodata._ZTV7TwoWire
                0x0000af10       0x24 c:\Users\Isaiah\Documents\Arduino\Sketches\Work_Macros\build\libraries\Wire\Wire.cpp.o
                0x0000af10                vtable for TwoWire
 .rodata._ZN8SPIClassC2EP6SERCOMhhh14SercomSpiTXPad11SercomRXPad.str1.1
                0x0000af34       0x76 c:\Users\Isaiah\Documents\Arduino\Sketches\Work_Macros\build\libraries\SPI\SPI.cpp.o
 .rodata._ZZN8SPIClassC4EP6SERCOMhhh14SercomSpiTXPad11SercomRXPadE19__PRETTY_FUNCTION__
                0x0000afaa       0x54 c:\Users\Isaiah\Documents\Arduino\Sketches\Work_Macros\build\libraries\SPI\SPI.cpp.o
 *fill*         0x0000affe        0x2 
 .rodata.g_APinDescription
                0x0000b000      0x198 c:\Users\Isaiah\Documents\Arduino\Sketches\Work_Macros\build\core\variant.cpp.o
                0x0000b000                g_APinDescription
 .rodata._ZL10sercomData
                0x0000b198       0x30 c:\Users\Isaiah\Documents\Arduino\Sketches\Work_Macros\build/core\core.a(SERCOM.cpp.o)
 .rodata._ZTV7Serial_
                0x0000b1c8       0x28 c:\Users\Isaiah\Documents\Arduino\Sketches\Work_Macros\build/core\core.a(CDC.cpp.o)
                0x0000b1c8                vtable for Serial_
 .rodata._ZTV26DoubleBufferedEPOutHandler
                0x0000b1f0       0x28 c:\Users\Isaiah\Documents\Arduino\Sketches\Work_Macros\build/core\core.a(USBCore.cpp.o)
                0x0000b1f0                vtable for DoubleBufferedEPOutHandler
 .rodata._ZL14STRING_PRODUCT
                0x0000b218        0xe c:\Users\Isaiah\Documents\Arduino\Sketches\Work_Macros\build/core\core.a(USBCore.cpp.o)
 .rodata._ZL15STRING_LANGUAGE
                0x0000b226        0x4 c:\Users\Isaiah\Documents\Arduino\Sketches\Work_Macros\build/core\core.a(USBCore.cpp.o)
 .rodata._ZL19STRING_MANUFACTURER
                0x0000b22a        0x6 c:\Users\Isaiah\Documents\Arduino\Sketches\Work_Macros\build/core\core.a(USBCore.cpp.o)
 .rodata._ZL20USB_DeviceDescriptor
                0x0000b230       0x12 c:\Users\Isaiah\Documents\Arduino\Sketches\Work_Macros\build/core\core.a(USBCore.cpp.o)
 .rodata._ZL21USB_DeviceDescriptorB
                0x0000b242       0x12 c:\Users\Isaiah\Documents\Arduino\Sketches\Work_Macros\build/core\core.a(USBCore.cpp.o)
 .rodata._ZTV4Uart
                0x0000b254       0x34 c:\Users\Isaiah\Documents\Arduino\Sketches\Work_Macros\build/core\core.a(Uart.cpp.o)
                0x0000b254                vtable for Uart
 .rodata        0x0000b288       0x40 c:/users/isaiah/appdata/local/arduino15/packages/seeeduino/tools/arm-none-eabi-gcc/7-2017q4/bin/../lib/gcc/arm-none-eabi/7.2.1/thumb/v6-m\libgcc.a(divdf3.o)
 .rodata        0x0000b2c8       0x40 c:/users/isaiah/appdata/local/arduino15/packages/seeeduino/tools/arm-none-eabi-gcc/7-2017q4/bin/../lib/gcc/arm-none-eabi/7.2.1/thumb/v6-m\libgcc.a(muldf3.o)
 .rodata.__assert_func.str1.1
                0x0000b308       0x3c c:/users/isaiah/appdata/local/arduino15/packages/seeeduino/tools/arm-none-eabi-gcc/7-2017q4/bin/../lib/gcc/arm-none-eabi/7.2.1/../../../../arm-none-eabi/lib/thumb/v6-m\libc_nano.a(lib_a-assert.o)
                                 0x3d (size before relaxing)
 .rodata._global_impure_ptr
                0x0000b344        0x4 c:/users/isaiah/appdata/local/arduino15/packages/seeeduino/tools/arm-none-eabi-gcc/7-2017q4/bin/../lib/gcc/arm-none-eabi/7.2.1/../../../../arm-none-eabi/lib/thumb/v6-m\libc_nano.a(lib_a-impure.o)
                0x0000b344                _global_impure_ptr
 .rodata._vfprintf_r.str1.1
                0x0000b348       0x11 c:/users/isaiah/appdata/local/arduino15/packages/seeeduino/tools/arm-none-eabi-gcc/7-2017q4/bin/../lib/gcc/arm-none-eabi/7.2.1/../../../../arm-none-eabi/lib/thumb/v6-m\libc_nano.a(lib_a-nano-vfprintf.o)
 .rodata._printf_float.str1.1
                0x0000b359       0x12 c:/users/isaiah/appdata/local/arduino15/packages/seeeduino/tools/arm-none-eabi-gcc/7-2017q4/bin/../lib/gcc/arm-none-eabi/7.2.1/../../../../arm-none-eabi/lib/thumb/v6-m\libc_nano.a(lib_a-nano-vfprintf_float.o)
 .rodata._printf_i.str1.1
                0x0000b36b       0x22 c:/users/isaiah/appdata/local/arduino15/packages/seeeduino/tools/arm-none-eabi-gcc/7-2017q4/bin/../lib/gcc/arm-none-eabi/7.2.1/../../../../arm-none-eabi/lib/thumb/v6-m\libc_nano.a(lib_a-nano-vfprintf_i.o)
 .rodata._scanf_float.str1.1
                0x0000b38d        0x5 c:/users/isaiah/appdata/local/arduino15/packages/seeeduino/tools/arm-none-eabi-gcc/7-2017q4/bin/../lib/gcc/arm-none-eabi/7.2.1/../../../../arm-none-eabi/lib/thumb/v6-m\libc_nano.a(lib_a-nano-vfscanf_float.o)
 .rodata._strtod_l.str1.1
                0x0000b392        0x5 c:/users/isaiah/appdata/local/arduino15/packages/seeeduino/tools/arm-none-eabi-gcc/7-2017q4/bin/../lib/gcc/arm-none-eabi/7.2.1/../../../../arm-none-eabi/lib/thumb/v6-m\libc_nano.a(lib_a-strtod.o)
                                  0xc (size before relaxing)
 *fill*         0x0000b392        0x2 
 .rodata.fpi.6156
                0x0000b394       0x14 c:/users/isaiah/appdata/local/arduino15/packages/seeeduino/tools/arm-none-eabi-gcc/7-2017q4/bin/../lib/gcc/arm-none-eabi/7.2.1/../../../../arm-none-eabi/lib/thumb/v6-m\libc_nano.a(lib_a-strtod.o)
 .rodata.fpinan.6192
                0x0000b3a8       0x14 c:/users/isaiah/appdata/local/arduino15/packages/seeeduino/tools/arm-none-eabi-gcc/7-2017q4/bin/../lib/gcc/arm-none-eabi/7.2.1/../../../../arm-none-eabi/lib/thumb/v6-m\libc_nano.a(lib_a-strtod.o)
 *fill*         0x0000b3bc        0x4 
 .rodata.tinytens
                0x0000b3c0       0x28 c:/users/isaiah/appdata/local/arduino15/packages/seeeduino/tools/arm-none-eabi-gcc/7-2017q4/bin/../lib/gcc/arm-none-eabi/7.2.1/../../../../arm-none-eabi/lib/thumb/v6-m\libc_nano.a(lib_a-strtod.o)
 .rodata._dtoa_r.str1.1
                0x0000b3e8        0xd c:/users/isaiah/appdata/local/arduino15/packages/seeeduino/tools/arm-none-eabi-gcc/7-2017q4/bin/../lib/gcc/arm-none-eabi/7.2.1/../../../../arm-none-eabi/lib/thumb/v6-m\libc_nano.a(lib_a-dtoa.o)
                                  0xf (size before relaxing)
 *fill*         0x0000b3f5        0x3 
 .rodata.__sf_fake_stderr
                0x0000b3f8       0x20 c:/users/isaiah/appdata/local/arduino15/packages/seeeduino/tools/arm-none-eabi-gcc/7-2017q4/bin/../lib/gcc/arm-none-eabi/7.2.1/../../../../arm-none-eabi/lib/thumb/v6-m\libc_nano.a(lib_a-findfp.o)
                0x0000b3f8                __sf_fake_stderr
 .rodata.__sf_fake_stdin
                0x0000b418       0x20 c:/users/isaiah/appdata/local/arduino15/packages/seeeduino/tools/arm-none-eabi-gcc/7-2017q4/bin/../lib/gcc/arm-none-eabi/7.2.1/../../../../arm-none-eabi/lib/thumb/v6-m\libc_nano.a(lib_a-findfp.o)
                0x0000b418                __sf_fake_stdin
 .rodata.__sf_fake_stdout
                0x0000b438       0x20 c:/users/isaiah/appdata/local/arduino15/packages/seeeduino/tools/arm-none-eabi-gcc/7-2017q4/bin/../lib/gcc/arm-none-eabi/7.2.1/../../../../arm-none-eabi/lib/thumb/v6-m\libc_nano.a(lib_a-findfp.o)
                0x0000b438                __sf_fake_stdout
 .rodata._setlocale_r.str1.1
                0x0000b458        0x8 c:/users/isaiah/appdata/local/arduino15/packages/seeeduino/tools/arm-none-eabi-gcc/7-2017q4/bin/../lib/gcc/arm-none-eabi/7.2.1/../../../../arm-none-eabi/lib/thumb/v6-m\libc_nano.a(lib_a-locale.o)
                                  0x9 (size before relaxing)
 .rodata.str1.1
                0x0000b460        0x2 c:/users/isaiah/appdata/local/arduino15/packages/seeeduino/tools/arm-none-eabi-gcc/7-2017q4/bin/../lib/gcc/arm-none-eabi/7.2.1/../../../../arm-none-eabi/lib/thumb/v6-m\libc_nano.a(lib_a-locale.o)
 *fill*         0x0000b462        0x6 
 .rodata.__mprec_bigtens
                0x0000b468       0x28 c:/users/isaiah/appdata/local/arduino15/packages/seeeduino/tools/arm-none-eabi-gcc/7-2017q4/bin/../lib/gcc/arm-none-eabi/7.2.1/../../../../arm-none-eabi/lib/thumb/v6-m\libc_nano.a(lib_a-mprec.o)
                0x0000b468                __mprec_bigtens
 .rodata.__mprec_tens
                0x0000b490       0xc8 c:/users/isaiah/appdata/local/arduino15/packages/seeeduino/tools/arm-none-eabi-gcc/7-2017q4/bin/../lib/gcc/arm-none-eabi/7.2.1/../../../../arm-none-eabi/lib/thumb/v6-m\libc_nano.a(lib_a-mprec.o)
                0x0000b490                __mprec_tens
 .rodata.p05.6084
                0x0000b558        0xc c:/users/isaiah/appdata/local/arduino15/packages/seeeduino/tools/arm-none-eabi-gcc/7-2017q4/bin/../lib/gcc/arm-none-eabi/7.2.1/../../../../arm-none-eabi/lib/thumb/v6-m\libc_nano.a(lib_a-mprec.o)
 .rodata._svfprintf_r.str1.1
                0x0000b564       0x11 c:/users/isaiah/appdata/local/arduino15/packages/seeeduino/tools/arm-none-eabi-gcc/7-2017q4/bin/../lib/gcc/arm-none-eabi/7.2.1/../../../../arm-none-eabi/lib/thumb/v6-m\libc_nano.a(lib_a-nano-svfprintf.o)
 .rodata._ctype_
                0x0000b564      0x101 c:/users/isaiah/appdata/local/arduino15/packages/seeeduino/tools/arm-none-eabi-gcc/7-2017q4/bin/../lib/gcc/arm-none-eabi/7.2.1/../../../../arm-none-eabi/lib/thumb/v6-m\libc_nano.a(lib_a-ctype_.o)
                0x0000b564                _ctype_
 *(.eh_frame*)
 *fill*         0x0000b665        0x3 
 .eh_frame      0x0000b668        0x0 c:/users/isaiah/appdata/local/arduino15/packages/seeeduino/tools/arm-none-eabi-gcc/7-2017q4/bin/../lib/gcc/arm-none-eabi/7.2.1/thumb/v6-m/crtbegin.o
 .eh_frame      0x0000b668        0x4 c:/users/isaiah/appdata/local/arduino15/packages/seeeduino/tools/arm-none-eabi-gcc/7-2017q4/bin/../lib/gcc/arm-none-eabi/7.2.1/thumb/v6-m/crtend.o

.glue_7         0x0000b66c        0x0
 .glue_7        0x0000b66c        0x0 linker stubs

.glue_7t        0x0000b66c        0x0
 .glue_7t       0x0000b66c        0x0 linker stubs

.vfp11_veneer   0x0000b66c        0x0
 .vfp11_veneer  0x0000b66c        0x0 linker stubs

.v4_bx          0x0000b66c        0x0
 .v4_bx         0x0000b66c        0x0 linker stubs

.iplt           0x0000b66c        0x0
 .iplt          0x0000b66c        0x0 c:/users/isaiah/appdata/local/arduino15/packages/seeeduino/tools/arm-none-eabi-gcc/7-2017q4/bin/../lib/gcc/arm-none-eabi/7.2.1/thumb/v6-m/crtbegin.o

.rel.dyn        0x0000b66c        0x0
 .rel.iplt      0x0000b66c        0x0 c:/users/isaiah/appdata/local/arduino15/packages/seeeduino/tools/arm-none-eabi-gcc/7-2017q4/bin/../lib/gcc/arm-none-eabi/7.2.1/thumb/v6-m/crtbegin.o

.ARM.extab
 *(.ARM.extab* .gnu.linkonce.armextab.*)
                0x0000b66c                __exidx_start = .

.ARM.exidx
 *(.ARM.exidx* .gnu.linkonce.armexidx.*)
                0x0000b66c                __exidx_end = .
                0x0000b66c                __etext = .

.data           0x20000000      0x270 load address 0x0000b66c
                0x20000000                __data_start__ = .
 *(vtable)
 *(.data*)
 .data.SystemCoreClock
                0x20000000        0x4 c:\Users\Isaiah\Documents\Arduino\Sketches\Work_Macros\build/core\core.a(wiring.c.o)
                0x20000000                SystemCoreClock
 .data._ZL5ticks
                0x20000004        0x4 c:\Users\Isaiah\Documents\Arduino\Sketches\Work_Macros\build/core\core.a(Reset.cpp.o)
 .data._ZL10breakValue
                0x20000008        0x4 c:\Users\Isaiah\Documents\Arduino\Sketches\Work_Macros\build/core\core.a(CDC.cpp.o)
 .data._ZL12_usbLineInfo
                0x2000000c        0x8 c:\Users\Isaiah\Documents\Arduino\Sketches\Work_Macros\build/core\core.a(CDC.cpp.o)
 .data._ZL13_cdcInterface
                0x20000014       0x42 c:\Users\Isaiah\Documents\Arduino\Sketches\Work_Macros\build/core\core.a(CDC.cpp.o)
 *fill*         0x20000056        0x2 
 .data._serialPeek
                0x20000058        0x4 c:\Users\Isaiah\Documents\Arduino\Sketches\Work_Macros\build/core\core.a(CDC.cpp.o)
                0x20000058                _serialPeek
 .data.EndPoints
                0x2000005c       0x28 c:\Users\Isaiah\Documents\Arduino\Sketches\Work_Macros\build/core\core.a(USBCore.cpp.o)
                0x2000005c                EndPoints
 .data._impure_ptr
                0x20000084        0x4 c:/users/isaiah/appdata/local/arduino15/packages/seeeduino/tools/arm-none-eabi-gcc/7-2017q4/bin/../lib/gcc/arm-none-eabi/7.2.1/../../../../arm-none-eabi/lib/thumb/v6-m\libc_nano.a(lib_a-impure.o)
                0x20000084                _impure_ptr
 .data.impure_data
                0x20000088       0x60 c:/users/isaiah/appdata/local/arduino15/packages/seeeduino/tools/arm-none-eabi-gcc/7-2017q4/bin/../lib/gcc/arm-none-eabi/7.2.1/../../../../arm-none-eabi/lib/thumb/v6-m\libc_nano.a(lib_a-impure.o)
 .data.__global_locale